[2025-10-01T16:38:59.111+0000] {local_task_job_runner.py:120} INFO - ::group::Pre task execution logs
[2025-10-01T16:38:59.211+0000] {taskinstance.py:2076} INFO - Dependencies all met for dep_context=non-requeueable deps ti=<TaskInstance: pipeline_orchestrate.T_in_ELT manual__2025-10-01T16:34:53.772631+00:00 [queued]>
[2025-10-01T16:38:59.230+0000] {taskinstance.py:2076} INFO - Dependencies all met for dep_context=requeueable deps ti=<TaskInstance: pipeline_orchestrate.T_in_ELT manual__2025-10-01T16:34:53.772631+00:00 [queued]>
[2025-10-01T16:38:59.231+0000] {taskinstance.py:2306} INFO - Starting attempt 1 of 2
[2025-10-01T16:38:59.271+0000] {taskinstance.py:2330} INFO - Executing <Task(DockerOperator): T_in_ELT> on 2025-10-01 16:34:53.772631+00:00
[2025-10-01T16:38:59.312+0000] {logging_mixin.py:188} WARNING - /home/***/.local/lib/python3.12/site-packages/***/task/task_runner/standard_task_runner.py:62 DeprecationWarning: This process (pid=327) is multi-threaded, use of fork() may lead to deadlocks in the child.
[2025-10-01T16:38:59.306+0000] {standard_task_runner.py:90} INFO - Running: ['***', 'tasks', 'run', 'pipeline_orchestrate', 'T_in_ELT', 'manual__2025-10-01T16:34:53.772631+00:00', '--job-id', '116', '--raw', '--subdir', 'DAGS_FOLDER/orchestrate.py', '--cfg-path', '/tmp/tmpal7zj18e']
[2025-10-01T16:38:59.315+0000] {standard_task_runner.py:64} INFO - Started process 332 to run task
[2025-10-01T16:38:59.315+0000] {standard_task_runner.py:91} INFO - Job 116: Subtask T_in_ELT
[2025-10-01T16:38:59.522+0000] {task_command.py:426} INFO - Running <TaskInstance: pipeline_orchestrate.T_in_ELT manual__2025-10-01T16:34:53.772631+00:00 [running]> on host 4dc03bc859db
[2025-10-01T16:38:59.766+0000] {taskinstance.py:2648} INFO - Exporting env vars: AIRFLOW_CTX_DAG_OWNER='***' AIRFLOW_CTX_DAG_ID='pipeline_orchestrate' AIRFLOW_CTX_TASK_ID='T_in_ELT' AIRFLOW_CTX_EXECUTION_DATE='2025-10-01T16:34:53.772631+00:00' AIRFLOW_CTX_TRY_NUMBER='1' AIRFLOW_CTX_DAG_RUN_ID='manual__2025-10-01T16:34:53.772631+00:00'
[2025-10-01T16:38:59.768+0000] {taskinstance.py:430} INFO - ::endgroup::
[2025-10-01T16:39:00.420+0000] {docker.py:367} INFO - Starting docker container from image ghcr.io/dbt-labs/dbt-postgres:1.9.latest
[2025-10-01T16:39:07.974+0000] {docker.py:438} INFO - Usage: dbt [OPTIONS] COMMAND [ARGS]...
[2025-10-01T16:39:07.977+0000] {docker.py:438} INFO - Try 'dbt -h' for help.
[2025-10-01T16:39:07.977+0000] {docker.py:438} INFO - 
[2025-10-01T16:39:07.978+0000] {docker.py:438} INFO - Error: No such command 'dbt'.
[2025-10-01T16:39:10.440+0000] {taskinstance.py:441} INFO - ::group::Post task execution logs
[2025-10-01T16:39:10.474+0000] {taskinstance.py:2905} ERROR - Task failed with exception
Traceback (most recent call last):
  File "/home/airflow/.local/lib/python3.12/site-packages/airflow/models/taskinstance.py", line 465, in _execute_task
    result = _execute_callable(context=context, **execute_callable_kwargs)
             ^^^^^^^^^^^^^^^^^^^^^^^^^^^^^^^^^^^^^^^^^^^^^^^^^^^^^^^^^^^^^
  File "/home/airflow/.local/lib/python3.12/site-packages/airflow/models/taskinstance.py", line 432, in _execute_callable
    return execute_callable(context=context, **execute_callable_kwargs)
           ^^^^^^^^^^^^^^^^^^^^^^^^^^^^^^^^^^^^^^^^^^^^^^^^^^^^^^^^^^^^
  File "/home/airflow/.local/lib/python3.12/site-packages/airflow/models/baseoperator.py", line 401, in wrapper
    return func(self, *args, **kwargs)
           ^^^^^^^^^^^^^^^^^^^^^^^^^^^
  File "/home/airflow/.local/lib/python3.12/site-packages/airflow/providers/docker/operators/docker.py", line 513, in execute
    return self._run_image()
           ^^^^^^^^^^^^^^^^^
  File "/home/airflow/.local/lib/python3.12/site-packages/airflow/providers/docker/operators/docker.py", line 372, in _run_image
    return self._run_image_with_mounts([*self.mounts, tmp_mount], add_tmp_variable=True)
           ^^^^^^^^^^^^^^^^^^^^^^^^^^^^^^^^^^^^^^^^^^^^^^^^^^^^^^^^^^^^^^^^^^^^^^^^^^^^^
  File "/home/airflow/.local/lib/python3.12/site-packages/airflow/providers/docker/operators/docker.py", line 446, in _run_image_with_mounts
    raise DockerContainerFailedException(f"Docker container failed: {result!r}", logs=log_lines)
airflow.providers.docker.exceptions.DockerContainerFailedException: Docker container failed: {'StatusCode': 2}
[2025-10-01T16:39:10.488+0000] {taskinstance.py:1206} INFO - Marking task as UP_FOR_RETRY. dag_id=pipeline_orchestrate, task_id=T_in_ELT, run_id=manual__2025-10-01T16:34:53.772631+00:00, execution_date=20251001T163453, start_date=20251001T163859, end_date=20251001T163910
[2025-10-01T16:39:10.515+0000] {standard_task_runner.py:110} ERROR - Failed to execute job 116 for task T_in_ELT (Docker container failed: {'StatusCode': 2}; 332)
[2025-10-01T16:39:10.553+0000] {local_task_job_runner.py:243} INFO - Task exited with return code 1
[2025-10-01T16:39:10.604+0000] {taskinstance.py:3503} INFO - 0 downstream tasks scheduled from follow-on schedule check
[2025-10-01T16:39:10.612+0000] {local_task_job_runner.py:222} INFO - ::endgroup::
