[2025-09-29T15:18:54.952+0000] {local_task_job_runner.py:120} INFO - ::group::Pre task execution logs
[2025-09-29T15:18:55.027+0000] {taskinstance.py:2076} INFO - Dependencies all met for dep_context=non-requeueable deps ti=<TaskInstance: pipeline_orchestrate.load_data_from_S3 scheduled__2025-09-29T14:00:00+00:00 [queued]>
[2025-09-29T15:18:55.045+0000] {taskinstance.py:2076} INFO - Dependencies all met for dep_context=requeueable deps ti=<TaskInstance: pipeline_orchestrate.load_data_from_S3 scheduled__2025-09-29T14:00:00+00:00 [queued]>
[2025-09-29T15:18:55.046+0000] {taskinstance.py:2306} INFO - Starting attempt 1 of 2
[2025-09-29T15:18:55.076+0000] {taskinstance.py:2330} INFO - Executing <Task(PythonOperator): load_data_from_S3> on 2025-09-29 14:00:00+00:00
[2025-09-29T15:18:55.102+0000] {standard_task_runner.py:90} INFO - Running: ['***', 'tasks', 'run', 'pipeline_orchestrate', 'load_data_from_S3', 'scheduled__2025-09-29T14:00:00+00:00', '--job-id', '16', '--raw', '--subdir', 'DAGS_FOLDER/orchestrate.py', '--cfg-path', '/tmp/tmpq_21no4r']
[2025-09-29T15:18:55.108+0000] {standard_task_runner.py:91} INFO - Job 16: Subtask load_data_from_S3
[2025-09-29T15:18:55.109+0000] {logging_mixin.py:188} WARNING - /home/***/.local/lib/python3.12/site-packages/***/task/task_runner/standard_task_runner.py:62 DeprecationWarning: This process (pid=171) is multi-threaded, use of fork() may lead to deadlocks in the child.
[2025-09-29T15:18:55.110+0000] {standard_task_runner.py:64} INFO - Started process 176 to run task
[2025-09-29T15:18:55.241+0000] {task_command.py:426} INFO - Running <TaskInstance: pipeline_orchestrate.load_data_from_S3 scheduled__2025-09-29T14:00:00+00:00 [running]> on host ef24b48a52c1
[2025-09-29T15:18:55.473+0000] {taskinstance.py:2648} INFO - Exporting env vars: AIRFLOW_CTX_DAG_OWNER='***' AIRFLOW_CTX_DAG_ID='pipeline_orchestrate' AIRFLOW_CTX_TASK_ID='load_data_from_S3' AIRFLOW_CTX_EXECUTION_DATE='2025-09-29T14:00:00+00:00' AIRFLOW_CTX_TRY_NUMBER='1' AIRFLOW_CTX_DAG_RUN_ID='scheduled__2025-09-29T14:00:00+00:00'
[2025-09-29T15:18:55.475+0000] {taskinstance.py:430} INFO - ::endgroup::
[2025-09-29T15:18:59.562+0000] {taskinstance.py:441} INFO - ::group::Post task execution logs
[2025-09-29T15:18:59.563+0000] {taskinstance.py:2905} ERROR - Task failed with exception
Traceback (most recent call last):
  File "/home/airflow/.local/lib/python3.12/site-packages/airflow/models/taskinstance.py", line 465, in _execute_task
    result = _execute_callable(context=context, **execute_callable_kwargs)
             ^^^^^^^^^^^^^^^^^^^^^^^^^^^^^^^^^^^^^^^^^^^^^^^^^^^^^^^^^^^^^
  File "/home/airflow/.local/lib/python3.12/site-packages/airflow/models/taskinstance.py", line 432, in _execute_callable
    return execute_callable(context=context, **execute_callable_kwargs)
           ^^^^^^^^^^^^^^^^^^^^^^^^^^^^^^^^^^^^^^^^^^^^^^^^^^^^^^^^^^^^
  File "/home/airflow/.local/lib/python3.12/site-packages/airflow/models/baseoperator.py", line 401, in wrapper
    return func(self, *args, **kwargs)
           ^^^^^^^^^^^^^^^^^^^^^^^^^^^
  File "/home/airflow/.local/lib/python3.12/site-packages/airflow/operators/python.py", line 235, in execute
    return_value = self.execute_callable()
                   ^^^^^^^^^^^^^^^^^^^^^^^
  File "/home/airflow/.local/lib/python3.12/site-packages/airflow/operators/python.py", line 252, in execute_callable
    return self.python_callable(*self.op_args, **self.op_kwargs)
           ^^^^^^^^^^^^^^^^^^^^^^^^^^^^^^^^^^^^^^^^^^^^^^^^^^^^^
  File "/opt/airflow/dags/orchestrate.py", line 14, in pull_rawfile
    s3.download_file(bucket_name,file_path_s3,local_file)
  File "/home/airflow/.local/lib/python3.12/site-packages/boto3/s3/inject.py", line 192, in download_file
    return transfer.download_file(
           ^^^^^^^^^^^^^^^^^^^^^^^
  File "/home/airflow/.local/lib/python3.12/site-packages/boto3/s3/transfer.py", line 406, in download_file
    future.result()
  File "/home/airflow/.local/lib/python3.12/site-packages/s3transfer/futures.py", line 103, in result
    return self._coordinator.result()
           ^^^^^^^^^^^^^^^^^^^^^^^^^^
  File "/home/airflow/.local/lib/python3.12/site-packages/s3transfer/futures.py", line 266, in result
    raise self._exception
  File "/home/airflow/.local/lib/python3.12/site-packages/s3transfer/tasks.py", line 139, in __call__
    return self._execute_main(kwargs)
           ^^^^^^^^^^^^^^^^^^^^^^^^^^
  File "/home/airflow/.local/lib/python3.12/site-packages/s3transfer/tasks.py", line 162, in _execute_main
    return_value = self._main(**kwargs)
                   ^^^^^^^^^^^^^^^^^^^^
  File "/home/airflow/.local/lib/python3.12/site-packages/s3transfer/download.py", line 642, in _main
    fileobj.seek(offset)
  File "/home/airflow/.local/lib/python3.12/site-packages/s3transfer/utils.py", line 387, in seek
    self._open_if_needed()
  File "/home/airflow/.local/lib/python3.12/site-packages/s3transfer/utils.py", line 370, in _open_if_needed
    self._fileobj = self._open_function(self._filename, self._mode)
                    ^^^^^^^^^^^^^^^^^^^^^^^^^^^^^^^^^^^^^^^^^^^^^^^
  File "/home/airflow/.local/lib/python3.12/site-packages/s3transfer/utils.py", line 281, in open
    return open(filename, mode)
           ^^^^^^^^^^^^^^^^^^^^
FileNotFoundError: [Errno 2] No such file or directory: '/home/dprdcl/archive/crm_db.csv.48F74B1D'
[2025-09-29T15:18:59.594+0000] {taskinstance.py:1206} INFO - Marking task as UP_FOR_RETRY. dag_id=pipeline_orchestrate, task_id=load_data_from_S3, run_id=scheduled__2025-09-29T14:00:00+00:00, execution_date=20250929T140000, start_date=20250929T151855, end_date=20250929T151859
[2025-09-29T15:18:59.655+0000] {standard_task_runner.py:110} ERROR - Failed to execute job 16 for task load_data_from_S3 ([Errno 2] No such file or directory: '/home/dprdcl/archive/crm_db.csv.48F74B1D'; 176)
[2025-09-29T15:18:59.721+0000] {local_task_job_runner.py:243} INFO - Task exited with return code 1
[2025-09-29T15:18:59.774+0000] {taskinstance.py:3503} INFO - 0 downstream tasks scheduled from follow-on schedule check
[2025-09-29T15:18:59.780+0000] {local_task_job_runner.py:222} INFO - ::endgroup::
