[2025-09-28T15:41:01.255+0000] {processor.py:161} INFO - Started process (PID=418) to work on /opt/airflow/dags/orchestrate.py
[2025-09-28T15:41:01.258+0000] {processor.py:830} INFO - Processing file /opt/airflow/dags/orchestrate.py for tasks to queue
[2025-09-28T15:41:01.283+0000] {logging_mixin.py:188} INFO - [2025-09-28T15:41:01.278+0000] {dagbag.py:545} INFO - Filling up the DagBag from /opt/airflow/dags/orchestrate.py
[2025-09-28T15:41:01.659+0000] {processor.py:840} INFO - DAG(s) 'pipeline_orchestrate' retrieved from /opt/airflow/dags/orchestrate.py
[2025-09-28T15:41:01.918+0000] {logging_mixin.py:188} INFO - [2025-09-28T15:41:01.918+0000] {dag.py:3089} INFO - Sync 1 DAGs
[2025-09-28T15:41:02.087+0000] {logging_mixin.py:188} INFO - [2025-09-28T15:41:02.086+0000] {dag.py:3947} INFO - Setting next_dagrun for pipeline_orchestrate to 2025-09-28 15:40:00+00:00, run_after=2025-09-28 15:41:00+00:00
[2025-09-28T15:41:02.498+0000] {processor.py:183} INFO - Processing /opt/airflow/dags/orchestrate.py took 1.274 seconds
[2025-09-28T15:41:33.115+0000] {processor.py:161} INFO - Started process (PID=423) to work on /opt/airflow/dags/orchestrate.py
[2025-09-28T15:41:33.125+0000] {processor.py:830} INFO - Processing file /opt/airflow/dags/orchestrate.py for tasks to queue
[2025-09-28T15:41:33.148+0000] {logging_mixin.py:188} INFO - [2025-09-28T15:41:33.145+0000] {dagbag.py:545} INFO - Filling up the DagBag from /opt/airflow/dags/orchestrate.py
[2025-09-28T15:41:33.262+0000] {processor.py:840} INFO - DAG(s) 'pipeline_orchestrate' retrieved from /opt/airflow/dags/orchestrate.py
[2025-09-28T15:41:33.516+0000] {logging_mixin.py:188} INFO - [2025-09-28T15:41:33.516+0000] {dag.py:3089} INFO - Sync 1 DAGs
[2025-09-28T15:41:33.706+0000] {logging_mixin.py:188} INFO - [2025-09-28T15:41:33.703+0000] {dag.py:3947} INFO - Setting next_dagrun for pipeline_orchestrate to 2025-09-28 15:40:00+00:00, run_after=2025-09-28 15:41:00+00:00
[2025-09-28T15:41:33.930+0000] {processor.py:183} INFO - Processing /opt/airflow/dags/orchestrate.py took 0.887 seconds
[2025-09-28T15:42:04.495+0000] {processor.py:161} INFO - Started process (PID=428) to work on /opt/airflow/dags/orchestrate.py
[2025-09-28T15:42:04.518+0000] {processor.py:830} INFO - Processing file /opt/airflow/dags/orchestrate.py for tasks to queue
[2025-09-28T15:42:04.551+0000] {logging_mixin.py:188} INFO - [2025-09-28T15:42:04.547+0000] {dagbag.py:545} INFO - Filling up the DagBag from /opt/airflow/dags/orchestrate.py
[2025-09-28T15:42:04.681+0000] {processor.py:840} INFO - DAG(s) 'pipeline_orchestrate' retrieved from /opt/airflow/dags/orchestrate.py
[2025-09-28T15:42:05.002+0000] {logging_mixin.py:188} INFO - [2025-09-28T15:42:05.002+0000] {dag.py:3089} INFO - Sync 1 DAGs
[2025-09-28T15:42:05.148+0000] {logging_mixin.py:188} INFO - [2025-09-28T15:42:05.147+0000] {dag.py:3947} INFO - Setting next_dagrun for pipeline_orchestrate to 2025-09-28 15:41:00+00:00, run_after=2025-09-28 15:42:00+00:00
[2025-09-28T15:42:06.012+0000] {processor.py:183} INFO - Processing /opt/airflow/dags/orchestrate.py took 1.677 seconds
[2025-09-28T15:42:36.465+0000] {processor.py:161} INFO - Started process (PID=433) to work on /opt/airflow/dags/orchestrate.py
[2025-09-28T15:42:36.480+0000] {processor.py:830} INFO - Processing file /opt/airflow/dags/orchestrate.py for tasks to queue
[2025-09-28T15:42:36.497+0000] {logging_mixin.py:188} INFO - [2025-09-28T15:42:36.496+0000] {dagbag.py:545} INFO - Filling up the DagBag from /opt/airflow/dags/orchestrate.py
[2025-09-28T15:42:36.533+0000] {processor.py:840} INFO - DAG(s) 'pipeline_orchestrate' retrieved from /opt/airflow/dags/orchestrate.py
[2025-09-28T15:42:36.641+0000] {logging_mixin.py:188} INFO - [2025-09-28T15:42:36.640+0000] {dag.py:3089} INFO - Sync 1 DAGs
[2025-09-28T15:42:36.732+0000] {logging_mixin.py:188} INFO - [2025-09-28T15:42:36.731+0000] {dag.py:3947} INFO - Setting next_dagrun for pipeline_orchestrate to 2025-09-28 15:41:00+00:00, run_after=2025-09-28 15:42:00+00:00
[2025-09-28T15:42:37.009+0000] {processor.py:183} INFO - Processing /opt/airflow/dags/orchestrate.py took 0.562 seconds
[2025-09-28T15:43:07.474+0000] {processor.py:161} INFO - Started process (PID=438) to work on /opt/airflow/dags/orchestrate.py
[2025-09-28T15:43:07.481+0000] {processor.py:830} INFO - Processing file /opt/airflow/dags/orchestrate.py for tasks to queue
[2025-09-28T15:43:07.489+0000] {logging_mixin.py:188} INFO - [2025-09-28T15:43:07.488+0000] {dagbag.py:545} INFO - Filling up the DagBag from /opt/airflow/dags/orchestrate.py
[2025-09-28T15:43:07.531+0000] {processor.py:840} INFO - DAG(s) 'pipeline_orchestrate' retrieved from /opt/airflow/dags/orchestrate.py
[2025-09-28T15:43:07.651+0000] {logging_mixin.py:188} INFO - [2025-09-28T15:43:07.651+0000] {dag.py:3089} INFO - Sync 1 DAGs
[2025-09-28T15:43:07.715+0000] {logging_mixin.py:188} INFO - [2025-09-28T15:43:07.714+0000] {dag.py:3947} INFO - Setting next_dagrun for pipeline_orchestrate to 2025-09-28 15:42:00+00:00, run_after=2025-09-28 15:43:00+00:00
[2025-09-28T15:43:07.771+0000] {processor.py:183} INFO - Processing /opt/airflow/dags/orchestrate.py took 0.324 seconds
[2025-09-28T15:43:38.404+0000] {processor.py:161} INFO - Started process (PID=443) to work on /opt/airflow/dags/orchestrate.py
[2025-09-28T15:43:39.322+0000] {processor.py:830} INFO - Processing file /opt/airflow/dags/orchestrate.py for tasks to queue
[2025-09-28T15:43:39.697+0000] {logging_mixin.py:188} INFO - [2025-09-28T15:43:39.695+0000] {dagbag.py:545} INFO - Filling up the DagBag from /opt/airflow/dags/orchestrate.py
[2025-09-28T15:43:40.742+0000] {processor.py:840} INFO - DAG(s) 'pipeline_orchestrate' retrieved from /opt/airflow/dags/orchestrate.py
[2025-09-28T15:43:41.068+0000] {logging_mixin.py:188} INFO - [2025-09-28T15:43:41.067+0000] {dag.py:3089} INFO - Sync 1 DAGs
[2025-09-28T15:43:41.354+0000] {logging_mixin.py:188} INFO - [2025-09-28T15:43:41.353+0000] {dag.py:3947} INFO - Setting next_dagrun for pipeline_orchestrate to 2025-09-28 15:42:00+00:00, run_after=2025-09-28 15:43:00+00:00
[2025-09-28T15:43:41.768+0000] {processor.py:183} INFO - Processing /opt/airflow/dags/orchestrate.py took 3.557 seconds
[2025-09-28T15:44:12.030+0000] {processor.py:161} INFO - Started process (PID=448) to work on /opt/airflow/dags/orchestrate.py
[2025-09-28T15:44:12.036+0000] {processor.py:830} INFO - Processing file /opt/airflow/dags/orchestrate.py for tasks to queue
[2025-09-28T15:44:12.047+0000] {logging_mixin.py:188} INFO - [2025-09-28T15:44:12.045+0000] {dagbag.py:545} INFO - Filling up the DagBag from /opt/airflow/dags/orchestrate.py
[2025-09-28T15:44:12.087+0000] {processor.py:840} INFO - DAG(s) 'pipeline_orchestrate' retrieved from /opt/airflow/dags/orchestrate.py
[2025-09-28T15:44:12.220+0000] {logging_mixin.py:188} INFO - [2025-09-28T15:44:12.219+0000] {dag.py:3089} INFO - Sync 1 DAGs
[2025-09-28T15:44:12.311+0000] {logging_mixin.py:188} INFO - [2025-09-28T15:44:12.310+0000] {dag.py:3947} INFO - Setting next_dagrun for pipeline_orchestrate to 2025-09-28 15:43:00+00:00, run_after=2025-09-28 15:44:00+00:00
[2025-09-28T15:44:12.379+0000] {processor.py:183} INFO - Processing /opt/airflow/dags/orchestrate.py took 0.394 seconds
[2025-09-28T15:44:42.611+0000] {processor.py:161} INFO - Started process (PID=453) to work on /opt/airflow/dags/orchestrate.py
[2025-09-28T15:44:42.615+0000] {processor.py:830} INFO - Processing file /opt/airflow/dags/orchestrate.py for tasks to queue
[2025-09-28T15:44:42.638+0000] {logging_mixin.py:188} INFO - [2025-09-28T15:44:42.628+0000] {dagbag.py:545} INFO - Filling up the DagBag from /opt/airflow/dags/orchestrate.py
[2025-09-28T15:44:42.897+0000] {processor.py:840} INFO - DAG(s) 'pipeline_orchestrate' retrieved from /opt/airflow/dags/orchestrate.py
[2025-09-28T15:44:43.470+0000] {logging_mixin.py:188} INFO - [2025-09-28T15:44:43.469+0000] {dag.py:3089} INFO - Sync 1 DAGs
[2025-09-28T15:44:43.721+0000] {logging_mixin.py:188} INFO - [2025-09-28T15:44:43.721+0000] {dag.py:3947} INFO - Setting next_dagrun for pipeline_orchestrate to 2025-09-28 15:43:00+00:00, run_after=2025-09-28 15:44:00+00:00
[2025-09-28T15:44:43.955+0000] {processor.py:183} INFO - Processing /opt/airflow/dags/orchestrate.py took 1.365 seconds
[2025-09-28T15:45:14.471+0000] {processor.py:161} INFO - Started process (PID=458) to work on /opt/airflow/dags/orchestrate.py
[2025-09-28T15:45:14.494+0000] {processor.py:830} INFO - Processing file /opt/airflow/dags/orchestrate.py for tasks to queue
[2025-09-28T15:45:14.522+0000] {logging_mixin.py:188} INFO - [2025-09-28T15:45:14.520+0000] {dagbag.py:545} INFO - Filling up the DagBag from /opt/airflow/dags/orchestrate.py
[2025-09-28T15:45:14.699+0000] {processor.py:840} INFO - DAG(s) 'pipeline_orchestrate' retrieved from /opt/airflow/dags/orchestrate.py
[2025-09-28T15:45:15.183+0000] {logging_mixin.py:188} INFO - [2025-09-28T15:45:15.182+0000] {dag.py:3089} INFO - Sync 1 DAGs
[2025-09-28T15:45:15.387+0000] {logging_mixin.py:188} INFO - [2025-09-28T15:45:15.386+0000] {dag.py:3947} INFO - Setting next_dagrun for pipeline_orchestrate to 2025-09-28 15:44:00+00:00, run_after=2025-09-28 15:45:00+00:00
[2025-09-28T15:45:15.508+0000] {processor.py:183} INFO - Processing /opt/airflow/dags/orchestrate.py took 1.209 seconds
[2025-09-28T15:45:46.306+0000] {processor.py:161} INFO - Started process (PID=463) to work on /opt/airflow/dags/orchestrate.py
[2025-09-28T15:45:46.379+0000] {processor.py:830} INFO - Processing file /opt/airflow/dags/orchestrate.py for tasks to queue
[2025-09-28T15:45:46.385+0000] {logging_mixin.py:188} INFO - [2025-09-28T15:45:46.384+0000] {dagbag.py:545} INFO - Filling up the DagBag from /opt/airflow/dags/orchestrate.py
[2025-09-28T15:45:46.432+0000] {processor.py:840} INFO - DAG(s) 'pipeline_orchestrate' retrieved from /opt/airflow/dags/orchestrate.py
[2025-09-28T15:45:46.837+0000] {logging_mixin.py:188} INFO - [2025-09-28T15:45:46.836+0000] {dag.py:3089} INFO - Sync 1 DAGs
[2025-09-28T15:45:46.893+0000] {logging_mixin.py:188} INFO - [2025-09-28T15:45:46.893+0000] {dag.py:3947} INFO - Setting next_dagrun for pipeline_orchestrate to 2025-09-28 15:44:00+00:00, run_after=2025-09-28 15:45:00+00:00
[2025-09-28T15:45:47.035+0000] {processor.py:183} INFO - Processing /opt/airflow/dags/orchestrate.py took 1.038 seconds
[2025-09-28T15:46:17.388+0000] {processor.py:161} INFO - Started process (PID=468) to work on /opt/airflow/dags/orchestrate.py
[2025-09-28T15:46:17.393+0000] {processor.py:830} INFO - Processing file /opt/airflow/dags/orchestrate.py for tasks to queue
[2025-09-28T15:46:17.398+0000] {logging_mixin.py:188} INFO - [2025-09-28T15:46:17.397+0000] {dagbag.py:545} INFO - Filling up the DagBag from /opt/airflow/dags/orchestrate.py
[2025-09-28T15:46:17.423+0000] {processor.py:840} INFO - DAG(s) 'pipeline_orchestrate' retrieved from /opt/airflow/dags/orchestrate.py
[2025-09-28T15:46:17.510+0000] {logging_mixin.py:188} INFO - [2025-09-28T15:46:17.510+0000] {dag.py:3089} INFO - Sync 1 DAGs
[2025-09-28T15:46:17.639+0000] {logging_mixin.py:188} INFO - [2025-09-28T15:46:17.638+0000] {dag.py:3947} INFO - Setting next_dagrun for pipeline_orchestrate to 2025-09-28 15:45:00+00:00, run_after=2025-09-28 15:46:00+00:00
[2025-09-28T15:46:17.760+0000] {processor.py:183} INFO - Processing /opt/airflow/dags/orchestrate.py took 0.406 seconds
[2025-09-28T15:46:48.056+0000] {processor.py:161} INFO - Started process (PID=473) to work on /opt/airflow/dags/orchestrate.py
[2025-09-28T15:46:48.075+0000] {processor.py:830} INFO - Processing file /opt/airflow/dags/orchestrate.py for tasks to queue
[2025-09-28T15:46:48.111+0000] {logging_mixin.py:188} INFO - [2025-09-28T15:46:48.107+0000] {dagbag.py:545} INFO - Filling up the DagBag from /opt/airflow/dags/orchestrate.py
[2025-09-28T15:46:48.190+0000] {processor.py:840} INFO - DAG(s) 'pipeline_orchestrate' retrieved from /opt/airflow/dags/orchestrate.py
[2025-09-28T15:46:48.298+0000] {logging_mixin.py:188} INFO - [2025-09-28T15:46:48.297+0000] {dag.py:3089} INFO - Sync 1 DAGs
[2025-09-28T15:46:48.352+0000] {logging_mixin.py:188} INFO - [2025-09-28T15:46:48.351+0000] {dag.py:3947} INFO - Setting next_dagrun for pipeline_orchestrate to 2025-09-28 15:45:00+00:00, run_after=2025-09-28 15:46:00+00:00
[2025-09-28T15:46:48.405+0000] {processor.py:183} INFO - Processing /opt/airflow/dags/orchestrate.py took 0.387 seconds
[2025-09-28T15:47:18.681+0000] {processor.py:161} INFO - Started process (PID=478) to work on /opt/airflow/dags/orchestrate.py
[2025-09-28T15:47:18.684+0000] {processor.py:830} INFO - Processing file /opt/airflow/dags/orchestrate.py for tasks to queue
[2025-09-28T15:47:18.688+0000] {logging_mixin.py:188} INFO - [2025-09-28T15:47:18.687+0000] {dagbag.py:545} INFO - Filling up the DagBag from /opt/airflow/dags/orchestrate.py
[2025-09-28T15:47:18.710+0000] {processor.py:840} INFO - DAG(s) 'pipeline_orchestrate' retrieved from /opt/airflow/dags/orchestrate.py
[2025-09-28T15:47:18.794+0000] {logging_mixin.py:188} INFO - [2025-09-28T15:47:18.794+0000] {dag.py:3089} INFO - Sync 1 DAGs
[2025-09-28T15:47:18.850+0000] {logging_mixin.py:188} INFO - [2025-09-28T15:47:18.850+0000] {dag.py:3947} INFO - Setting next_dagrun for pipeline_orchestrate to 2025-09-28 15:46:00+00:00, run_after=2025-09-28 15:47:00+00:00
[2025-09-28T15:47:18.897+0000] {processor.py:183} INFO - Processing /opt/airflow/dags/orchestrate.py took 0.235 seconds
[2025-09-28T15:47:49.170+0000] {processor.py:161} INFO - Started process (PID=483) to work on /opt/airflow/dags/orchestrate.py
[2025-09-28T15:47:49.173+0000] {processor.py:830} INFO - Processing file /opt/airflow/dags/orchestrate.py for tasks to queue
[2025-09-28T15:47:49.178+0000] {logging_mixin.py:188} INFO - [2025-09-28T15:47:49.177+0000] {dagbag.py:545} INFO - Filling up the DagBag from /opt/airflow/dags/orchestrate.py
[2025-09-28T15:47:49.198+0000] {processor.py:840} INFO - DAG(s) 'pipeline_orchestrate' retrieved from /opt/airflow/dags/orchestrate.py
[2025-09-28T15:47:49.284+0000] {logging_mixin.py:188} INFO - [2025-09-28T15:47:49.284+0000] {dag.py:3089} INFO - Sync 1 DAGs
[2025-09-28T15:47:49.342+0000] {logging_mixin.py:188} INFO - [2025-09-28T15:47:49.341+0000] {dag.py:3947} INFO - Setting next_dagrun for pipeline_orchestrate to 2025-09-28 15:46:00+00:00, run_after=2025-09-28 15:47:00+00:00
[2025-09-28T15:47:49.388+0000] {processor.py:183} INFO - Processing /opt/airflow/dags/orchestrate.py took 0.235 seconds
[2025-09-28T15:48:19.642+0000] {processor.py:161} INFO - Started process (PID=488) to work on /opt/airflow/dags/orchestrate.py
[2025-09-28T15:48:19.645+0000] {processor.py:830} INFO - Processing file /opt/airflow/dags/orchestrate.py for tasks to queue
[2025-09-28T15:48:19.649+0000] {logging_mixin.py:188} INFO - [2025-09-28T15:48:19.648+0000] {dagbag.py:545} INFO - Filling up the DagBag from /opt/airflow/dags/orchestrate.py
[2025-09-28T15:48:19.672+0000] {processor.py:840} INFO - DAG(s) 'pipeline_orchestrate' retrieved from /opt/airflow/dags/orchestrate.py
[2025-09-28T15:48:19.756+0000] {logging_mixin.py:188} INFO - [2025-09-28T15:48:19.756+0000] {dag.py:3089} INFO - Sync 1 DAGs
[2025-09-28T15:48:19.815+0000] {logging_mixin.py:188} INFO - [2025-09-28T15:48:19.815+0000] {dag.py:3947} INFO - Setting next_dagrun for pipeline_orchestrate to 2025-09-28 15:47:00+00:00, run_after=2025-09-28 15:48:00+00:00
[2025-09-28T15:48:19.874+0000] {processor.py:183} INFO - Processing /opt/airflow/dags/orchestrate.py took 0.246 seconds
[2025-09-28T15:48:50.146+0000] {processor.py:161} INFO - Started process (PID=493) to work on /opt/airflow/dags/orchestrate.py
[2025-09-28T15:48:50.150+0000] {processor.py:830} INFO - Processing file /opt/airflow/dags/orchestrate.py for tasks to queue
[2025-09-28T15:48:50.155+0000] {logging_mixin.py:188} INFO - [2025-09-28T15:48:50.154+0000] {dagbag.py:545} INFO - Filling up the DagBag from /opt/airflow/dags/orchestrate.py
[2025-09-28T15:48:50.178+0000] {processor.py:840} INFO - DAG(s) 'pipeline_orchestrate' retrieved from /opt/airflow/dags/orchestrate.py
[2025-09-28T15:48:50.271+0000] {logging_mixin.py:188} INFO - [2025-09-28T15:48:50.271+0000] {dag.py:3089} INFO - Sync 1 DAGs
[2025-09-28T15:48:50.330+0000] {logging_mixin.py:188} INFO - [2025-09-28T15:48:50.330+0000] {dag.py:3947} INFO - Setting next_dagrun for pipeline_orchestrate to 2025-09-28 15:47:00+00:00, run_after=2025-09-28 15:48:00+00:00
[2025-09-28T15:48:50.390+0000] {processor.py:183} INFO - Processing /opt/airflow/dags/orchestrate.py took 0.264 seconds
[2025-09-28T15:49:07.301+0000] {processor.py:161} INFO - Started process (PID=498) to work on /opt/airflow/dags/orchestrate.py
[2025-09-28T15:49:07.304+0000] {processor.py:830} INFO - Processing file /opt/airflow/dags/orchestrate.py for tasks to queue
[2025-09-28T15:49:07.308+0000] {logging_mixin.py:188} INFO - [2025-09-28T15:49:07.307+0000] {dagbag.py:545} INFO - Filling up the DagBag from /opt/airflow/dags/orchestrate.py
[2025-09-28T15:49:07.323+0000] {logging_mixin.py:188} INFO - [2025-09-28T15:49:07.314+0000] {dagbag.py:355} ERROR - Failed to import: /opt/airflow/dags/orchestrate.py
Traceback (most recent call last):
  File "/home/airflow/.local/lib/python3.12/site-packages/airflow/models/dagbag.py", line 351, in parse
    loader.exec_module(new_module)
  File "<frozen importlib._bootstrap_external>", line 991, in exec_module
  File "<frozen importlib._bootstrap_external>", line 1129, in get_code
  File "<frozen importlib._bootstrap_external>", line 1059, in source_to_code
  File "<frozen importlib._bootstrap>", line 488, in _call_with_frames_removed
  File "/opt/airflow/dags/orchestrate.py", line 35
    task_id="load_data_from_S3"
            ^^^^^^^
SyntaxError: invalid syntax. Perhaps you forgot a comma?
[2025-09-28T15:49:07.324+0000] {processor.py:842} WARNING - No viable dags retrieved from /opt/airflow/dags/orchestrate.py
[2025-09-28T15:49:07.414+0000] {processor.py:183} INFO - Processing /opt/airflow/dags/orchestrate.py took 0.130 seconds
[2025-09-28T15:49:35.504+0000] {processor.py:161} INFO - Started process (PID=503) to work on /opt/airflow/dags/orchestrate.py
[2025-09-28T15:49:35.520+0000] {processor.py:830} INFO - Processing file /opt/airflow/dags/orchestrate.py for tasks to queue
[2025-09-28T15:49:35.524+0000] {logging_mixin.py:188} INFO - [2025-09-28T15:49:35.524+0000] {dagbag.py:545} INFO - Filling up the DagBag from /opt/airflow/dags/orchestrate.py
[2025-09-28T15:49:52.998+0000] {logging_mixin.py:188} INFO - [2025-09-28T15:49:52.985+0000] {dagbag.py:355} ERROR - Failed to import: /opt/airflow/dags/orchestrate.py
Traceback (most recent call last):
  File "/home/airflow/.local/lib/python3.12/site-packages/airflow/models/dagbag.py", line 351, in parse
    loader.exec_module(new_module)
  File "<frozen importlib._bootstrap_external>", line 995, in exec_module
  File "<frozen importlib._bootstrap>", line 488, in _call_with_frames_removed
  File "/opt/airflow/dags/orchestrate.py", line 16, in <module>
    pull_rawfile()
  File "/opt/airflow/dags/orchestrate.py", line 14, in pull_rawfile
    s3.download_file(bucket_name,file_path_s3,local_file)
  File "/home/airflow/.local/lib/python3.12/site-packages/boto3/s3/inject.py", line 192, in download_file
    return transfer.download_file(
           ^^^^^^^^^^^^^^^^^^^^^^^
  File "/home/airflow/.local/lib/python3.12/site-packages/boto3/s3/transfer.py", line 406, in download_file
    future.result()
  File "/home/airflow/.local/lib/python3.12/site-packages/s3transfer/futures.py", line 103, in result
    return self._coordinator.result()
           ^^^^^^^^^^^^^^^^^^^^^^^^^^
  File "/home/airflow/.local/lib/python3.12/site-packages/s3transfer/futures.py", line 266, in result
    raise self._exception
  File "/home/airflow/.local/lib/python3.12/site-packages/s3transfer/tasks.py", line 139, in __call__
    return self._execute_main(kwargs)
           ^^^^^^^^^^^^^^^^^^^^^^^^^^
  File "/home/airflow/.local/lib/python3.12/site-packages/s3transfer/tasks.py", line 162, in _execute_main
    return_value = self._main(**kwargs)
                   ^^^^^^^^^^^^^^^^^^^^
  File "/home/airflow/.local/lib/python3.12/site-packages/s3transfer/download.py", line 642, in _main
    fileobj.seek(offset)
  File "/home/airflow/.local/lib/python3.12/site-packages/s3transfer/utils.py", line 387, in seek
    self._open_if_needed()
  File "/home/airflow/.local/lib/python3.12/site-packages/s3transfer/utils.py", line 370, in _open_if_needed
    self._fileobj = self._open_function(self._filename, self._mode)
                    ^^^^^^^^^^^^^^^^^^^^^^^^^^^^^^^^^^^^^^^^^^^^^^^
  File "/home/airflow/.local/lib/python3.12/site-packages/s3transfer/utils.py", line 281, in open
    return open(filename, mode)
           ^^^^^^^^^^^^^^^^^^^^
FileNotFoundError: [Errno 2] No such file or directory: '/home/dprdcl/archive/crm_db.csv.1cCe49AF'
[2025-09-28T15:49:53.001+0000] {processor.py:842} WARNING - No viable dags retrieved from /opt/airflow/dags/orchestrate.py
[2025-09-28T15:49:53.141+0000] {processor.py:183} INFO - Processing /opt/airflow/dags/orchestrate.py took 17.647 seconds
[2025-09-28T15:50:23.490+0000] {processor.py:161} INFO - Started process (PID=511) to work on /opt/airflow/dags/orchestrate.py
[2025-09-28T15:50:23.495+0000] {processor.py:830} INFO - Processing file /opt/airflow/dags/orchestrate.py for tasks to queue
[2025-09-28T15:50:23.498+0000] {logging_mixin.py:188} INFO - [2025-09-28T15:50:23.497+0000] {dagbag.py:545} INFO - Filling up the DagBag from /opt/airflow/dags/orchestrate.py
[2025-09-28T15:50:26.866+0000] {logging_mixin.py:188} INFO - [2025-09-28T15:50:26.856+0000] {dagbag.py:355} ERROR - Failed to import: /opt/airflow/dags/orchestrate.py
Traceback (most recent call last):
  File "/home/airflow/.local/lib/python3.12/site-packages/airflow/models/dagbag.py", line 351, in parse
    loader.exec_module(new_module)
  File "<frozen importlib._bootstrap_external>", line 995, in exec_module
  File "<frozen importlib._bootstrap>", line 488, in _call_with_frames_removed
  File "/opt/airflow/dags/orchestrate.py", line 16, in <module>
    pull_rawfile()
  File "/opt/airflow/dags/orchestrate.py", line 14, in pull_rawfile
    s3.download_file(bucket_name,file_path_s3,local_file)
  File "/home/airflow/.local/lib/python3.12/site-packages/boto3/s3/inject.py", line 192, in download_file
    return transfer.download_file(
           ^^^^^^^^^^^^^^^^^^^^^^^
  File "/home/airflow/.local/lib/python3.12/site-packages/boto3/s3/transfer.py", line 406, in download_file
    future.result()
  File "/home/airflow/.local/lib/python3.12/site-packages/s3transfer/futures.py", line 103, in result
    return self._coordinator.result()
           ^^^^^^^^^^^^^^^^^^^^^^^^^^
  File "/home/airflow/.local/lib/python3.12/site-packages/s3transfer/futures.py", line 266, in result
    raise self._exception
  File "/home/airflow/.local/lib/python3.12/site-packages/s3transfer/tasks.py", line 139, in __call__
    return self._execute_main(kwargs)
           ^^^^^^^^^^^^^^^^^^^^^^^^^^
  File "/home/airflow/.local/lib/python3.12/site-packages/s3transfer/tasks.py", line 162, in _execute_main
    return_value = self._main(**kwargs)
                   ^^^^^^^^^^^^^^^^^^^^
  File "/home/airflow/.local/lib/python3.12/site-packages/s3transfer/download.py", line 642, in _main
    fileobj.seek(offset)
  File "/home/airflow/.local/lib/python3.12/site-packages/s3transfer/utils.py", line 387, in seek
    self._open_if_needed()
  File "/home/airflow/.local/lib/python3.12/site-packages/s3transfer/utils.py", line 370, in _open_if_needed
    self._fileobj = self._open_function(self._filename, self._mode)
                    ^^^^^^^^^^^^^^^^^^^^^^^^^^^^^^^^^^^^^^^^^^^^^^^
  File "/home/airflow/.local/lib/python3.12/site-packages/s3transfer/utils.py", line 281, in open
    return open(filename, mode)
           ^^^^^^^^^^^^^^^^^^^^
FileNotFoundError: [Errno 2] No such file or directory: '/home/dprdcl/archive/crm_db.csv.De540205'
[2025-09-28T15:50:26.868+0000] {processor.py:842} WARNING - No viable dags retrieved from /opt/airflow/dags/orchestrate.py
[2025-09-28T15:50:26.963+0000] {processor.py:183} INFO - Processing /opt/airflow/dags/orchestrate.py took 3.496 seconds
[2025-09-28T15:50:57.244+0000] {processor.py:161} INFO - Started process (PID=519) to work on /opt/airflow/dags/orchestrate.py
[2025-09-28T15:50:57.246+0000] {processor.py:830} INFO - Processing file /opt/airflow/dags/orchestrate.py for tasks to queue
[2025-09-28T15:50:57.248+0000] {logging_mixin.py:188} INFO - [2025-09-28T15:50:57.247+0000] {dagbag.py:545} INFO - Filling up the DagBag from /opt/airflow/dags/orchestrate.py
[2025-09-28T15:51:01.647+0000] {logging_mixin.py:188} INFO - [2025-09-28T15:51:01.633+0000] {dagbag.py:355} ERROR - Failed to import: /opt/airflow/dags/orchestrate.py
Traceback (most recent call last):
  File "/home/airflow/.local/lib/python3.12/site-packages/airflow/models/dagbag.py", line 351, in parse
    loader.exec_module(new_module)
  File "<frozen importlib._bootstrap_external>", line 995, in exec_module
  File "<frozen importlib._bootstrap>", line 488, in _call_with_frames_removed
  File "/opt/airflow/dags/orchestrate.py", line 16, in <module>
    pull_rawfile()
  File "/opt/airflow/dags/orchestrate.py", line 14, in pull_rawfile
    s3.download_file(bucket_name,file_path_s3,local_file)
  File "/home/airflow/.local/lib/python3.12/site-packages/boto3/s3/inject.py", line 192, in download_file
    return transfer.download_file(
           ^^^^^^^^^^^^^^^^^^^^^^^
  File "/home/airflow/.local/lib/python3.12/site-packages/boto3/s3/transfer.py", line 406, in download_file
    future.result()
  File "/home/airflow/.local/lib/python3.12/site-packages/s3transfer/futures.py", line 103, in result
    return self._coordinator.result()
           ^^^^^^^^^^^^^^^^^^^^^^^^^^
  File "/home/airflow/.local/lib/python3.12/site-packages/s3transfer/futures.py", line 266, in result
    raise self._exception
  File "/home/airflow/.local/lib/python3.12/site-packages/s3transfer/tasks.py", line 139, in __call__
    return self._execute_main(kwargs)
           ^^^^^^^^^^^^^^^^^^^^^^^^^^
  File "/home/airflow/.local/lib/python3.12/site-packages/s3transfer/tasks.py", line 162, in _execute_main
    return_value = self._main(**kwargs)
                   ^^^^^^^^^^^^^^^^^^^^
  File "/home/airflow/.local/lib/python3.12/site-packages/s3transfer/download.py", line 642, in _main
    fileobj.seek(offset)
  File "/home/airflow/.local/lib/python3.12/site-packages/s3transfer/utils.py", line 387, in seek
    self._open_if_needed()
  File "/home/airflow/.local/lib/python3.12/site-packages/s3transfer/utils.py", line 370, in _open_if_needed
    self._fileobj = self._open_function(self._filename, self._mode)
                    ^^^^^^^^^^^^^^^^^^^^^^^^^^^^^^^^^^^^^^^^^^^^^^^
  File "/home/airflow/.local/lib/python3.12/site-packages/s3transfer/utils.py", line 281, in open
    return open(filename, mode)
           ^^^^^^^^^^^^^^^^^^^^
FileNotFoundError: [Errno 2] No such file or directory: '/home/dprdcl/archive/crm_db.csv.CdF439FA'
[2025-09-28T15:51:01.648+0000] {processor.py:842} WARNING - No viable dags retrieved from /opt/airflow/dags/orchestrate.py
[2025-09-28T15:51:01.741+0000] {processor.py:183} INFO - Processing /opt/airflow/dags/orchestrate.py took 4.517 seconds
[2025-09-28T15:51:23.609+0000] {processor.py:161} INFO - Started process (PID=527) to work on /opt/airflow/dags/orchestrate.py
[2025-09-28T15:51:23.653+0000] {processor.py:830} INFO - Processing file /opt/airflow/dags/orchestrate.py for tasks to queue
[2025-09-28T15:51:23.655+0000] {logging_mixin.py:188} INFO - [2025-09-28T15:51:23.654+0000] {dagbag.py:545} INFO - Filling up the DagBag from /opt/airflow/dags/orchestrate.py
[2025-09-28T15:51:28.429+0000] {logging_mixin.py:188} INFO - [2025-09-28T15:51:28.396+0000] {dagbag.py:355} ERROR - Failed to import: /opt/airflow/dags/orchestrate.py
Traceback (most recent call last):
  File "/home/airflow/.local/lib/python3.12/site-packages/airflow/models/dagbag.py", line 351, in parse
    loader.exec_module(new_module)
  File "<frozen importlib._bootstrap_external>", line 995, in exec_module
  File "<frozen importlib._bootstrap>", line 488, in _call_with_frames_removed
  File "/opt/airflow/dags/orchestrate.py", line 16, in <module>
    pull_rawfile()
  File "/opt/airflow/dags/orchestrate.py", line 14, in pull_rawfile
    s3.download_file(bucket_name,file_path_s3,local_file)
  File "/home/airflow/.local/lib/python3.12/site-packages/boto3/s3/inject.py", line 192, in download_file
    return transfer.download_file(
           ^^^^^^^^^^^^^^^^^^^^^^^
  File "/home/airflow/.local/lib/python3.12/site-packages/boto3/s3/transfer.py", line 406, in download_file
    future.result()
  File "/home/airflow/.local/lib/python3.12/site-packages/s3transfer/futures.py", line 103, in result
    return self._coordinator.result()
           ^^^^^^^^^^^^^^^^^^^^^^^^^^
  File "/home/airflow/.local/lib/python3.12/site-packages/s3transfer/futures.py", line 266, in result
    raise self._exception
  File "/home/airflow/.local/lib/python3.12/site-packages/s3transfer/tasks.py", line 139, in __call__
    return self._execute_main(kwargs)
           ^^^^^^^^^^^^^^^^^^^^^^^^^^
  File "/home/airflow/.local/lib/python3.12/site-packages/s3transfer/tasks.py", line 162, in _execute_main
    return_value = self._main(**kwargs)
                   ^^^^^^^^^^^^^^^^^^^^
  File "/home/airflow/.local/lib/python3.12/site-packages/s3transfer/download.py", line 642, in _main
    fileobj.seek(offset)
  File "/home/airflow/.local/lib/python3.12/site-packages/s3transfer/utils.py", line 387, in seek
    self._open_if_needed()
  File "/home/airflow/.local/lib/python3.12/site-packages/s3transfer/utils.py", line 370, in _open_if_needed
    self._fileobj = self._open_function(self._filename, self._mode)
                    ^^^^^^^^^^^^^^^^^^^^^^^^^^^^^^^^^^^^^^^^^^^^^^^
  File "/home/airflow/.local/lib/python3.12/site-packages/s3transfer/utils.py", line 281, in open
    return open(filename, mode)
           ^^^^^^^^^^^^^^^^^^^^
FileNotFoundError: [Errno 2] No such file or directory: '/home/dprdcl/archive/crm_db.csv.DBB5EDc7'
[2025-09-28T15:51:28.433+0000] {processor.py:842} WARNING - No viable dags retrieved from /opt/airflow/dags/orchestrate.py
[2025-09-28T15:51:28.548+0000] {processor.py:183} INFO - Processing /opt/airflow/dags/orchestrate.py took 4.955 seconds
[2025-09-28T15:51:58.749+0000] {processor.py:161} INFO - Started process (PID=535) to work on /opt/airflow/dags/orchestrate.py
[2025-09-28T15:51:58.752+0000] {processor.py:830} INFO - Processing file /opt/airflow/dags/orchestrate.py for tasks to queue
[2025-09-28T15:51:58.755+0000] {logging_mixin.py:188} INFO - [2025-09-28T15:51:58.754+0000] {dagbag.py:545} INFO - Filling up the DagBag from /opt/airflow/dags/orchestrate.py
[2025-09-28T15:52:03.329+0000] {logging_mixin.py:188} INFO - [2025-09-28T15:52:03.310+0000] {dagbag.py:355} ERROR - Failed to import: /opt/airflow/dags/orchestrate.py
Traceback (most recent call last):
  File "/home/airflow/.local/lib/python3.12/site-packages/airflow/models/dagbag.py", line 351, in parse
    loader.exec_module(new_module)
  File "<frozen importlib._bootstrap_external>", line 995, in exec_module
  File "<frozen importlib._bootstrap>", line 488, in _call_with_frames_removed
  File "/opt/airflow/dags/orchestrate.py", line 16, in <module>
    pull_rawfile()
  File "/opt/airflow/dags/orchestrate.py", line 14, in pull_rawfile
    s3.download_file(bucket_name,file_path_s3,local_file)
  File "/home/airflow/.local/lib/python3.12/site-packages/boto3/s3/inject.py", line 192, in download_file
    return transfer.download_file(
           ^^^^^^^^^^^^^^^^^^^^^^^
  File "/home/airflow/.local/lib/python3.12/site-packages/boto3/s3/transfer.py", line 406, in download_file
    future.result()
  File "/home/airflow/.local/lib/python3.12/site-packages/s3transfer/futures.py", line 103, in result
    return self._coordinator.result()
           ^^^^^^^^^^^^^^^^^^^^^^^^^^
  File "/home/airflow/.local/lib/python3.12/site-packages/s3transfer/futures.py", line 266, in result
    raise self._exception
  File "/home/airflow/.local/lib/python3.12/site-packages/s3transfer/tasks.py", line 139, in __call__
    return self._execute_main(kwargs)
           ^^^^^^^^^^^^^^^^^^^^^^^^^^
  File "/home/airflow/.local/lib/python3.12/site-packages/s3transfer/tasks.py", line 162, in _execute_main
    return_value = self._main(**kwargs)
                   ^^^^^^^^^^^^^^^^^^^^
  File "/home/airflow/.local/lib/python3.12/site-packages/s3transfer/download.py", line 642, in _main
    fileobj.seek(offset)
  File "/home/airflow/.local/lib/python3.12/site-packages/s3transfer/utils.py", line 387, in seek
    self._open_if_needed()
  File "/home/airflow/.local/lib/python3.12/site-packages/s3transfer/utils.py", line 370, in _open_if_needed
    self._fileobj = self._open_function(self._filename, self._mode)
                    ^^^^^^^^^^^^^^^^^^^^^^^^^^^^^^^^^^^^^^^^^^^^^^^
  File "/home/airflow/.local/lib/python3.12/site-packages/s3transfer/utils.py", line 281, in open
    return open(filename, mode)
           ^^^^^^^^^^^^^^^^^^^^
FileNotFoundError: [Errno 2] No such file or directory: '/home/dprdcl/archive/crm_db.csv.1EAa6CF4'
[2025-09-28T15:52:03.330+0000] {processor.py:842} WARNING - No viable dags retrieved from /opt/airflow/dags/orchestrate.py
[2025-09-28T15:52:03.413+0000] {processor.py:183} INFO - Processing /opt/airflow/dags/orchestrate.py took 4.682 seconds
[2025-09-28T15:52:33.773+0000] {processor.py:161} INFO - Started process (PID=543) to work on /opt/airflow/dags/orchestrate.py
[2025-09-28T15:52:33.806+0000] {processor.py:830} INFO - Processing file /opt/airflow/dags/orchestrate.py for tasks to queue
[2025-09-28T15:52:33.818+0000] {logging_mixin.py:188} INFO - [2025-09-28T15:52:33.809+0000] {dagbag.py:545} INFO - Filling up the DagBag from /opt/airflow/dags/orchestrate.py
[2025-09-28T15:52:36.787+0000] {logging_mixin.py:188} INFO - [2025-09-28T15:52:36.781+0000] {dagbag.py:355} ERROR - Failed to import: /opt/airflow/dags/orchestrate.py
Traceback (most recent call last):
  File "/home/airflow/.local/lib/python3.12/site-packages/airflow/models/dagbag.py", line 351, in parse
    loader.exec_module(new_module)
  File "<frozen importlib._bootstrap_external>", line 995, in exec_module
  File "<frozen importlib._bootstrap>", line 488, in _call_with_frames_removed
  File "/opt/airflow/dags/orchestrate.py", line 16, in <module>
    pull_rawfile()
  File "/opt/airflow/dags/orchestrate.py", line 14, in pull_rawfile
    s3.download_file(bucket_name,file_path_s3,local_file)
  File "/home/airflow/.local/lib/python3.12/site-packages/boto3/s3/inject.py", line 192, in download_file
    return transfer.download_file(
           ^^^^^^^^^^^^^^^^^^^^^^^
  File "/home/airflow/.local/lib/python3.12/site-packages/boto3/s3/transfer.py", line 406, in download_file
    future.result()
  File "/home/airflow/.local/lib/python3.12/site-packages/s3transfer/futures.py", line 103, in result
    return self._coordinator.result()
           ^^^^^^^^^^^^^^^^^^^^^^^^^^
  File "/home/airflow/.local/lib/python3.12/site-packages/s3transfer/futures.py", line 266, in result
    raise self._exception
  File "/home/airflow/.local/lib/python3.12/site-packages/s3transfer/tasks.py", line 139, in __call__
    return self._execute_main(kwargs)
           ^^^^^^^^^^^^^^^^^^^^^^^^^^
  File "/home/airflow/.local/lib/python3.12/site-packages/s3transfer/tasks.py", line 162, in _execute_main
    return_value = self._main(**kwargs)
                   ^^^^^^^^^^^^^^^^^^^^
  File "/home/airflow/.local/lib/python3.12/site-packages/s3transfer/download.py", line 642, in _main
    fileobj.seek(offset)
  File "/home/airflow/.local/lib/python3.12/site-packages/s3transfer/utils.py", line 387, in seek
    self._open_if_needed()
  File "/home/airflow/.local/lib/python3.12/site-packages/s3transfer/utils.py", line 370, in _open_if_needed
    self._fileobj = self._open_function(self._filename, self._mode)
                    ^^^^^^^^^^^^^^^^^^^^^^^^^^^^^^^^^^^^^^^^^^^^^^^
  File "/home/airflow/.local/lib/python3.12/site-packages/s3transfer/utils.py", line 281, in open
    return open(filename, mode)
           ^^^^^^^^^^^^^^^^^^^^
FileNotFoundError: [Errno 2] No such file or directory: '/home/dprdcl/archive/crm_db.csv.4DBD131b'
[2025-09-28T15:52:36.788+0000] {processor.py:842} WARNING - No viable dags retrieved from /opt/airflow/dags/orchestrate.py
[2025-09-28T15:52:36.840+0000] {processor.py:183} INFO - Processing /opt/airflow/dags/orchestrate.py took 3.105 seconds
[2025-09-28T15:52:54.912+0000] {processor.py:161} INFO - Started process (PID=551) to work on /opt/airflow/dags/orchestrate.py
[2025-09-28T15:52:54.914+0000] {processor.py:830} INFO - Processing file /opt/airflow/dags/orchestrate.py for tasks to queue
[2025-09-28T15:52:54.916+0000] {logging_mixin.py:188} INFO - [2025-09-28T15:52:54.915+0000] {dagbag.py:545} INFO - Filling up the DagBag from /opt/airflow/dags/orchestrate.py
[2025-09-28T15:52:56.177+0000] {processor.py:840} INFO - DAG(s) 'pipeline_orchestrate' retrieved from /opt/airflow/dags/orchestrate.py
[2025-09-28T15:52:56.620+0000] {logging_mixin.py:188} INFO - [2025-09-28T15:52:56.620+0000] {dag.py:3089} INFO - Sync 1 DAGs
[2025-09-28T15:52:56.673+0000] {logging_mixin.py:188} INFO - [2025-09-28T15:52:56.672+0000] {dag.py:3947} INFO - Setting next_dagrun for pipeline_orchestrate to 2025-09-28 15:51:00+00:00, run_after=2025-09-28 15:52:00+00:00
[2025-09-28T15:52:56.774+0000] {processor.py:183} INFO - Processing /opt/airflow/dags/orchestrate.py took 1.891 seconds
[2025-09-28T15:53:27.119+0000] {processor.py:161} INFO - Started process (PID=557) to work on /opt/airflow/dags/orchestrate.py
[2025-09-28T15:53:27.122+0000] {processor.py:830} INFO - Processing file /opt/airflow/dags/orchestrate.py for tasks to queue
[2025-09-28T15:53:27.124+0000] {logging_mixin.py:188} INFO - [2025-09-28T15:53:27.123+0000] {dagbag.py:545} INFO - Filling up the DagBag from /opt/airflow/dags/orchestrate.py
[2025-09-28T15:53:28.348+0000] {processor.py:840} INFO - DAG(s) 'pipeline_orchestrate' retrieved from /opt/airflow/dags/orchestrate.py
[2025-09-28T15:53:28.424+0000] {logging_mixin.py:188} INFO - [2025-09-28T15:53:28.422+0000] {dag.py:3089} INFO - Sync 1 DAGs
[2025-09-28T15:53:28.489+0000] {logging_mixin.py:188} INFO - [2025-09-28T15:53:28.489+0000] {dag.py:3947} INFO - Setting next_dagrun for pipeline_orchestrate to 2025-09-28 15:52:00+00:00, run_after=2025-09-28 15:53:00+00:00
[2025-09-28T15:53:28.563+0000] {processor.py:183} INFO - Processing /opt/airflow/dags/orchestrate.py took 1.459 seconds
[2025-09-28T15:53:58.888+0000] {processor.py:161} INFO - Started process (PID=563) to work on /opt/airflow/dags/orchestrate.py
[2025-09-28T15:53:58.890+0000] {processor.py:830} INFO - Processing file /opt/airflow/dags/orchestrate.py for tasks to queue
[2025-09-28T15:53:58.893+0000] {logging_mixin.py:188} INFO - [2025-09-28T15:53:58.892+0000] {dagbag.py:545} INFO - Filling up the DagBag from /opt/airflow/dags/orchestrate.py
[2025-09-28T15:54:00.093+0000] {processor.py:840} INFO - DAG(s) 'pipeline_orchestrate' retrieved from /opt/airflow/dags/orchestrate.py
[2025-09-28T15:54:00.166+0000] {logging_mixin.py:188} INFO - [2025-09-28T15:54:00.165+0000] {dag.py:3089} INFO - Sync 1 DAGs
[2025-09-28T15:54:00.210+0000] {logging_mixin.py:188} INFO - [2025-09-28T15:54:00.209+0000] {dag.py:3947} INFO - Setting next_dagrun for pipeline_orchestrate to 2025-09-28 15:53:00+00:00, run_after=2025-09-28 15:54:00+00:00
[2025-09-28T15:54:00.252+0000] {processor.py:183} INFO - Processing /opt/airflow/dags/orchestrate.py took 1.379 seconds
[2025-09-28T15:54:30.572+0000] {processor.py:161} INFO - Started process (PID=569) to work on /opt/airflow/dags/orchestrate.py
[2025-09-28T15:54:30.576+0000] {processor.py:830} INFO - Processing file /opt/airflow/dags/orchestrate.py for tasks to queue
[2025-09-28T15:54:30.578+0000] {logging_mixin.py:188} INFO - [2025-09-28T15:54:30.577+0000] {dagbag.py:545} INFO - Filling up the DagBag from /opt/airflow/dags/orchestrate.py
[2025-09-28T15:54:31.734+0000] {processor.py:840} INFO - DAG(s) 'pipeline_orchestrate' retrieved from /opt/airflow/dags/orchestrate.py
[2025-09-28T15:54:31.793+0000] {logging_mixin.py:188} INFO - [2025-09-28T15:54:31.792+0000] {dag.py:3089} INFO - Sync 1 DAGs
[2025-09-28T15:54:31.831+0000] {logging_mixin.py:188} INFO - [2025-09-28T15:54:31.831+0000] {dag.py:3947} INFO - Setting next_dagrun for pipeline_orchestrate to 2025-09-28 15:53:00+00:00, run_after=2025-09-28 15:54:00+00:00
[2025-09-28T15:54:31.869+0000] {processor.py:183} INFO - Processing /opt/airflow/dags/orchestrate.py took 1.313 seconds
[2025-09-28T15:55:02.159+0000] {processor.py:161} INFO - Started process (PID=575) to work on /opt/airflow/dags/orchestrate.py
[2025-09-28T15:55:02.174+0000] {processor.py:830} INFO - Processing file /opt/airflow/dags/orchestrate.py for tasks to queue
[2025-09-28T15:55:02.177+0000] {logging_mixin.py:188} INFO - [2025-09-28T15:55:02.176+0000] {dagbag.py:545} INFO - Filling up the DagBag from /opt/airflow/dags/orchestrate.py
[2025-09-28T15:55:03.407+0000] {processor.py:840} INFO - DAG(s) 'pipeline_orchestrate' retrieved from /opt/airflow/dags/orchestrate.py
[2025-09-28T15:55:03.472+0000] {logging_mixin.py:188} INFO - [2025-09-28T15:55:03.471+0000] {dag.py:3089} INFO - Sync 1 DAGs
[2025-09-28T15:55:03.515+0000] {logging_mixin.py:188} INFO - [2025-09-28T15:55:03.515+0000] {dag.py:3947} INFO - Setting next_dagrun for pipeline_orchestrate to 2025-09-28 15:54:00+00:00, run_after=2025-09-28 15:55:00+00:00
[2025-09-28T15:55:03.556+0000] {processor.py:183} INFO - Processing /opt/airflow/dags/orchestrate.py took 1.411 seconds
[2025-09-28T15:55:33.869+0000] {processor.py:161} INFO - Started process (PID=581) to work on /opt/airflow/dags/orchestrate.py
[2025-09-28T15:55:33.884+0000] {processor.py:830} INFO - Processing file /opt/airflow/dags/orchestrate.py for tasks to queue
[2025-09-28T15:55:33.886+0000] {logging_mixin.py:188} INFO - [2025-09-28T15:55:33.886+0000] {dagbag.py:545} INFO - Filling up the DagBag from /opt/airflow/dags/orchestrate.py
[2025-09-28T15:55:35.198+0000] {processor.py:840} INFO - DAG(s) 'pipeline_orchestrate' retrieved from /opt/airflow/dags/orchestrate.py
[2025-09-28T15:55:35.265+0000] {logging_mixin.py:188} INFO - [2025-09-28T15:55:35.264+0000] {dag.py:3089} INFO - Sync 1 DAGs
[2025-09-28T15:55:35.309+0000] {logging_mixin.py:188} INFO - [2025-09-28T15:55:35.308+0000] {dag.py:3947} INFO - Setting next_dagrun for pipeline_orchestrate to 2025-09-28 15:54:00+00:00, run_after=2025-09-28 15:55:00+00:00
[2025-09-28T15:55:35.350+0000] {processor.py:183} INFO - Processing /opt/airflow/dags/orchestrate.py took 1.497 seconds
[2025-09-28T15:56:05.624+0000] {processor.py:161} INFO - Started process (PID=587) to work on /opt/airflow/dags/orchestrate.py
[2025-09-28T15:56:05.626+0000] {processor.py:830} INFO - Processing file /opt/airflow/dags/orchestrate.py for tasks to queue
[2025-09-28T15:56:05.628+0000] {logging_mixin.py:188} INFO - [2025-09-28T15:56:05.627+0000] {dagbag.py:545} INFO - Filling up the DagBag from /opt/airflow/dags/orchestrate.py
[2025-09-28T15:56:06.793+0000] {processor.py:840} INFO - DAG(s) 'pipeline_orchestrate' retrieved from /opt/airflow/dags/orchestrate.py
[2025-09-28T15:56:06.851+0000] {logging_mixin.py:188} INFO - [2025-09-28T15:56:06.850+0000] {dag.py:3089} INFO - Sync 1 DAGs
[2025-09-28T15:56:06.890+0000] {logging_mixin.py:188} INFO - [2025-09-28T15:56:06.890+0000] {dag.py:3947} INFO - Setting next_dagrun for pipeline_orchestrate to 2025-09-28 15:55:00+00:00, run_after=2025-09-28 15:56:00+00:00
[2025-09-28T15:56:06.936+0000] {processor.py:183} INFO - Processing /opt/airflow/dags/orchestrate.py took 1.328 seconds
[2025-09-28T15:56:37.236+0000] {processor.py:161} INFO - Started process (PID=593) to work on /opt/airflow/dags/orchestrate.py
[2025-09-28T15:56:37.251+0000] {processor.py:830} INFO - Processing file /opt/airflow/dags/orchestrate.py for tasks to queue
[2025-09-28T15:56:37.253+0000] {logging_mixin.py:188} INFO - [2025-09-28T15:56:37.252+0000] {dagbag.py:545} INFO - Filling up the DagBag from /opt/airflow/dags/orchestrate.py
[2025-09-28T15:56:38.526+0000] {processor.py:840} INFO - DAG(s) 'pipeline_orchestrate' retrieved from /opt/airflow/dags/orchestrate.py
[2025-09-28T15:56:38.594+0000] {logging_mixin.py:188} INFO - [2025-09-28T15:56:38.594+0000] {dag.py:3089} INFO - Sync 1 DAGs
[2025-09-28T15:56:38.638+0000] {logging_mixin.py:188} INFO - [2025-09-28T15:56:38.638+0000] {dag.py:3947} INFO - Setting next_dagrun for pipeline_orchestrate to 2025-09-28 15:55:00+00:00, run_after=2025-09-28 15:56:00+00:00
[2025-09-28T15:56:38.678+0000] {processor.py:183} INFO - Processing /opt/airflow/dags/orchestrate.py took 1.456 seconds
[2025-09-28T15:57:08.990+0000] {processor.py:161} INFO - Started process (PID=599) to work on /opt/airflow/dags/orchestrate.py
[2025-09-28T15:57:08.992+0000] {processor.py:830} INFO - Processing file /opt/airflow/dags/orchestrate.py for tasks to queue
[2025-09-28T15:57:08.994+0000] {logging_mixin.py:188} INFO - [2025-09-28T15:57:08.993+0000] {dagbag.py:545} INFO - Filling up the DagBag from /opt/airflow/dags/orchestrate.py
[2025-09-28T15:57:10.151+0000] {processor.py:840} INFO - DAG(s) 'pipeline_orchestrate' retrieved from /opt/airflow/dags/orchestrate.py
[2025-09-28T15:57:10.212+0000] {logging_mixin.py:188} INFO - [2025-09-28T15:57:10.212+0000] {dag.py:3089} INFO - Sync 1 DAGs
[2025-09-28T15:57:10.290+0000] {logging_mixin.py:188} INFO - [2025-09-28T15:57:10.289+0000] {dag.py:3947} INFO - Setting next_dagrun for pipeline_orchestrate to 2025-09-28 15:56:00+00:00, run_after=2025-09-28 15:57:00+00:00
[2025-09-28T15:57:10.369+0000] {processor.py:183} INFO - Processing /opt/airflow/dags/orchestrate.py took 1.395 seconds
[2025-09-28T15:57:40.741+0000] {processor.py:161} INFO - Started process (PID=605) to work on /opt/airflow/dags/orchestrate.py
[2025-09-28T15:57:40.745+0000] {processor.py:830} INFO - Processing file /opt/airflow/dags/orchestrate.py for tasks to queue
[2025-09-28T15:57:40.748+0000] {logging_mixin.py:188} INFO - [2025-09-28T15:57:40.747+0000] {dagbag.py:545} INFO - Filling up the DagBag from /opt/airflow/dags/orchestrate.py
[2025-09-28T15:57:42.140+0000] {processor.py:840} INFO - DAG(s) 'pipeline_orchestrate' retrieved from /opt/airflow/dags/orchestrate.py
[2025-09-28T15:57:42.218+0000] {logging_mixin.py:188} INFO - [2025-09-28T15:57:42.217+0000] {dag.py:3089} INFO - Sync 1 DAGs
[2025-09-28T15:57:42.270+0000] {logging_mixin.py:188} INFO - [2025-09-28T15:57:42.269+0000] {dag.py:3947} INFO - Setting next_dagrun for pipeline_orchestrate to 2025-09-28 15:56:00+00:00, run_after=2025-09-28 15:57:00+00:00
[2025-09-28T15:57:42.326+0000] {processor.py:183} INFO - Processing /opt/airflow/dags/orchestrate.py took 1.635 seconds
[2025-09-28T15:58:12.691+0000] {processor.py:161} INFO - Started process (PID=611) to work on /opt/airflow/dags/orchestrate.py
[2025-09-28T15:58:12.693+0000] {processor.py:830} INFO - Processing file /opt/airflow/dags/orchestrate.py for tasks to queue
[2025-09-28T15:58:12.695+0000] {logging_mixin.py:188} INFO - [2025-09-28T15:58:12.694+0000] {dagbag.py:545} INFO - Filling up the DagBag from /opt/airflow/dags/orchestrate.py
[2025-09-28T15:58:13.994+0000] {processor.py:840} INFO - DAG(s) 'pipeline_orchestrate' retrieved from /opt/airflow/dags/orchestrate.py
[2025-09-28T15:58:14.056+0000] {logging_mixin.py:188} INFO - [2025-09-28T15:58:14.055+0000] {dag.py:3089} INFO - Sync 1 DAGs
[2025-09-28T15:58:14.105+0000] {logging_mixin.py:188} INFO - [2025-09-28T15:58:14.105+0000] {dag.py:3947} INFO - Setting next_dagrun for pipeline_orchestrate to 2025-09-28 15:57:00+00:00, run_after=2025-09-28 15:58:00+00:00
[2025-09-28T15:58:14.157+0000] {processor.py:183} INFO - Processing /opt/airflow/dags/orchestrate.py took 1.491 seconds
[2025-09-28T15:58:44.480+0000] {processor.py:161} INFO - Started process (PID=617) to work on /opt/airflow/dags/orchestrate.py
[2025-09-28T15:58:44.483+0000] {processor.py:830} INFO - Processing file /opt/airflow/dags/orchestrate.py for tasks to queue
[2025-09-28T15:58:44.486+0000] {logging_mixin.py:188} INFO - [2025-09-28T15:58:44.484+0000] {dagbag.py:545} INFO - Filling up the DagBag from /opt/airflow/dags/orchestrate.py
[2025-09-28T15:58:46.222+0000] {processor.py:840} INFO - DAG(s) 'pipeline_orchestrate' retrieved from /opt/airflow/dags/orchestrate.py
[2025-09-28T15:58:46.295+0000] {logging_mixin.py:188} INFO - [2025-09-28T15:58:46.294+0000] {dag.py:3089} INFO - Sync 1 DAGs
[2025-09-28T15:58:46.343+0000] {logging_mixin.py:188} INFO - [2025-09-28T15:58:46.342+0000] {dag.py:3947} INFO - Setting next_dagrun for pipeline_orchestrate to 2025-09-28 15:57:00+00:00, run_after=2025-09-28 15:58:00+00:00
[2025-09-28T15:58:46.398+0000] {processor.py:183} INFO - Processing /opt/airflow/dags/orchestrate.py took 1.933 seconds
[2025-09-28T15:59:16.730+0000] {processor.py:161} INFO - Started process (PID=623) to work on /opt/airflow/dags/orchestrate.py
[2025-09-28T15:59:16.732+0000] {processor.py:830} INFO - Processing file /opt/airflow/dags/orchestrate.py for tasks to queue
[2025-09-28T15:59:16.735+0000] {logging_mixin.py:188} INFO - [2025-09-28T15:59:16.733+0000] {dagbag.py:545} INFO - Filling up the DagBag from /opt/airflow/dags/orchestrate.py
[2025-09-28T15:59:18.026+0000] {processor.py:840} INFO - DAG(s) 'pipeline_orchestrate' retrieved from /opt/airflow/dags/orchestrate.py
[2025-09-28T15:59:18.087+0000] {logging_mixin.py:188} INFO - [2025-09-28T15:59:18.086+0000] {dag.py:3089} INFO - Sync 1 DAGs
[2025-09-28T15:59:18.130+0000] {logging_mixin.py:188} INFO - [2025-09-28T15:59:18.129+0000] {dag.py:3947} INFO - Setting next_dagrun for pipeline_orchestrate to 2025-09-28 15:58:00+00:00, run_after=2025-09-28 15:59:00+00:00
[2025-09-28T15:59:18.177+0000] {processor.py:183} INFO - Processing /opt/airflow/dags/orchestrate.py took 1.462 seconds
[2025-09-28T15:59:48.515+0000] {processor.py:161} INFO - Started process (PID=629) to work on /opt/airflow/dags/orchestrate.py
[2025-09-28T15:59:48.518+0000] {processor.py:830} INFO - Processing file /opt/airflow/dags/orchestrate.py for tasks to queue
[2025-09-28T15:59:48.521+0000] {logging_mixin.py:188} INFO - [2025-09-28T15:59:48.520+0000] {dagbag.py:545} INFO - Filling up the DagBag from /opt/airflow/dags/orchestrate.py
[2025-09-28T15:59:49.900+0000] {processor.py:840} INFO - DAG(s) 'pipeline_orchestrate' retrieved from /opt/airflow/dags/orchestrate.py
[2025-09-28T15:59:49.986+0000] {logging_mixin.py:188} INFO - [2025-09-28T15:59:49.985+0000] {dag.py:3089} INFO - Sync 1 DAGs
[2025-09-28T15:59:50.039+0000] {logging_mixin.py:188} INFO - [2025-09-28T15:59:50.039+0000] {dag.py:3947} INFO - Setting next_dagrun for pipeline_orchestrate to 2025-09-28 15:58:00+00:00, run_after=2025-09-28 15:59:00+00:00
[2025-09-28T15:59:50.097+0000] {processor.py:183} INFO - Processing /opt/airflow/dags/orchestrate.py took 1.604 seconds
[2025-09-28T16:00:20.224+0000] {processor.py:161} INFO - Started process (PID=635) to work on /opt/airflow/dags/orchestrate.py
[2025-09-28T16:00:20.226+0000] {processor.py:830} INFO - Processing file /opt/airflow/dags/orchestrate.py for tasks to queue
[2025-09-28T16:00:20.228+0000] {logging_mixin.py:188} INFO - [2025-09-28T16:00:20.227+0000] {dagbag.py:545} INFO - Filling up the DagBag from /opt/airflow/dags/orchestrate.py
[2025-09-28T16:00:21.543+0000] {processor.py:840} INFO - DAG(s) 'pipeline_orchestrate' retrieved from /opt/airflow/dags/orchestrate.py
[2025-09-28T16:00:21.610+0000] {logging_mixin.py:188} INFO - [2025-09-28T16:00:21.609+0000] {dag.py:3089} INFO - Sync 1 DAGs
[2025-09-28T16:00:21.654+0000] {logging_mixin.py:188} INFO - [2025-09-28T16:00:21.653+0000] {dag.py:3947} INFO - Setting next_dagrun for pipeline_orchestrate to 2025-09-28 15:59:00+00:00, run_after=2025-09-28 16:00:00+00:00
[2025-09-28T16:00:21.695+0000] {processor.py:183} INFO - Processing /opt/airflow/dags/orchestrate.py took 1.490 seconds
[2025-09-28T16:00:52.020+0000] {processor.py:161} INFO - Started process (PID=641) to work on /opt/airflow/dags/orchestrate.py
[2025-09-28T16:00:52.023+0000] {processor.py:830} INFO - Processing file /opt/airflow/dags/orchestrate.py for tasks to queue
[2025-09-28T16:00:52.025+0000] {logging_mixin.py:188} INFO - [2025-09-28T16:00:52.024+0000] {dagbag.py:545} INFO - Filling up the DagBag from /opt/airflow/dags/orchestrate.py
[2025-09-28T16:00:53.344+0000] {processor.py:840} INFO - DAG(s) 'pipeline_orchestrate' retrieved from /opt/airflow/dags/orchestrate.py
[2025-09-28T16:00:53.413+0000] {logging_mixin.py:188} INFO - [2025-09-28T16:00:53.412+0000] {dag.py:3089} INFO - Sync 1 DAGs
[2025-09-28T16:00:53.461+0000] {logging_mixin.py:188} INFO - [2025-09-28T16:00:53.461+0000] {dag.py:3947} INFO - Setting next_dagrun for pipeline_orchestrate to 2025-09-28 15:59:00+00:00, run_after=2025-09-28 16:00:00+00:00
[2025-09-28T16:00:53.500+0000] {processor.py:183} INFO - Processing /opt/airflow/dags/orchestrate.py took 1.501 seconds
[2025-09-28T16:01:23.888+0000] {processor.py:161} INFO - Started process (PID=647) to work on /opt/airflow/dags/orchestrate.py
[2025-09-28T16:01:23.893+0000] {processor.py:830} INFO - Processing file /opt/airflow/dags/orchestrate.py for tasks to queue
[2025-09-28T16:01:23.896+0000] {logging_mixin.py:188} INFO - [2025-09-28T16:01:23.895+0000] {dagbag.py:545} INFO - Filling up the DagBag from /opt/airflow/dags/orchestrate.py
[2025-09-28T16:01:25.377+0000] {processor.py:840} INFO - DAG(s) 'pipeline_orchestrate' retrieved from /opt/airflow/dags/orchestrate.py
[2025-09-28T16:01:25.446+0000] {logging_mixin.py:188} INFO - [2025-09-28T16:01:25.445+0000] {dag.py:3089} INFO - Sync 1 DAGs
[2025-09-28T16:01:25.495+0000] {logging_mixin.py:188} INFO - [2025-09-28T16:01:25.495+0000] {dag.py:3947} INFO - Setting next_dagrun for pipeline_orchestrate to 2025-09-28 16:00:00+00:00, run_after=2025-09-28 16:01:00+00:00
[2025-09-28T16:01:25.537+0000] {processor.py:183} INFO - Processing /opt/airflow/dags/orchestrate.py took 1.673 seconds
[2025-09-28T16:01:55.859+0000] {processor.py:161} INFO - Started process (PID=653) to work on /opt/airflow/dags/orchestrate.py
[2025-09-28T16:01:55.863+0000] {processor.py:830} INFO - Processing file /opt/airflow/dags/orchestrate.py for tasks to queue
[2025-09-28T16:01:55.866+0000] {logging_mixin.py:188} INFO - [2025-09-28T16:01:55.864+0000] {dagbag.py:545} INFO - Filling up the DagBag from /opt/airflow/dags/orchestrate.py
[2025-09-28T16:01:58.111+0000] {processor.py:840} INFO - DAG(s) 'pipeline_orchestrate' retrieved from /opt/airflow/dags/orchestrate.py
[2025-09-28T16:01:58.257+0000] {logging_mixin.py:188} INFO - [2025-09-28T16:01:58.256+0000] {dag.py:3089} INFO - Sync 1 DAGs
[2025-09-28T16:01:58.369+0000] {logging_mixin.py:188} INFO - [2025-09-28T16:01:58.368+0000] {dag.py:3947} INFO - Setting next_dagrun for pipeline_orchestrate to 2025-09-28 16:00:00+00:00, run_after=2025-09-28 16:01:00+00:00
[2025-09-28T16:01:58.426+0000] {processor.py:183} INFO - Processing /opt/airflow/dags/orchestrate.py took 2.594 seconds
[2025-09-28T16:02:28.751+0000] {processor.py:161} INFO - Started process (PID=659) to work on /opt/airflow/dags/orchestrate.py
[2025-09-28T16:02:28.756+0000] {processor.py:830} INFO - Processing file /opt/airflow/dags/orchestrate.py for tasks to queue
[2025-09-28T16:02:28.759+0000] {logging_mixin.py:188} INFO - [2025-09-28T16:02:28.757+0000] {dagbag.py:545} INFO - Filling up the DagBag from /opt/airflow/dags/orchestrate.py
[2025-09-28T16:02:30.264+0000] {processor.py:840} INFO - DAG(s) 'pipeline_orchestrate' retrieved from /opt/airflow/dags/orchestrate.py
[2025-09-28T16:02:30.480+0000] {logging_mixin.py:188} INFO - [2025-09-28T16:02:30.478+0000] {dag.py:3089} INFO - Sync 1 DAGs
[2025-09-28T16:02:30.677+0000] {logging_mixin.py:188} INFO - [2025-09-28T16:02:30.676+0000] {dag.py:3947} INFO - Setting next_dagrun for pipeline_orchestrate to 2025-09-28 16:01:00+00:00, run_after=2025-09-28 16:02:00+00:00
[2025-09-28T16:02:30.753+0000] {processor.py:183} INFO - Processing /opt/airflow/dags/orchestrate.py took 2.025 seconds
[2025-09-28T16:03:01.029+0000] {processor.py:161} INFO - Started process (PID=665) to work on /opt/airflow/dags/orchestrate.py
[2025-09-28T16:03:01.033+0000] {processor.py:830} INFO - Processing file /opt/airflow/dags/orchestrate.py for tasks to queue
[2025-09-28T16:03:01.037+0000] {logging_mixin.py:188} INFO - [2025-09-28T16:03:01.035+0000] {dagbag.py:545} INFO - Filling up the DagBag from /opt/airflow/dags/orchestrate.py
[2025-09-28T16:03:02.383+0000] {processor.py:840} INFO - DAG(s) 'pipeline_orchestrate' retrieved from /opt/airflow/dags/orchestrate.py
[2025-09-28T16:03:02.467+0000] {logging_mixin.py:188} INFO - [2025-09-28T16:03:02.466+0000] {dag.py:3089} INFO - Sync 1 DAGs
[2025-09-28T16:03:02.514+0000] {logging_mixin.py:188} INFO - [2025-09-28T16:03:02.514+0000] {dag.py:3947} INFO - Setting next_dagrun for pipeline_orchestrate to 2025-09-28 16:02:00+00:00, run_after=2025-09-28 16:03:00+00:00
[2025-09-28T16:03:02.558+0000] {processor.py:183} INFO - Processing /opt/airflow/dags/orchestrate.py took 1.557 seconds
[2025-09-28T16:03:33.037+0000] {processor.py:161} INFO - Started process (PID=671) to work on /opt/airflow/dags/orchestrate.py
[2025-09-28T16:03:33.048+0000] {processor.py:830} INFO - Processing file /opt/airflow/dags/orchestrate.py for tasks to queue
[2025-09-28T16:03:33.058+0000] {logging_mixin.py:188} INFO - [2025-09-28T16:03:33.053+0000] {dagbag.py:545} INFO - Filling up the DagBag from /opt/airflow/dags/orchestrate.py
[2025-09-28T16:03:34.495+0000] {processor.py:840} INFO - DAG(s) 'pipeline_orchestrate' retrieved from /opt/airflow/dags/orchestrate.py
[2025-09-28T16:03:34.556+0000] {logging_mixin.py:188} INFO - [2025-09-28T16:03:34.555+0000] {dag.py:3089} INFO - Sync 1 DAGs
[2025-09-28T16:03:34.597+0000] {logging_mixin.py:188} INFO - [2025-09-28T16:03:34.597+0000] {dag.py:3947} INFO - Setting next_dagrun for pipeline_orchestrate to 2025-09-28 16:02:00+00:00, run_after=2025-09-28 16:03:00+00:00
[2025-09-28T16:03:34.637+0000] {processor.py:183} INFO - Processing /opt/airflow/dags/orchestrate.py took 1.738 seconds
[2025-09-28T16:04:04.959+0000] {processor.py:161} INFO - Started process (PID=677) to work on /opt/airflow/dags/orchestrate.py
[2025-09-28T16:04:04.963+0000] {processor.py:830} INFO - Processing file /opt/airflow/dags/orchestrate.py for tasks to queue
[2025-09-28T16:04:04.965+0000] {logging_mixin.py:188} INFO - [2025-09-28T16:04:04.964+0000] {dagbag.py:545} INFO - Filling up the DagBag from /opt/airflow/dags/orchestrate.py
[2025-09-28T16:04:06.152+0000] {processor.py:840} INFO - DAG(s) 'pipeline_orchestrate' retrieved from /opt/airflow/dags/orchestrate.py
[2025-09-28T16:04:06.216+0000] {logging_mixin.py:188} INFO - [2025-09-28T16:04:06.215+0000] {dag.py:3089} INFO - Sync 1 DAGs
[2025-09-28T16:04:06.254+0000] {logging_mixin.py:188} INFO - [2025-09-28T16:04:06.254+0000] {dag.py:3947} INFO - Setting next_dagrun for pipeline_orchestrate to 2025-09-28 16:03:00+00:00, run_after=2025-09-28 16:04:00+00:00
[2025-09-28T16:04:06.292+0000] {processor.py:183} INFO - Processing /opt/airflow/dags/orchestrate.py took 1.361 seconds
[2025-09-28T16:04:27.566+0000] {processor.py:161} INFO - Started process (PID=683) to work on /opt/airflow/dags/orchestrate.py
[2025-09-28T16:04:27.568+0000] {processor.py:830} INFO - Processing file /opt/airflow/dags/orchestrate.py for tasks to queue
[2025-09-28T16:04:27.571+0000] {logging_mixin.py:188} INFO - [2025-09-28T16:04:27.570+0000] {dagbag.py:545} INFO - Filling up the DagBag from /opt/airflow/dags/orchestrate.py
[2025-09-28T16:04:27.587+0000] {logging_mixin.py:188} INFO - [2025-09-28T16:04:27.580+0000] {dagbag.py:355} ERROR - Failed to import: /opt/airflow/dags/orchestrate.py
Traceback (most recent call last):
  File "/home/airflow/.local/lib/python3.12/site-packages/airflow/models/dagbag.py", line 351, in parse
    loader.exec_module(new_module)
  File "<frozen importlib._bootstrap_external>", line 991, in exec_module
  File "<frozen importlib._bootstrap_external>", line 1129, in get_code
  File "<frozen importlib._bootstrap_external>", line 1059, in source_to_code
  File "<frozen importlib._bootstrap>", line 488, in _call_with_frames_removed
  File "/opt/airflow/dags/orchestrate.py", line 92
    task_id="connect_to_db"
            ^^^^^^^
SyntaxError: invalid syntax. Perhaps you forgot a comma?
[2025-09-28T16:04:27.589+0000] {processor.py:842} WARNING - No viable dags retrieved from /opt/airflow/dags/orchestrate.py
[2025-09-28T16:04:27.696+0000] {processor.py:183} INFO - Processing /opt/airflow/dags/orchestrate.py took 0.151 seconds
[2025-09-28T16:04:51.761+0000] {processor.py:161} INFO - Started process (PID=688) to work on /opt/airflow/dags/orchestrate.py
[2025-09-28T16:04:51.765+0000] {processor.py:830} INFO - Processing file /opt/airflow/dags/orchestrate.py for tasks to queue
[2025-09-28T16:04:51.768+0000] {logging_mixin.py:188} INFO - [2025-09-28T16:04:51.767+0000] {dagbag.py:545} INFO - Filling up the DagBag from /opt/airflow/dags/orchestrate.py
[2025-09-28T16:04:53.024+0000] {logging_mixin.py:188} INFO - [2025-09-28T16:04:53.019+0000] {dagbag.py:355} ERROR - Failed to import: /opt/airflow/dags/orchestrate.py
Traceback (most recent call last):
  File "/home/airflow/.local/lib/python3.12/site-packages/airflow/models/dagbag.py", line 351, in parse
    loader.exec_module(new_module)
  File "<frozen importlib._bootstrap_external>", line 995, in exec_module
  File "<frozen importlib._bootstrap>", line 488, in _call_with_frames_removed
  File "/opt/airflow/dags/orchestrate.py", line 93, in <module>
    python_callable=connect_to_db
                    ^^^^^^^^^^^^^
NameError: name 'connect_to_db' is not defined. Did you mean: 'connect_todb'?
[2025-09-28T16:04:53.027+0000] {processor.py:842} WARNING - No viable dags retrieved from /opt/airflow/dags/orchestrate.py
[2025-09-28T16:04:53.080+0000] {processor.py:183} INFO - Processing /opt/airflow/dags/orchestrate.py took 1.343 seconds
[2025-09-28T16:05:14.095+0000] {processor.py:161} INFO - Started process (PID=694) to work on /opt/airflow/dags/orchestrate.py
[2025-09-28T16:05:14.097+0000] {processor.py:830} INFO - Processing file /opt/airflow/dags/orchestrate.py for tasks to queue
[2025-09-28T16:05:14.099+0000] {logging_mixin.py:188} INFO - [2025-09-28T16:05:14.098+0000] {dagbag.py:545} INFO - Filling up the DagBag from /opt/airflow/dags/orchestrate.py
[2025-09-28T16:05:15.368+0000] {logging_mixin.py:188} INFO - [2025-09-28T16:05:15.361+0000] {dagbag.py:355} ERROR - Failed to import: /opt/airflow/dags/orchestrate.py
Traceback (most recent call last):
  File "/home/airflow/.local/lib/python3.12/site-packages/airflow/models/dagbag.py", line 351, in parse
    loader.exec_module(new_module)
  File "<frozen importlib._bootstrap_external>", line 995, in exec_module
  File "<frozen importlib._bootstrap>", line 488, in _call_with_frames_removed
  File "/opt/airflow/dags/orchestrate.py", line 104, in <module>
    task1>task2>task3>task4
  File "/home/airflow/.local/lib/python3.12/site-packages/airflow/models/baseoperator.py", line 1114, in __gt__
    raise TypeError(f"Left hand side ({obj}) is not an outlet")
TypeError: Left hand side (<Task(PythonOperator): connect_to_db>) is not an outlet
[2025-09-28T16:05:15.369+0000] {processor.py:842} WARNING - No viable dags retrieved from /opt/airflow/dags/orchestrate.py
[2025-09-28T16:05:15.419+0000] {processor.py:183} INFO - Processing /opt/airflow/dags/orchestrate.py took 1.343 seconds
[2025-09-28T16:05:45.727+0000] {processor.py:161} INFO - Started process (PID=700) to work on /opt/airflow/dags/orchestrate.py
[2025-09-28T16:05:45.730+0000] {processor.py:830} INFO - Processing file /opt/airflow/dags/orchestrate.py for tasks to queue
[2025-09-28T16:05:45.732+0000] {logging_mixin.py:188} INFO - [2025-09-28T16:05:45.731+0000] {dagbag.py:545} INFO - Filling up the DagBag from /opt/airflow/dags/orchestrate.py
[2025-09-28T16:05:46.965+0000] {logging_mixin.py:188} INFO - [2025-09-28T16:05:46.962+0000] {dagbag.py:355} ERROR - Failed to import: /opt/airflow/dags/orchestrate.py
Traceback (most recent call last):
  File "/home/airflow/.local/lib/python3.12/site-packages/airflow/models/dagbag.py", line 351, in parse
    loader.exec_module(new_module)
  File "<frozen importlib._bootstrap_external>", line 995, in exec_module
  File "<frozen importlib._bootstrap>", line 488, in _call_with_frames_removed
  File "/opt/airflow/dags/orchestrate.py", line 104, in <module>
    task1>task2>task3>task4
  File "/home/airflow/.local/lib/python3.12/site-packages/airflow/models/baseoperator.py", line 1114, in __gt__
    raise TypeError(f"Left hand side ({obj}) is not an outlet")
TypeError: Left hand side (<Task(PythonOperator): connect_to_db>) is not an outlet
[2025-09-28T16:05:46.966+0000] {processor.py:842} WARNING - No viable dags retrieved from /opt/airflow/dags/orchestrate.py
[2025-09-28T16:05:47.025+0000] {processor.py:183} INFO - Processing /opt/airflow/dags/orchestrate.py took 1.315 seconds
[2025-09-28T16:06:10.930+0000] {processor.py:161} INFO - Started process (PID=706) to work on /opt/airflow/dags/orchestrate.py
[2025-09-28T16:06:10.932+0000] {processor.py:830} INFO - Processing file /opt/airflow/dags/orchestrate.py for tasks to queue
[2025-09-28T16:06:10.934+0000] {logging_mixin.py:188} INFO - [2025-09-28T16:06:10.933+0000] {dagbag.py:545} INFO - Filling up the DagBag from /opt/airflow/dags/orchestrate.py
[2025-09-28T16:06:12.137+0000] {processor.py:840} INFO - DAG(s) 'pipeline_orchestrate' retrieved from /opt/airflow/dags/orchestrate.py
[2025-09-28T16:06:12.473+0000] {logging_mixin.py:188} INFO - [2025-09-28T16:06:12.471+0000] {dag.py:3089} INFO - Sync 1 DAGs
[2025-09-28T16:06:12.517+0000] {logging_mixin.py:188} INFO - [2025-09-28T16:06:12.516+0000] {dag.py:3947} INFO - Setting next_dagrun for pipeline_orchestrate to 2025-09-28 16:05:00+00:00, run_after=2025-09-28 16:06:00+00:00
[2025-09-28T16:06:12.570+0000] {processor.py:183} INFO - Processing /opt/airflow/dags/orchestrate.py took 1.657 seconds
[2025-09-28T16:06:42.874+0000] {processor.py:161} INFO - Started process (PID=712) to work on /opt/airflow/dags/orchestrate.py
[2025-09-28T16:06:42.877+0000] {processor.py:830} INFO - Processing file /opt/airflow/dags/orchestrate.py for tasks to queue
[2025-09-28T16:06:42.879+0000] {logging_mixin.py:188} INFO - [2025-09-28T16:06:42.878+0000] {dagbag.py:545} INFO - Filling up the DagBag from /opt/airflow/dags/orchestrate.py
[2025-09-28T16:06:44.185+0000] {processor.py:840} INFO - DAG(s) 'pipeline_orchestrate' retrieved from /opt/airflow/dags/orchestrate.py
[2025-09-28T16:06:44.265+0000] {logging_mixin.py:188} INFO - [2025-09-28T16:06:44.264+0000] {dag.py:3089} INFO - Sync 1 DAGs
[2025-09-28T16:06:44.307+0000] {logging_mixin.py:188} INFO - [2025-09-28T16:06:44.306+0000] {dag.py:3947} INFO - Setting next_dagrun for pipeline_orchestrate to 2025-09-28 16:05:00+00:00, run_after=2025-09-28 16:06:00+00:00
[2025-09-28T16:06:44.356+0000] {processor.py:183} INFO - Processing /opt/airflow/dags/orchestrate.py took 1.497 seconds
[2025-09-28T16:07:14.691+0000] {processor.py:161} INFO - Started process (PID=718) to work on /opt/airflow/dags/orchestrate.py
[2025-09-28T16:07:14.693+0000] {processor.py:830} INFO - Processing file /opt/airflow/dags/orchestrate.py for tasks to queue
[2025-09-28T16:07:14.695+0000] {logging_mixin.py:188} INFO - [2025-09-28T16:07:14.694+0000] {dagbag.py:545} INFO - Filling up the DagBag from /opt/airflow/dags/orchestrate.py
[2025-09-28T16:07:17.288+0000] {processor.py:840} INFO - DAG(s) 'pipeline_orchestrate' retrieved from /opt/airflow/dags/orchestrate.py
[2025-09-28T16:07:17.398+0000] {logging_mixin.py:188} INFO - [2025-09-28T16:07:17.396+0000] {dag.py:3089} INFO - Sync 1 DAGs
[2025-09-28T16:07:17.506+0000] {logging_mixin.py:188} INFO - [2025-09-28T16:07:17.506+0000] {dag.py:3947} INFO - Setting next_dagrun for pipeline_orchestrate to 2025-09-28 16:06:00+00:00, run_after=2025-09-28 16:07:00+00:00
[2025-09-28T16:07:17.594+0000] {processor.py:183} INFO - Processing /opt/airflow/dags/orchestrate.py took 2.915 seconds
[2025-09-28T16:07:48.047+0000] {processor.py:161} INFO - Started process (PID=724) to work on /opt/airflow/dags/orchestrate.py
[2025-09-28T16:07:48.050+0000] {processor.py:830} INFO - Processing file /opt/airflow/dags/orchestrate.py for tasks to queue
[2025-09-28T16:07:48.053+0000] {logging_mixin.py:188} INFO - [2025-09-28T16:07:48.052+0000] {dagbag.py:545} INFO - Filling up the DagBag from /opt/airflow/dags/orchestrate.py
[2025-09-28T16:07:49.576+0000] {processor.py:840} INFO - DAG(s) 'pipeline_orchestrate' retrieved from /opt/airflow/dags/orchestrate.py
[2025-09-28T16:07:49.653+0000] {logging_mixin.py:188} INFO - [2025-09-28T16:07:49.653+0000] {dag.py:3089} INFO - Sync 1 DAGs
[2025-09-28T16:07:49.705+0000] {logging_mixin.py:188} INFO - [2025-09-28T16:07:49.705+0000] {dag.py:3947} INFO - Setting next_dagrun for pipeline_orchestrate to 2025-09-28 16:06:00+00:00, run_after=2025-09-28 16:07:00+00:00
[2025-09-28T16:07:49.859+0000] {processor.py:183} INFO - Processing /opt/airflow/dags/orchestrate.py took 1.838 seconds
[2025-09-28T16:08:20.273+0000] {processor.py:161} INFO - Started process (PID=730) to work on /opt/airflow/dags/orchestrate.py
[2025-09-28T16:08:20.277+0000] {processor.py:830} INFO - Processing file /opt/airflow/dags/orchestrate.py for tasks to queue
[2025-09-28T16:08:20.279+0000] {logging_mixin.py:188} INFO - [2025-09-28T16:08:20.278+0000] {dagbag.py:545} INFO - Filling up the DagBag from /opt/airflow/dags/orchestrate.py
[2025-09-28T16:08:23.059+0000] {processor.py:840} INFO - DAG(s) 'pipeline_orchestrate' retrieved from /opt/airflow/dags/orchestrate.py
[2025-09-28T16:08:23.358+0000] {logging_mixin.py:188} INFO - [2025-09-28T16:08:23.357+0000] {dag.py:3089} INFO - Sync 1 DAGs
[2025-09-28T16:08:23.568+0000] {logging_mixin.py:188} INFO - [2025-09-28T16:08:23.567+0000] {dag.py:3947} INFO - Setting next_dagrun for pipeline_orchestrate to 2025-09-28 16:08:00+00:00, run_after=2025-09-28 16:09:00+00:00
[2025-09-28T16:08:23.668+0000] {processor.py:183} INFO - Processing /opt/airflow/dags/orchestrate.py took 3.445 seconds
[2025-09-28T16:08:54.017+0000] {processor.py:161} INFO - Started process (PID=746) to work on /opt/airflow/dags/orchestrate.py
[2025-09-28T16:08:54.020+0000] {processor.py:830} INFO - Processing file /opt/airflow/dags/orchestrate.py for tasks to queue
[2025-09-28T16:08:54.025+0000] {logging_mixin.py:188} INFO - [2025-09-28T16:08:54.021+0000] {dagbag.py:545} INFO - Filling up the DagBag from /opt/airflow/dags/orchestrate.py
[2025-09-28T16:08:56.444+0000] {processor.py:840} INFO - DAG(s) 'pipeline_orchestrate' retrieved from /opt/airflow/dags/orchestrate.py
[2025-09-28T16:08:56.512+0000] {logging_mixin.py:188} INFO - [2025-09-28T16:08:56.511+0000] {dag.py:3089} INFO - Sync 1 DAGs
[2025-09-28T16:08:56.562+0000] {logging_mixin.py:188} INFO - [2025-09-28T16:08:56.562+0000] {dag.py:3947} INFO - Setting next_dagrun for pipeline_orchestrate to 2025-09-28 16:08:00+00:00, run_after=2025-09-28 16:09:00+00:00
[2025-09-28T16:08:56.623+0000] {processor.py:183} INFO - Processing /opt/airflow/dags/orchestrate.py took 2.625 seconds
[2025-09-28T16:09:26.972+0000] {processor.py:161} INFO - Started process (PID=762) to work on /opt/airflow/dags/orchestrate.py
[2025-09-28T16:09:26.975+0000] {processor.py:830} INFO - Processing file /opt/airflow/dags/orchestrate.py for tasks to queue
[2025-09-28T16:09:26.978+0000] {logging_mixin.py:188} INFO - [2025-09-28T16:09:26.977+0000] {dagbag.py:545} INFO - Filling up the DagBag from /opt/airflow/dags/orchestrate.py
[2025-09-28T16:09:28.234+0000] {processor.py:840} INFO - DAG(s) 'pipeline_orchestrate' retrieved from /opt/airflow/dags/orchestrate.py
[2025-09-28T16:09:28.324+0000] {logging_mixin.py:188} INFO - [2025-09-28T16:09:28.323+0000] {dag.py:3089} INFO - Sync 1 DAGs
[2025-09-28T16:09:28.367+0000] {logging_mixin.py:188} INFO - [2025-09-28T16:09:28.367+0000] {dag.py:3947} INFO - Setting next_dagrun for pipeline_orchestrate to 2025-09-28 16:09:00+00:00, run_after=2025-09-28 16:10:00+00:00
[2025-09-28T16:09:28.410+0000] {processor.py:183} INFO - Processing /opt/airflow/dags/orchestrate.py took 1.456 seconds
[2025-09-28T16:09:58.756+0000] {processor.py:161} INFO - Started process (PID=768) to work on /opt/airflow/dags/orchestrate.py
[2025-09-28T16:09:58.759+0000] {processor.py:830} INFO - Processing file /opt/airflow/dags/orchestrate.py for tasks to queue
[2025-09-28T16:09:58.761+0000] {logging_mixin.py:188} INFO - [2025-09-28T16:09:58.760+0000] {dagbag.py:545} INFO - Filling up the DagBag from /opt/airflow/dags/orchestrate.py
[2025-09-28T16:09:59.955+0000] {processor.py:840} INFO - DAG(s) 'pipeline_orchestrate' retrieved from /opt/airflow/dags/orchestrate.py
[2025-09-28T16:10:00.028+0000] {logging_mixin.py:188} INFO - [2025-09-28T16:10:00.027+0000] {dag.py:3089} INFO - Sync 1 DAGs
[2025-09-28T16:10:00.076+0000] {logging_mixin.py:188} INFO - [2025-09-28T16:10:00.075+0000] {dag.py:3947} INFO - Setting next_dagrun for pipeline_orchestrate to 2025-09-28 16:09:00+00:00, run_after=2025-09-28 16:10:00+00:00
[2025-09-28T16:10:00.128+0000] {processor.py:183} INFO - Processing /opt/airflow/dags/orchestrate.py took 1.387 seconds
[2025-09-28T16:10:30.429+0000] {processor.py:161} INFO - Started process (PID=779) to work on /opt/airflow/dags/orchestrate.py
[2025-09-28T16:10:30.432+0000] {processor.py:830} INFO - Processing file /opt/airflow/dags/orchestrate.py for tasks to queue
[2025-09-28T16:10:30.434+0000] {logging_mixin.py:188} INFO - [2025-09-28T16:10:30.433+0000] {dagbag.py:545} INFO - Filling up the DagBag from /opt/airflow/dags/orchestrate.py
[2025-09-28T16:10:33.223+0000] {processor.py:840} INFO - DAG(s) 'pipeline_orchestrate' retrieved from /opt/airflow/dags/orchestrate.py
[2025-09-28T16:10:33.492+0000] {logging_mixin.py:188} INFO - [2025-09-28T16:10:33.491+0000] {dag.py:3089} INFO - Sync 1 DAGs
[2025-09-28T16:10:33.665+0000] {logging_mixin.py:188} INFO - [2025-09-28T16:10:33.665+0000] {dag.py:3947} INFO - Setting next_dagrun for pipeline_orchestrate to 2025-09-28 16:10:00+00:00, run_after=2025-09-28 16:11:00+00:00
[2025-09-28T16:10:33.866+0000] {processor.py:183} INFO - Processing /opt/airflow/dags/orchestrate.py took 3.455 seconds
[2025-09-28T16:11:04.599+0000] {processor.py:161} INFO - Started process (PID=787) to work on /opt/airflow/dags/orchestrate.py
[2025-09-28T16:11:04.642+0000] {processor.py:830} INFO - Processing file /opt/airflow/dags/orchestrate.py for tasks to queue
[2025-09-28T16:11:04.658+0000] {logging_mixin.py:188} INFO - [2025-09-28T16:11:04.650+0000] {dagbag.py:545} INFO - Filling up the DagBag from /opt/airflow/dags/orchestrate.py
[2025-09-28T16:11:12.055+0000] {processor.py:840} INFO - DAG(s) 'pipeline_orchestrate' retrieved from /opt/airflow/dags/orchestrate.py
[2025-09-28T16:11:12.176+0000] {logging_mixin.py:188} INFO - [2025-09-28T16:11:12.175+0000] {dag.py:3089} INFO - Sync 1 DAGs
[2025-09-28T16:11:12.313+0000] {logging_mixin.py:188} INFO - [2025-09-28T16:11:12.313+0000] {dag.py:3947} INFO - Setting next_dagrun for pipeline_orchestrate to 2025-09-28 16:11:00+00:00, run_after=2025-09-28 16:12:00+00:00
[2025-09-28T16:11:12.416+0000] {processor.py:183} INFO - Processing /opt/airflow/dags/orchestrate.py took 8.068 seconds
[2025-09-28T16:11:42.791+0000] {processor.py:161} INFO - Started process (PID=796) to work on /opt/airflow/dags/orchestrate.py
[2025-09-28T16:11:42.794+0000] {processor.py:830} INFO - Processing file /opt/airflow/dags/orchestrate.py for tasks to queue
[2025-09-28T16:11:42.799+0000] {logging_mixin.py:188} INFO - [2025-09-28T16:11:42.797+0000] {dagbag.py:545} INFO - Filling up the DagBag from /opt/airflow/dags/orchestrate.py
[2025-09-28T16:11:44.803+0000] {processor.py:840} INFO - DAG(s) 'pipeline_orchestrate' retrieved from /opt/airflow/dags/orchestrate.py
[2025-09-28T16:11:44.865+0000] {logging_mixin.py:188} INFO - [2025-09-28T16:11:44.864+0000] {dag.py:3089} INFO - Sync 1 DAGs
[2025-09-28T16:11:44.906+0000] {logging_mixin.py:188} INFO - [2025-09-28T16:11:44.905+0000] {dag.py:3947} INFO - Setting next_dagrun for pipeline_orchestrate to 2025-09-28 16:11:00+00:00, run_after=2025-09-28 16:12:00+00:00
[2025-09-28T16:11:44.986+0000] {processor.py:183} INFO - Processing /opt/airflow/dags/orchestrate.py took 2.230 seconds
[2025-09-28T16:12:15.279+0000] {processor.py:161} INFO - Started process (PID=807) to work on /opt/airflow/dags/orchestrate.py
[2025-09-28T16:12:15.281+0000] {processor.py:830} INFO - Processing file /opt/airflow/dags/orchestrate.py for tasks to queue
[2025-09-28T16:12:15.283+0000] {logging_mixin.py:188} INFO - [2025-09-28T16:12:15.282+0000] {dagbag.py:545} INFO - Filling up the DagBag from /opt/airflow/dags/orchestrate.py
[2025-09-28T16:12:16.615+0000] {processor.py:840} INFO - DAG(s) 'pipeline_orchestrate' retrieved from /opt/airflow/dags/orchestrate.py
[2025-09-28T16:12:16.676+0000] {logging_mixin.py:188} INFO - [2025-09-28T16:12:16.676+0000] {dag.py:3089} INFO - Sync 1 DAGs
[2025-09-28T16:12:16.722+0000] {logging_mixin.py:188} INFO - [2025-09-28T16:12:16.720+0000] {dag.py:3947} INFO - Setting next_dagrun for pipeline_orchestrate to 2025-09-28 16:12:00+00:00, run_after=2025-09-28 16:13:00+00:00
[2025-09-28T16:12:16.765+0000] {processor.py:183} INFO - Processing /opt/airflow/dags/orchestrate.py took 1.501 seconds
[2025-09-28T16:12:30.391+0000] {processor.py:161} INFO - Started process (PID=813) to work on /opt/airflow/dags/orchestrate.py
[2025-09-28T16:12:30.394+0000] {processor.py:830} INFO - Processing file /opt/airflow/dags/orchestrate.py for tasks to queue
[2025-09-28T16:12:30.396+0000] {logging_mixin.py:188} INFO - [2025-09-28T16:12:30.395+0000] {dagbag.py:545} INFO - Filling up the DagBag from /opt/airflow/dags/orchestrate.py
[2025-09-28T16:12:31.701+0000] {processor.py:840} INFO - DAG(s) 'pipeline_orchestrate' retrieved from /opt/airflow/dags/orchestrate.py
[2025-09-28T16:12:32.059+0000] {logging_mixin.py:188} INFO - [2025-09-28T16:12:32.058+0000] {dag.py:3089} INFO - Sync 1 DAGs
[2025-09-28T16:12:32.100+0000] {logging_mixin.py:188} INFO - [2025-09-28T16:12:32.099+0000] {dag.py:3947} INFO - Setting next_dagrun for pipeline_orchestrate to 2025-09-28 16:12:00+00:00, run_after=2025-09-28 17:12:00+00:00
[2025-09-28T16:12:32.146+0000] {processor.py:183} INFO - Processing /opt/airflow/dags/orchestrate.py took 1.773 seconds
[2025-09-28T16:13:02.447+0000] {processor.py:161} INFO - Started process (PID=819) to work on /opt/airflow/dags/orchestrate.py
[2025-09-28T16:13:02.451+0000] {processor.py:830} INFO - Processing file /opt/airflow/dags/orchestrate.py for tasks to queue
[2025-09-28T16:13:02.453+0000] {logging_mixin.py:188} INFO - [2025-09-28T16:13:02.452+0000] {dagbag.py:545} INFO - Filling up the DagBag from /opt/airflow/dags/orchestrate.py
[2025-09-28T16:13:03.681+0000] {processor.py:840} INFO - DAG(s) 'pipeline_orchestrate' retrieved from /opt/airflow/dags/orchestrate.py
[2025-09-28T16:13:03.741+0000] {logging_mixin.py:188} INFO - [2025-09-28T16:13:03.740+0000] {dag.py:3089} INFO - Sync 1 DAGs
[2025-09-28T16:13:03.778+0000] {logging_mixin.py:188} INFO - [2025-09-28T16:13:03.777+0000] {dag.py:3947} INFO - Setting next_dagrun for pipeline_orchestrate to 2025-09-28 16:12:00+00:00, run_after=2025-09-28 17:12:00+00:00
[2025-09-28T16:13:03.821+0000] {processor.py:183} INFO - Processing /opt/airflow/dags/orchestrate.py took 1.392 seconds
[2025-09-28T16:13:34.133+0000] {processor.py:161} INFO - Started process (PID=825) to work on /opt/airflow/dags/orchestrate.py
[2025-09-28T16:13:34.135+0000] {processor.py:830} INFO - Processing file /opt/airflow/dags/orchestrate.py for tasks to queue
[2025-09-28T16:13:34.138+0000] {logging_mixin.py:188} INFO - [2025-09-28T16:13:34.137+0000] {dagbag.py:545} INFO - Filling up the DagBag from /opt/airflow/dags/orchestrate.py
[2025-09-28T16:13:35.315+0000] {processor.py:840} INFO - DAG(s) 'pipeline_orchestrate' retrieved from /opt/airflow/dags/orchestrate.py
[2025-09-28T16:13:35.371+0000] {logging_mixin.py:188} INFO - [2025-09-28T16:13:35.371+0000] {dag.py:3089} INFO - Sync 1 DAGs
[2025-09-28T16:13:35.415+0000] {logging_mixin.py:188} INFO - [2025-09-28T16:13:35.415+0000] {dag.py:3947} INFO - Setting next_dagrun for pipeline_orchestrate to 2025-09-28 16:10:00+00:00, run_after=2025-09-28 17:10:00+00:00
[2025-09-28T16:13:35.466+0000] {processor.py:183} INFO - Processing /opt/airflow/dags/orchestrate.py took 1.349 seconds
[2025-09-28T16:14:05.787+0000] {processor.py:161} INFO - Started process (PID=839) to work on /opt/airflow/dags/orchestrate.py
[2025-09-28T16:14:05.790+0000] {processor.py:830} INFO - Processing file /opt/airflow/dags/orchestrate.py for tasks to queue
[2025-09-28T16:14:05.793+0000] {logging_mixin.py:188} INFO - [2025-09-28T16:14:05.792+0000] {dagbag.py:545} INFO - Filling up the DagBag from /opt/airflow/dags/orchestrate.py
[2025-09-28T16:14:08.099+0000] {processor.py:840} INFO - DAG(s) 'pipeline_orchestrate' retrieved from /opt/airflow/dags/orchestrate.py
[2025-09-28T16:14:08.162+0000] {logging_mixin.py:188} INFO - [2025-09-28T16:14:08.162+0000] {dag.py:3089} INFO - Sync 1 DAGs
[2025-09-28T16:14:08.200+0000] {logging_mixin.py:188} INFO - [2025-09-28T16:14:08.200+0000] {dag.py:3947} INFO - Setting next_dagrun for pipeline_orchestrate to 2025-09-28 15:00:00+00:00, run_after=2025-09-28 16:00:00+00:00
[2025-09-28T16:14:08.244+0000] {processor.py:183} INFO - Processing /opt/airflow/dags/orchestrate.py took 2.473 seconds
[2025-09-28T16:14:38.587+0000] {processor.py:161} INFO - Started process (PID=852) to work on /opt/airflow/dags/orchestrate.py
[2025-09-28T16:14:38.592+0000] {processor.py:830} INFO - Processing file /opt/airflow/dags/orchestrate.py for tasks to queue
[2025-09-28T16:14:38.596+0000] {logging_mixin.py:188} INFO - [2025-09-28T16:14:38.594+0000] {dagbag.py:545} INFO - Filling up the DagBag from /opt/airflow/dags/orchestrate.py
[2025-09-28T16:14:41.367+0000] {processor.py:840} INFO - DAG(s) 'pipeline_orchestrate' retrieved from /opt/airflow/dags/orchestrate.py
[2025-09-28T16:14:41.473+0000] {logging_mixin.py:188} INFO - [2025-09-28T16:14:41.472+0000] {dag.py:3089} INFO - Sync 1 DAGs
[2025-09-28T16:14:41.539+0000] {logging_mixin.py:188} INFO - [2025-09-28T16:14:41.539+0000] {dag.py:3947} INFO - Setting next_dagrun for pipeline_orchestrate to 2025-09-28 16:00:00+00:00, run_after=2025-09-28 17:00:00+00:00
[2025-09-28T16:14:41.629+0000] {processor.py:183} INFO - Processing /opt/airflow/dags/orchestrate.py took 3.063 seconds
[2025-09-28T16:15:11.864+0000] {processor.py:161} INFO - Started process (PID=858) to work on /opt/airflow/dags/orchestrate.py
[2025-09-28T16:15:11.867+0000] {processor.py:830} INFO - Processing file /opt/airflow/dags/orchestrate.py for tasks to queue
[2025-09-28T16:15:11.869+0000] {logging_mixin.py:188} INFO - [2025-09-28T16:15:11.868+0000] {dagbag.py:545} INFO - Filling up the DagBag from /opt/airflow/dags/orchestrate.py
[2025-09-28T16:15:13.202+0000] {processor.py:840} INFO - DAG(s) 'pipeline_orchestrate' retrieved from /opt/airflow/dags/orchestrate.py
[2025-09-28T16:15:13.413+0000] {logging_mixin.py:188} INFO - [2025-09-28T16:15:13.412+0000] {dag.py:3089} INFO - Sync 1 DAGs
[2025-09-28T16:15:13.472+0000] {logging_mixin.py:188} INFO - [2025-09-28T16:15:13.472+0000] {dag.py:3947} INFO - Setting next_dagrun for pipeline_orchestrate to 2025-09-28 16:00:00+00:00, run_after=2025-09-28 17:00:00+00:00
[2025-09-28T16:15:13.579+0000] {processor.py:183} INFO - Processing /opt/airflow/dags/orchestrate.py took 1.743 seconds
[2025-09-28T16:15:43.935+0000] {processor.py:161} INFO - Started process (PID=864) to work on /opt/airflow/dags/orchestrate.py
[2025-09-28T16:15:43.938+0000] {processor.py:830} INFO - Processing file /opt/airflow/dags/orchestrate.py for tasks to queue
[2025-09-28T16:15:43.941+0000] {logging_mixin.py:188} INFO - [2025-09-28T16:15:43.940+0000] {dagbag.py:545} INFO - Filling up the DagBag from /opt/airflow/dags/orchestrate.py
[2025-09-28T16:15:45.231+0000] {processor.py:840} INFO - DAG(s) 'pipeline_orchestrate' retrieved from /opt/airflow/dags/orchestrate.py
[2025-09-28T16:15:45.291+0000] {logging_mixin.py:188} INFO - [2025-09-28T16:15:45.291+0000] {dag.py:3089} INFO - Sync 1 DAGs
[2025-09-28T16:15:45.333+0000] {logging_mixin.py:188} INFO - [2025-09-28T16:15:45.332+0000] {dag.py:3947} INFO - Setting next_dagrun for pipeline_orchestrate to 2025-09-28 16:00:00+00:00, run_after=2025-09-28 17:00:00+00:00
[2025-09-28T16:15:45.389+0000] {processor.py:183} INFO - Processing /opt/airflow/dags/orchestrate.py took 1.485 seconds
[2025-09-28T16:16:15.708+0000] {processor.py:161} INFO - Started process (PID=870) to work on /opt/airflow/dags/orchestrate.py
[2025-09-28T16:16:15.710+0000] {processor.py:830} INFO - Processing file /opt/airflow/dags/orchestrate.py for tasks to queue
[2025-09-28T16:16:15.712+0000] {logging_mixin.py:188} INFO - [2025-09-28T16:16:15.711+0000] {dagbag.py:545} INFO - Filling up the DagBag from /opt/airflow/dags/orchestrate.py
[2025-09-28T16:16:17.007+0000] {processor.py:840} INFO - DAG(s) 'pipeline_orchestrate' retrieved from /opt/airflow/dags/orchestrate.py
[2025-09-28T16:16:17.066+0000] {logging_mixin.py:188} INFO - [2025-09-28T16:16:17.065+0000] {dag.py:3089} INFO - Sync 1 DAGs
[2025-09-28T16:16:17.104+0000] {logging_mixin.py:188} INFO - [2025-09-28T16:16:17.103+0000] {dag.py:3947} INFO - Setting next_dagrun for pipeline_orchestrate to 2025-09-28 16:00:00+00:00, run_after=2025-09-28 17:00:00+00:00
[2025-09-28T16:16:17.156+0000] {processor.py:183} INFO - Processing /opt/airflow/dags/orchestrate.py took 1.450 seconds
[2025-09-28T16:16:47.464+0000] {processor.py:161} INFO - Started process (PID=876) to work on /opt/airflow/dags/orchestrate.py
[2025-09-28T16:16:47.467+0000] {processor.py:830} INFO - Processing file /opt/airflow/dags/orchestrate.py for tasks to queue
[2025-09-28T16:16:47.470+0000] {logging_mixin.py:188} INFO - [2025-09-28T16:16:47.469+0000] {dagbag.py:545} INFO - Filling up the DagBag from /opt/airflow/dags/orchestrate.py
[2025-09-28T16:16:48.657+0000] {processor.py:840} INFO - DAG(s) 'pipeline_orchestrate' retrieved from /opt/airflow/dags/orchestrate.py
[2025-09-28T16:16:48.715+0000] {logging_mixin.py:188} INFO - [2025-09-28T16:16:48.714+0000] {dag.py:3089} INFO - Sync 1 DAGs
[2025-09-28T16:16:48.752+0000] {logging_mixin.py:188} INFO - [2025-09-28T16:16:48.752+0000] {dag.py:3947} INFO - Setting next_dagrun for pipeline_orchestrate to 2025-09-28 16:00:00+00:00, run_after=2025-09-28 17:00:00+00:00
[2025-09-28T16:16:48.788+0000] {processor.py:183} INFO - Processing /opt/airflow/dags/orchestrate.py took 1.338 seconds
[2025-09-28T16:17:19.087+0000] {processor.py:161} INFO - Started process (PID=882) to work on /opt/airflow/dags/orchestrate.py
[2025-09-28T16:17:19.088+0000] {processor.py:830} INFO - Processing file /opt/airflow/dags/orchestrate.py for tasks to queue
[2025-09-28T16:17:19.090+0000] {logging_mixin.py:188} INFO - [2025-09-28T16:17:19.089+0000] {dagbag.py:545} INFO - Filling up the DagBag from /opt/airflow/dags/orchestrate.py
[2025-09-28T16:17:20.282+0000] {processor.py:840} INFO - DAG(s) 'pipeline_orchestrate' retrieved from /opt/airflow/dags/orchestrate.py
[2025-09-28T16:17:20.343+0000] {logging_mixin.py:188} INFO - [2025-09-28T16:17:20.343+0000] {dag.py:3089} INFO - Sync 1 DAGs
[2025-09-28T16:17:20.383+0000] {logging_mixin.py:188} INFO - [2025-09-28T16:17:20.382+0000] {dag.py:3947} INFO - Setting next_dagrun for pipeline_orchestrate to 2025-09-28 16:00:00+00:00, run_after=2025-09-28 17:00:00+00:00
[2025-09-28T16:17:20.428+0000] {processor.py:183} INFO - Processing /opt/airflow/dags/orchestrate.py took 1.357 seconds
[2025-09-28T16:17:50.743+0000] {processor.py:161} INFO - Started process (PID=888) to work on /opt/airflow/dags/orchestrate.py
[2025-09-28T16:17:50.751+0000] {processor.py:830} INFO - Processing file /opt/airflow/dags/orchestrate.py for tasks to queue
[2025-09-28T16:17:50.754+0000] {logging_mixin.py:188} INFO - [2025-09-28T16:17:50.752+0000] {dagbag.py:545} INFO - Filling up the DagBag from /opt/airflow/dags/orchestrate.py
[2025-09-28T16:17:52.135+0000] {processor.py:840} INFO - DAG(s) 'pipeline_orchestrate' retrieved from /opt/airflow/dags/orchestrate.py
[2025-09-28T16:17:52.207+0000] {logging_mixin.py:188} INFO - [2025-09-28T16:17:52.206+0000] {dag.py:3089} INFO - Sync 1 DAGs
[2025-09-28T16:17:52.279+0000] {logging_mixin.py:188} INFO - [2025-09-28T16:17:52.278+0000] {dag.py:3947} INFO - Setting next_dagrun for pipeline_orchestrate to 2025-09-28 16:00:00+00:00, run_after=2025-09-28 17:00:00+00:00
[2025-09-28T16:17:52.370+0000] {processor.py:183} INFO - Processing /opt/airflow/dags/orchestrate.py took 1.644 seconds
[2025-09-28T16:18:22.530+0000] {processor.py:161} INFO - Started process (PID=894) to work on /opt/airflow/dags/orchestrate.py
[2025-09-28T16:18:22.533+0000] {processor.py:830} INFO - Processing file /opt/airflow/dags/orchestrate.py for tasks to queue
[2025-09-28T16:18:22.535+0000] {logging_mixin.py:188} INFO - [2025-09-28T16:18:22.534+0000] {dagbag.py:545} INFO - Filling up the DagBag from /opt/airflow/dags/orchestrate.py
[2025-09-28T16:18:24.867+0000] {processor.py:840} INFO - DAG(s) 'pipeline_orchestrate' retrieved from /opt/airflow/dags/orchestrate.py
[2025-09-28T16:18:24.960+0000] {logging_mixin.py:188} INFO - [2025-09-28T16:18:24.959+0000] {dag.py:3089} INFO - Sync 1 DAGs
[2025-09-28T16:18:25.042+0000] {logging_mixin.py:188} INFO - [2025-09-28T16:18:25.041+0000] {dag.py:3947} INFO - Setting next_dagrun for pipeline_orchestrate to 2025-09-28 16:00:00+00:00, run_after=2025-09-28 17:00:00+00:00
[2025-09-28T16:18:25.101+0000] {processor.py:183} INFO - Processing /opt/airflow/dags/orchestrate.py took 2.586 seconds
[2025-09-28T16:18:55.425+0000] {processor.py:161} INFO - Started process (PID=900) to work on /opt/airflow/dags/orchestrate.py
[2025-09-28T16:18:55.427+0000] {processor.py:830} INFO - Processing file /opt/airflow/dags/orchestrate.py for tasks to queue
[2025-09-28T16:18:55.430+0000] {logging_mixin.py:188} INFO - [2025-09-28T16:18:55.429+0000] {dagbag.py:545} INFO - Filling up the DagBag from /opt/airflow/dags/orchestrate.py
[2025-09-28T16:18:56.673+0000] {processor.py:840} INFO - DAG(s) 'pipeline_orchestrate' retrieved from /opt/airflow/dags/orchestrate.py
[2025-09-28T16:18:56.738+0000] {logging_mixin.py:188} INFO - [2025-09-28T16:18:56.737+0000] {dag.py:3089} INFO - Sync 1 DAGs
[2025-09-28T16:18:56.788+0000] {logging_mixin.py:188} INFO - [2025-09-28T16:18:56.787+0000] {dag.py:3947} INFO - Setting next_dagrun for pipeline_orchestrate to 2025-09-28 16:00:00+00:00, run_after=2025-09-28 17:00:00+00:00
[2025-09-28T16:18:56.841+0000] {processor.py:183} INFO - Processing /opt/airflow/dags/orchestrate.py took 1.438 seconds
[2025-09-28T16:19:27.143+0000] {processor.py:161} INFO - Started process (PID=911) to work on /opt/airflow/dags/orchestrate.py
[2025-09-28T16:19:27.146+0000] {processor.py:830} INFO - Processing file /opt/airflow/dags/orchestrate.py for tasks to queue
[2025-09-28T16:19:27.150+0000] {logging_mixin.py:188} INFO - [2025-09-28T16:19:27.148+0000] {dagbag.py:545} INFO - Filling up the DagBag from /opt/airflow/dags/orchestrate.py
[2025-09-28T16:19:28.682+0000] {processor.py:840} INFO - DAG(s) 'pipeline_orchestrate' retrieved from /opt/airflow/dags/orchestrate.py
[2025-09-28T16:19:28.740+0000] {logging_mixin.py:188} INFO - [2025-09-28T16:19:28.739+0000] {dag.py:3089} INFO - Sync 1 DAGs
[2025-09-28T16:19:28.778+0000] {logging_mixin.py:188} INFO - [2025-09-28T16:19:28.777+0000] {dag.py:3947} INFO - Setting next_dagrun for pipeline_orchestrate to 2025-09-28 16:00:00+00:00, run_after=2025-09-28 17:00:00+00:00
[2025-09-28T16:19:28.814+0000] {processor.py:183} INFO - Processing /opt/airflow/dags/orchestrate.py took 1.700 seconds
[2025-09-28T16:19:59.131+0000] {processor.py:161} INFO - Started process (PID=917) to work on /opt/airflow/dags/orchestrate.py
[2025-09-28T16:19:59.137+0000] {processor.py:830} INFO - Processing file /opt/airflow/dags/orchestrate.py for tasks to queue
[2025-09-28T16:19:59.142+0000] {logging_mixin.py:188} INFO - [2025-09-28T16:19:59.139+0000] {dagbag.py:545} INFO - Filling up the DagBag from /opt/airflow/dags/orchestrate.py
[2025-09-28T16:20:00.326+0000] {processor.py:840} INFO - DAG(s) 'pipeline_orchestrate' retrieved from /opt/airflow/dags/orchestrate.py
[2025-09-28T16:20:00.390+0000] {logging_mixin.py:188} INFO - [2025-09-28T16:20:00.389+0000] {dag.py:3089} INFO - Sync 1 DAGs
[2025-09-28T16:20:00.433+0000] {logging_mixin.py:188} INFO - [2025-09-28T16:20:00.432+0000] {dag.py:3947} INFO - Setting next_dagrun for pipeline_orchestrate to 2025-09-28 16:00:00+00:00, run_after=2025-09-28 17:00:00+00:00
[2025-09-28T16:20:00.475+0000] {processor.py:183} INFO - Processing /opt/airflow/dags/orchestrate.py took 1.359 seconds
[2025-09-28T16:20:30.596+0000] {processor.py:161} INFO - Started process (PID=923) to work on /opt/airflow/dags/orchestrate.py
[2025-09-28T16:20:30.611+0000] {processor.py:830} INFO - Processing file /opt/airflow/dags/orchestrate.py for tasks to queue
[2025-09-28T16:20:30.613+0000] {logging_mixin.py:188} INFO - [2025-09-28T16:20:30.613+0000] {dagbag.py:545} INFO - Filling up the DagBag from /opt/airflow/dags/orchestrate.py
[2025-09-28T16:20:31.907+0000] {processor.py:840} INFO - DAG(s) 'pipeline_orchestrate' retrieved from /opt/airflow/dags/orchestrate.py
[2025-09-28T16:20:31.966+0000] {logging_mixin.py:188} INFO - [2025-09-28T16:20:31.965+0000] {dag.py:3089} INFO - Sync 1 DAGs
[2025-09-28T16:20:32.009+0000] {logging_mixin.py:188} INFO - [2025-09-28T16:20:32.008+0000] {dag.py:3947} INFO - Setting next_dagrun for pipeline_orchestrate to 2025-09-28 16:00:00+00:00, run_after=2025-09-28 17:00:00+00:00
[2025-09-28T16:20:32.064+0000] {processor.py:183} INFO - Processing /opt/airflow/dags/orchestrate.py took 1.485 seconds
[2025-09-28T16:21:02.393+0000] {processor.py:161} INFO - Started process (PID=929) to work on /opt/airflow/dags/orchestrate.py
[2025-09-28T16:21:02.396+0000] {processor.py:830} INFO - Processing file /opt/airflow/dags/orchestrate.py for tasks to queue
[2025-09-28T16:21:02.398+0000] {logging_mixin.py:188} INFO - [2025-09-28T16:21:02.397+0000] {dagbag.py:545} INFO - Filling up the DagBag from /opt/airflow/dags/orchestrate.py
[2025-09-28T16:21:03.628+0000] {processor.py:840} INFO - DAG(s) 'pipeline_orchestrate' retrieved from /opt/airflow/dags/orchestrate.py
[2025-09-28T16:21:03.692+0000] {logging_mixin.py:188} INFO - [2025-09-28T16:21:03.691+0000] {dag.py:3089} INFO - Sync 1 DAGs
[2025-09-28T16:21:03.732+0000] {logging_mixin.py:188} INFO - [2025-09-28T16:21:03.732+0000] {dag.py:3947} INFO - Setting next_dagrun for pipeline_orchestrate to 2025-09-28 16:00:00+00:00, run_after=2025-09-28 17:00:00+00:00
[2025-09-28T16:21:03.788+0000] {processor.py:183} INFO - Processing /opt/airflow/dags/orchestrate.py took 1.410 seconds
[2025-09-28T16:21:34.107+0000] {processor.py:161} INFO - Started process (PID=935) to work on /opt/airflow/dags/orchestrate.py
[2025-09-28T16:21:34.109+0000] {processor.py:830} INFO - Processing file /opt/airflow/dags/orchestrate.py for tasks to queue
[2025-09-28T16:21:34.111+0000] {logging_mixin.py:188} INFO - [2025-09-28T16:21:34.110+0000] {dagbag.py:545} INFO - Filling up the DagBag from /opt/airflow/dags/orchestrate.py
[2025-09-28T16:21:35.325+0000] {processor.py:840} INFO - DAG(s) 'pipeline_orchestrate' retrieved from /opt/airflow/dags/orchestrate.py
[2025-09-28T16:21:35.385+0000] {logging_mixin.py:188} INFO - [2025-09-28T16:21:35.385+0000] {dag.py:3089} INFO - Sync 1 DAGs
[2025-09-28T16:21:35.429+0000] {logging_mixin.py:188} INFO - [2025-09-28T16:21:35.429+0000] {dag.py:3947} INFO - Setting next_dagrun for pipeline_orchestrate to 2025-09-28 16:00:00+00:00, run_after=2025-09-28 17:00:00+00:00
[2025-09-28T16:21:35.482+0000] {processor.py:183} INFO - Processing /opt/airflow/dags/orchestrate.py took 1.393 seconds
[2025-09-28T16:22:05.791+0000] {processor.py:161} INFO - Started process (PID=941) to work on /opt/airflow/dags/orchestrate.py
[2025-09-28T16:22:05.806+0000] {processor.py:830} INFO - Processing file /opt/airflow/dags/orchestrate.py for tasks to queue
[2025-09-28T16:22:05.808+0000] {logging_mixin.py:188} INFO - [2025-09-28T16:22:05.807+0000] {dagbag.py:545} INFO - Filling up the DagBag from /opt/airflow/dags/orchestrate.py
[2025-09-28T16:22:07.022+0000] {processor.py:840} INFO - DAG(s) 'pipeline_orchestrate' retrieved from /opt/airflow/dags/orchestrate.py
[2025-09-28T16:22:07.081+0000] {logging_mixin.py:188} INFO - [2025-09-28T16:22:07.080+0000] {dag.py:3089} INFO - Sync 1 DAGs
[2025-09-28T16:22:07.122+0000] {logging_mixin.py:188} INFO - [2025-09-28T16:22:07.121+0000] {dag.py:3947} INFO - Setting next_dagrun for pipeline_orchestrate to 2025-09-28 16:00:00+00:00, run_after=2025-09-28 17:00:00+00:00
[2025-09-28T16:22:07.175+0000] {processor.py:183} INFO - Processing /opt/airflow/dags/orchestrate.py took 1.399 seconds
[2025-09-28T16:22:37.489+0000] {processor.py:161} INFO - Started process (PID=947) to work on /opt/airflow/dags/orchestrate.py
[2025-09-28T16:22:37.491+0000] {processor.py:830} INFO - Processing file /opt/airflow/dags/orchestrate.py for tasks to queue
[2025-09-28T16:22:37.493+0000] {logging_mixin.py:188} INFO - [2025-09-28T16:22:37.492+0000] {dagbag.py:545} INFO - Filling up the DagBag from /opt/airflow/dags/orchestrate.py
[2025-09-28T16:22:38.643+0000] {processor.py:840} INFO - DAG(s) 'pipeline_orchestrate' retrieved from /opt/airflow/dags/orchestrate.py
[2025-09-28T16:22:38.703+0000] {logging_mixin.py:188} INFO - [2025-09-28T16:22:38.702+0000] {dag.py:3089} INFO - Sync 1 DAGs
[2025-09-28T16:22:38.741+0000] {logging_mixin.py:188} INFO - [2025-09-28T16:22:38.741+0000] {dag.py:3947} INFO - Setting next_dagrun for pipeline_orchestrate to 2025-09-28 16:00:00+00:00, run_after=2025-09-28 17:00:00+00:00
[2025-09-28T16:22:38.791+0000] {processor.py:183} INFO - Processing /opt/airflow/dags/orchestrate.py took 1.320 seconds
[2025-09-28T16:23:09.109+0000] {processor.py:161} INFO - Started process (PID=953) to work on /opt/airflow/dags/orchestrate.py
[2025-09-28T16:23:09.112+0000] {processor.py:830} INFO - Processing file /opt/airflow/dags/orchestrate.py for tasks to queue
[2025-09-28T16:23:09.114+0000] {logging_mixin.py:188} INFO - [2025-09-28T16:23:09.113+0000] {dagbag.py:545} INFO - Filling up the DagBag from /opt/airflow/dags/orchestrate.py
[2025-09-28T16:23:11.860+0000] {processor.py:840} INFO - DAG(s) 'pipeline_orchestrate' retrieved from /opt/airflow/dags/orchestrate.py
[2025-09-28T16:23:11.985+0000] {logging_mixin.py:188} INFO - [2025-09-28T16:23:11.984+0000] {dag.py:3089} INFO - Sync 1 DAGs
[2025-09-28T16:23:12.057+0000] {logging_mixin.py:188} INFO - [2025-09-28T16:23:12.056+0000] {dag.py:3947} INFO - Setting next_dagrun for pipeline_orchestrate to 2025-09-28 16:00:00+00:00, run_after=2025-09-28 17:00:00+00:00
[2025-09-28T16:23:12.095+0000] {processor.py:183} INFO - Processing /opt/airflow/dags/orchestrate.py took 3.007 seconds
