[2025-10-01T16:39:11.815+0000] {local_task_job_runner.py:120} INFO - ::group::Pre task execution logs
[2025-10-01T16:39:11.923+0000] {taskinstance.py:2076} INFO - Dependencies all met for dep_context=non-requeueable deps ti=<TaskInstance: pipeline_orchestrate.T_in_ELT manual__2025-10-01T16:38:53.024733+00:00 [queued]>
[2025-10-01T16:39:11.938+0000] {taskinstance.py:2076} INFO - Dependencies all met for dep_context=requeueable deps ti=<TaskInstance: pipeline_orchestrate.T_in_ELT manual__2025-10-01T16:38:53.024733+00:00 [queued]>
[2025-10-01T16:39:11.939+0000] {taskinstance.py:2306} INFO - Starting attempt 1 of 2
[2025-10-01T16:39:11.966+0000] {taskinstance.py:2330} INFO - Executing <Task(DockerOperator): T_in_ELT> on 2025-10-01 16:38:53.024733+00:00
[2025-10-01T16:39:11.991+0000] {standard_task_runner.py:90} INFO - Running: ['***', 'tasks', 'run', 'pipeline_orchestrate', 'T_in_ELT', 'manual__2025-10-01T16:38:53.024733+00:00', '--job-id', '118', '--raw', '--subdir', 'DAGS_FOLDER/orchestrate.py', '--cfg-path', '/tmp/tmpukufgjlh']
[2025-10-01T16:39:11.996+0000] {logging_mixin.py:188} WARNING - /home/***/.local/lib/python3.12/site-packages/***/task/task_runner/standard_task_runner.py:62 DeprecationWarning: This process (pid=335) is multi-threaded, use of fork() may lead to deadlocks in the child.
[2025-10-01T16:39:11.998+0000] {standard_task_runner.py:91} INFO - Job 118: Subtask T_in_ELT
[2025-10-01T16:39:11.998+0000] {standard_task_runner.py:64} INFO - Started process 337 to run task
[2025-10-01T16:39:12.123+0000] {task_command.py:426} INFO - Running <TaskInstance: pipeline_orchestrate.T_in_ELT manual__2025-10-01T16:38:53.024733+00:00 [running]> on host 4dc03bc859db
[2025-10-01T16:39:12.331+0000] {taskinstance.py:2648} INFO - Exporting env vars: AIRFLOW_CTX_DAG_OWNER='***' AIRFLOW_CTX_DAG_ID='pipeline_orchestrate' AIRFLOW_CTX_TASK_ID='T_in_ELT' AIRFLOW_CTX_EXECUTION_DATE='2025-10-01T16:38:53.024733+00:00' AIRFLOW_CTX_TRY_NUMBER='1' AIRFLOW_CTX_DAG_RUN_ID='manual__2025-10-01T16:38:53.024733+00:00'
[2025-10-01T16:39:12.333+0000] {taskinstance.py:430} INFO - ::endgroup::
[2025-10-01T16:39:12.490+0000] {docker.py:367} INFO - Starting docker container from image ghcr.io/dbt-labs/dbt-postgres:1.9.latest
[2025-10-01T16:39:15.687+0000] {docker.py:438} INFO - Usage: dbt [OPTIONS] COMMAND [ARGS]...
[2025-10-01T16:39:15.688+0000] {docker.py:438} INFO - Try 'dbt -h' for help.
[2025-10-01T16:39:15.688+0000] {docker.py:438} INFO - 
[2025-10-01T16:39:15.689+0000] {docker.py:438} INFO - Error: No such command 'dbt'.
[2025-10-01T16:39:16.474+0000] {taskinstance.py:441} INFO - ::group::Post task execution logs
[2025-10-01T16:39:16.504+0000] {taskinstance.py:2905} ERROR - Task failed with exception
Traceback (most recent call last):
  File "/home/airflow/.local/lib/python3.12/site-packages/airflow/models/taskinstance.py", line 465, in _execute_task
    result = _execute_callable(context=context, **execute_callable_kwargs)
             ^^^^^^^^^^^^^^^^^^^^^^^^^^^^^^^^^^^^^^^^^^^^^^^^^^^^^^^^^^^^^
  File "/home/airflow/.local/lib/python3.12/site-packages/airflow/models/taskinstance.py", line 432, in _execute_callable
    return execute_callable(context=context, **execute_callable_kwargs)
           ^^^^^^^^^^^^^^^^^^^^^^^^^^^^^^^^^^^^^^^^^^^^^^^^^^^^^^^^^^^^
  File "/home/airflow/.local/lib/python3.12/site-packages/airflow/models/baseoperator.py", line 401, in wrapper
    return func(self, *args, **kwargs)
           ^^^^^^^^^^^^^^^^^^^^^^^^^^^
  File "/home/airflow/.local/lib/python3.12/site-packages/airflow/providers/docker/operators/docker.py", line 513, in execute
    return self._run_image()
           ^^^^^^^^^^^^^^^^^
  File "/home/airflow/.local/lib/python3.12/site-packages/airflow/providers/docker/operators/docker.py", line 372, in _run_image
    return self._run_image_with_mounts([*self.mounts, tmp_mount], add_tmp_variable=True)
           ^^^^^^^^^^^^^^^^^^^^^^^^^^^^^^^^^^^^^^^^^^^^^^^^^^^^^^^^^^^^^^^^^^^^^^^^^^^^^
  File "/home/airflow/.local/lib/python3.12/site-packages/airflow/providers/docker/operators/docker.py", line 446, in _run_image_with_mounts
    raise DockerContainerFailedException(f"Docker container failed: {result!r}", logs=log_lines)
airflow.providers.docker.exceptions.DockerContainerFailedException: Docker container failed: {'StatusCode': 2}
[2025-10-01T16:39:16.512+0000] {taskinstance.py:1206} INFO - Marking task as UP_FOR_RETRY. dag_id=pipeline_orchestrate, task_id=T_in_ELT, run_id=manual__2025-10-01T16:38:53.024733+00:00, execution_date=20251001T163853, start_date=20251001T163911, end_date=20251001T163916
[2025-10-01T16:39:16.540+0000] {standard_task_runner.py:110} ERROR - Failed to execute job 118 for task T_in_ELT (Docker container failed: {'StatusCode': 2}; 337)
[2025-10-01T16:39:16.725+0000] {local_task_job_runner.py:243} INFO - Task exited with return code 1
[2025-10-01T16:39:16.771+0000] {taskinstance.py:3503} INFO - 0 downstream tasks scheduled from follow-on schedule check
[2025-10-01T16:39:16.777+0000] {local_task_job_runner.py:222} INFO - ::endgroup::
