[2025-10-01T17:00:18.572+0000] {local_task_job_runner.py:120} INFO - ::group::Pre task execution logs
[2025-10-01T17:00:18.781+0000] {taskinstance.py:2076} INFO - Dependencies all met for dep_context=non-requeueable deps ti=<TaskInstance: pipeline_orchestrate.T_in_ELT scheduled__2025-10-01T16:00:00+00:00 [queued]>
[2025-10-01T17:00:18.223+0000] {taskinstance.py:2076} INFO - Dependencies all met for dep_context=requeueable deps ti=<TaskInstance: pipeline_orchestrate.T_in_ELT scheduled__2025-10-01T16:00:00+00:00 [queued]>
[2025-10-01T17:00:18.224+0000] {taskinstance.py:2306} INFO - Starting attempt 1 of 2
[2025-10-01T17:00:18.268+0000] {taskinstance.py:2330} INFO - Executing <Task(DockerOperator): T_in_ELT> on 2025-10-01 16:00:00+00:00
[2025-10-01T17:00:18.307+0000] {standard_task_runner.py:90} INFO - Running: ['***', 'tasks', 'run', 'pipeline_orchestrate', 'T_in_ELT', 'scheduled__2025-10-01T16:00:00+00:00', '--job-id', '128', '--raw', '--subdir', 'DAGS_FOLDER/orchestrate.py', '--cfg-path', '/tmp/tmpklh7k_mb']
[2025-10-01T17:00:18.315+0000] {standard_task_runner.py:91} INFO - Job 128: Subtask T_in_ELT
[2025-10-01T17:00:18.315+0000] {logging_mixin.py:188} WARNING - /home/***/.local/lib/python3.12/site-packages/***/task/task_runner/standard_task_runner.py:62 DeprecationWarning: This process (pid=611) is multi-threaded, use of fork() may lead to deadlocks in the child.
[2025-10-01T17:00:18.317+0000] {standard_task_runner.py:64} INFO - Started process 613 to run task
[2025-10-01T17:00:17.877+0000] {task_command.py:426} INFO - Running <TaskInstance: pipeline_orchestrate.T_in_ELT scheduled__2025-10-01T16:00:00+00:00 [running]> on host 4dc03bc859db
[2025-10-01T17:00:18.180+0000] {taskinstance.py:2648} INFO - Exporting env vars: AIRFLOW_CTX_DAG_OWNER='***' AIRFLOW_CTX_DAG_ID='pipeline_orchestrate' AIRFLOW_CTX_TASK_ID='T_in_ELT' AIRFLOW_CTX_EXECUTION_DATE='2025-10-01T16:00:00+00:00' AIRFLOW_CTX_TRY_NUMBER='1' AIRFLOW_CTX_DAG_RUN_ID='scheduled__2025-10-01T16:00:00+00:00'
[2025-10-01T17:00:18.186+0000] {taskinstance.py:430} INFO - ::endgroup::
[2025-10-01T17:00:29.357+0000] {docker.py:157} ERROR - Failed to establish connection to Docker host unix://var/run/docker.sock: Error while fetching server API version: ('Connection aborted.', RemoteDisconnected('Remote end closed connection without response'))
[2025-10-01T17:00:29.421+0000] {taskinstance.py:441} INFO - ::group::Post task execution logs
[2025-10-01T17:00:30.364+0000] {taskinstance.py:2905} ERROR - Task failed with exception
Traceback (most recent call last):
  File "/home/airflow/.local/lib/python3.12/site-packages/airflow/models/taskinstance.py", line 465, in _execute_task
    result = _execute_callable(context=context, **execute_callable_kwargs)
             ^^^^^^^^^^^^^^^^^^^^^^^^^^^^^^^^^^^^^^^^^^^^^^^^^^^^^^^^^^^^^
  File "/home/airflow/.local/lib/python3.12/site-packages/airflow/models/taskinstance.py", line 432, in _execute_callable
    return execute_callable(context=context, **execute_callable_kwargs)
           ^^^^^^^^^^^^^^^^^^^^^^^^^^^^^^^^^^^^^^^^^^^^^^^^^^^^^^^^^^^^
  File "/home/airflow/.local/lib/python3.12/site-packages/airflow/models/baseoperator.py", line 401, in wrapper
    return func(self, *args, **kwargs)
           ^^^^^^^^^^^^^^^^^^^^^^^^^^^
  File "/home/airflow/.local/lib/python3.12/site-packages/airflow/providers/docker/operators/docker.py", line 495, in execute
    if self.force_pull or not self.cli.images(name=self.image):
                              ^^^^^^^^
  File "/home/airflow/.local/lib/python3.12/site-packages/airflow/providers/docker/operators/docker.py", line 363, in cli
    return self.hook.api_client
           ^^^^^^^^^^^^^^^^^^^^
  File "/usr/local/lib/python3.12/functools.py", line 995, in __get__
    val = self.func(instance)
          ^^^^^^^^^^^^^^^^^^^
  File "/home/airflow/.local/lib/python3.12/site-packages/airflow/providers/docker/hooks/docker.py", line 161, in api_client
    raise AirflowException("Failed to establish connection to any given Docker hosts.")
airflow.exceptions.AirflowException: Failed to establish connection to any given Docker hosts.
[2025-10-01T17:00:30.423+0000] {taskinstance.py:1206} INFO - Marking task as UP_FOR_RETRY. dag_id=pipeline_orchestrate, task_id=T_in_ELT, run_id=scheduled__2025-10-01T16:00:00+00:00, execution_date=20251001T160000, start_date=20251001T170018, end_date=20251001T170030
[2025-10-01T17:00:30.531+0000] {standard_task_runner.py:110} ERROR - Failed to execute job 128 for task T_in_ELT (Failed to establish connection to any given Docker hosts.; 613)
[2025-10-01T17:00:30.636+0000] {local_task_job_runner.py:243} INFO - Task exited with return code 1
[2025-10-01T17:00:30.791+0000] {taskinstance.py:3503} INFO - 0 downstream tasks scheduled from follow-on schedule check
[2025-10-01T17:00:30.798+0000] {local_task_job_runner.py:222} INFO - ::endgroup::
