[2025-10-01T16:45:42.661+0000] {local_task_job_runner.py:120} INFO - ::group::Pre task execution logs
[2025-10-01T16:45:42.777+0000] {taskinstance.py:2076} INFO - Dependencies all met for dep_context=non-requeueable deps ti=<TaskInstance: pipeline_orchestrate.docs manual__2025-10-01T16:45:37.608885+00:00 [queued]>
[2025-10-01T16:45:42.801+0000] {taskinstance.py:2076} INFO - Dependencies all met for dep_context=requeueable deps ti=<TaskInstance: pipeline_orchestrate.docs manual__2025-10-01T16:45:37.608885+00:00 [queued]>
[2025-10-01T16:45:42.802+0000] {taskinstance.py:2306} INFO - Starting attempt 1 of 2
[2025-10-01T16:45:42.847+0000] {taskinstance.py:2330} INFO - Executing <Task(DockerOperator): docs> on 2025-10-01 16:45:37.608885+00:00
[2025-10-01T16:45:42.923+0000] {logging_mixin.py:188} WARNING - /home/***/.local/lib/python3.12/site-packages/***/task/task_runner/standard_task_runner.py:62 DeprecationWarning: This process (pid=427) is multi-threaded, use of fork() may lead to deadlocks in the child.
[2025-10-01T16:45:42.908+0000] {standard_task_runner.py:90} INFO - Running: ['***', 'tasks', 'run', 'pipeline_orchestrate', 'docs', 'manual__2025-10-01T16:45:37.608885+00:00', '--job-id', '122', '--raw', '--subdir', 'DAGS_FOLDER/orchestrate.py', '--cfg-path', '/tmp/tmp72z0vhrj']
[2025-10-01T16:45:42.928+0000] {standard_task_runner.py:91} INFO - Job 122: Subtask docs
[2025-10-01T16:45:42.928+0000] {standard_task_runner.py:64} INFO - Started process 432 to run task
[2025-10-01T16:45:43.272+0000] {task_command.py:426} INFO - Running <TaskInstance: pipeline_orchestrate.docs manual__2025-10-01T16:45:37.608885+00:00 [running]> on host 4dc03bc859db
[2025-10-01T16:45:43.598+0000] {taskinstance.py:2648} INFO - Exporting env vars: AIRFLOW_CTX_DAG_OWNER='***' AIRFLOW_CTX_DAG_ID='pipeline_orchestrate' AIRFLOW_CTX_TASK_ID='docs' AIRFLOW_CTX_EXECUTION_DATE='2025-10-01T16:45:37.608885+00:00' AIRFLOW_CTX_TRY_NUMBER='1' AIRFLOW_CTX_DAG_RUN_ID='manual__2025-10-01T16:45:37.608885+00:00'
[2025-10-01T16:45:43.600+0000] {taskinstance.py:430} INFO - ::endgroup::
[2025-10-01T16:45:44.850+0000] {docker.py:367} INFO - Starting docker container from image ghcr.io/dbt-labs/dbt-postgres:1.9.latest
[2025-10-01T16:45:54.769+0000] {docker.py:438} INFO - [0m16:45:54  Running with dbt=1.9.0
[2025-10-01T16:45:55.648+0000] {docker.py:438} INFO - [0m16:45:55  Registered adapter: postgres=1.9.0
[2025-10-01T16:45:56.201+0000] {docker.py:438} INFO - [0m16:45:56  Found 2 models, 4 data tests, 1 source, 429 macros
[2025-10-01T16:45:56.207+0000] {docker.py:438} INFO - [0m16:45:56  
[2025-10-01T16:45:56.207+0000] {docker.py:438} INFO - [0m16:45:56  Concurrency: 4 threads (target='dev')
[2025-10-01T16:45:56.208+0000] {docker.py:438} INFO - [0m16:45:56
[2025-10-01T16:45:57.403+0000] {docker.py:438} INFO - [0m16:45:57  Building catalog
[2025-10-01T16:45:57.661+0000] {docker.py:438} INFO - [0m16:45:57  Catalog written to /usr/app/target/catalog.json
[2025-10-01T16:46:02.037+0000] {taskinstance.py:441} INFO - ::group::Post task execution logs
[2025-10-01T16:46:02.221+0000] {taskinstance.py:1206} INFO - Marking task as SUCCESS. dag_id=pipeline_orchestrate, task_id=docs, run_id=manual__2025-10-01T16:45:37.608885+00:00, execution_date=20251001T164537, start_date=20251001T164542, end_date=20251001T164602
[2025-10-01T16:46:02.305+0000] {local_task_job_runner.py:243} INFO - Task exited with return code 0
[2025-10-01T16:46:02.346+0000] {taskinstance.py:3503} INFO - 0 downstream tasks scheduled from follow-on schedule check
[2025-10-01T16:46:02.352+0000] {local_task_job_runner.py:222} INFO - ::endgroup::
