[2025-09-25T17:02:31.110+0000] {processor.py:161} INFO - Started process (PID=168) to work on /opt/airflow/dags/orchestrate.py
[2025-09-25T17:02:31.115+0000] {processor.py:830} INFO - Processing file /opt/airflow/dags/orchestrate.py for tasks to queue
[2025-09-25T17:02:31.160+0000] {logging_mixin.py:188} INFO - [2025-09-25T17:02:31.154+0000] {dagbag.py:545} INFO - Filling up the DagBag from /opt/airflow/dags/orchestrate.py
[2025-09-25T17:02:31.274+0000] {logging_mixin.py:188} INFO - [2025-09-25T17:02:31.257+0000] {dagbag.py:355} ERROR - Failed to import: /opt/airflow/dags/orchestrate.py
Traceback (most recent call last):
  File "/home/airflow/.local/lib/python3.12/site-packages/airflow/models/dagbag.py", line 351, in parse
    loader.exec_module(new_module)
  File "<frozen importlib._bootstrap_external>", line 995, in exec_module
  File "<frozen importlib._bootstrap>", line 488, in _call_with_frames_removed
  File "/opt/airflow/dags/orchestrate.py", line 27, in <module>
    python_callable=pull_rawfile,
                    ^^^^^^^^^^^^
NameError: name 'pull_rawfile' is not defined
[2025-09-25T17:02:31.287+0000] {processor.py:842} WARNING - No viable dags retrieved from /opt/airflow/dags/orchestrate.py
[2025-09-25T17:02:31.506+0000] {processor.py:183} INFO - Processing /opt/airflow/dags/orchestrate.py took 0.485 seconds
[2025-09-25T17:03:01.883+0000] {processor.py:161} INFO - Started process (PID=173) to work on /opt/airflow/dags/orchestrate.py
[2025-09-25T17:03:01.898+0000] {processor.py:830} INFO - Processing file /opt/airflow/dags/orchestrate.py for tasks to queue
[2025-09-25T17:03:01.903+0000] {logging_mixin.py:188} INFO - [2025-09-25T17:03:01.902+0000] {dagbag.py:545} INFO - Filling up the DagBag from /opt/airflow/dags/orchestrate.py
[2025-09-25T17:03:01.926+0000] {logging_mixin.py:188} INFO - [2025-09-25T17:03:01.914+0000] {dagbag.py:355} ERROR - Failed to import: /opt/airflow/dags/orchestrate.py
Traceback (most recent call last):
  File "/home/airflow/.local/lib/python3.12/site-packages/airflow/models/dagbag.py", line 351, in parse
    loader.exec_module(new_module)
  File "<frozen importlib._bootstrap_external>", line 995, in exec_module
  File "<frozen importlib._bootstrap>", line 488, in _call_with_frames_removed
  File "/opt/airflow/dags/orchestrate.py", line 27, in <module>
    python_callable=pull_rawfile,
                    ^^^^^^^^^^^^
NameError: name 'pull_rawfile' is not defined
[2025-09-25T17:03:01.939+0000] {processor.py:842} WARNING - No viable dags retrieved from /opt/airflow/dags/orchestrate.py
[2025-09-25T17:03:02.012+0000] {processor.py:183} INFO - Processing /opt/airflow/dags/orchestrate.py took 0.144 seconds
[2025-09-25T17:03:25.114+0000] {processor.py:161} INFO - Started process (PID=178) to work on /opt/airflow/dags/orchestrate.py
[2025-09-25T17:03:25.117+0000] {processor.py:830} INFO - Processing file /opt/airflow/dags/orchestrate.py for tasks to queue
[2025-09-25T17:03:25.122+0000] {logging_mixin.py:188} INFO - [2025-09-25T17:03:25.122+0000] {dagbag.py:545} INFO - Filling up the DagBag from /opt/airflow/dags/orchestrate.py
[2025-09-25T17:03:25.253+0000] {processor.py:840} INFO - DAG(s) 'pipeline_orchestrate' retrieved from /opt/airflow/dags/orchestrate.py
[2025-09-25T17:03:26.615+0000] {logging_mixin.py:188} INFO - [2025-09-25T17:03:26.612+0000] {override.py:1858} INFO - Created Permission View: can edit on DAG:pipeline_orchestrate
[2025-09-25T17:03:26.657+0000] {logging_mixin.py:188} INFO - [2025-09-25T17:03:26.657+0000] {override.py:1858} INFO - Created Permission View: can read on DAG:pipeline_orchestrate
[2025-09-25T17:03:26.674+0000] {logging_mixin.py:188} INFO - [2025-09-25T17:03:26.674+0000] {override.py:1858} INFO - Created Permission View: can delete on DAG:pipeline_orchestrate
[2025-09-25T17:03:26.675+0000] {logging_mixin.py:188} INFO - [2025-09-25T17:03:26.675+0000] {dag.py:3089} INFO - Sync 1 DAGs
[2025-09-25T17:03:26.747+0000] {logging_mixin.py:188} INFO - [2025-09-25T17:03:26.746+0000] {dag.py:3111} INFO - Creating ORM DAG for pipeline_orchestrate
[2025-09-25T17:03:26.851+0000] {logging_mixin.py:188} INFO - [2025-09-25T17:03:26.850+0000] {dag.py:3947} INFO - Setting next_dagrun for pipeline_orchestrate to 2025-09-25 17:02:00+00:00, run_after=2025-09-25 17:03:00+00:00
[2025-09-25T17:03:26.912+0000] {processor.py:183} INFO - Processing /opt/airflow/dags/orchestrate.py took 1.812 seconds
[2025-09-25T17:03:57.233+0000] {processor.py:161} INFO - Started process (PID=183) to work on /opt/airflow/dags/orchestrate.py
[2025-09-25T17:03:57.236+0000] {processor.py:830} INFO - Processing file /opt/airflow/dags/orchestrate.py for tasks to queue
[2025-09-25T17:03:57.241+0000] {logging_mixin.py:188} INFO - [2025-09-25T17:03:57.240+0000] {dagbag.py:545} INFO - Filling up the DagBag from /opt/airflow/dags/orchestrate.py
[2025-09-25T17:03:57.261+0000] {processor.py:840} INFO - DAG(s) 'pipeline_orchestrate' retrieved from /opt/airflow/dags/orchestrate.py
[2025-09-25T17:03:57.340+0000] {logging_mixin.py:188} INFO - [2025-09-25T17:03:57.340+0000] {dag.py:3089} INFO - Sync 1 DAGs
[2025-09-25T17:03:57.401+0000] {logging_mixin.py:188} INFO - [2025-09-25T17:03:57.401+0000] {dag.py:3947} INFO - Setting next_dagrun for pipeline_orchestrate to 2025-09-25 17:02:00+00:00, run_after=2025-09-25 17:03:00+00:00
[2025-09-25T17:03:57.448+0000] {processor.py:183} INFO - Processing /opt/airflow/dags/orchestrate.py took 0.228 seconds
[2025-09-25T17:04:27.731+0000] {processor.py:161} INFO - Started process (PID=188) to work on /opt/airflow/dags/orchestrate.py
[2025-09-25T17:04:27.734+0000] {processor.py:830} INFO - Processing file /opt/airflow/dags/orchestrate.py for tasks to queue
[2025-09-25T17:04:27.740+0000] {logging_mixin.py:188} INFO - [2025-09-25T17:04:27.739+0000] {dagbag.py:545} INFO - Filling up the DagBag from /opt/airflow/dags/orchestrate.py
[2025-09-25T17:04:27.760+0000] {processor.py:840} INFO - DAG(s) 'pipeline_orchestrate' retrieved from /opt/airflow/dags/orchestrate.py
[2025-09-25T17:04:27.846+0000] {logging_mixin.py:188} INFO - [2025-09-25T17:04:27.846+0000] {dag.py:3089} INFO - Sync 1 DAGs
[2025-09-25T17:04:27.902+0000] {logging_mixin.py:188} INFO - [2025-09-25T17:04:27.902+0000] {dag.py:3947} INFO - Setting next_dagrun for pipeline_orchestrate to 2025-09-25 17:03:00+00:00, run_after=2025-09-25 17:04:00+00:00
[2025-09-25T17:04:27.950+0000] {processor.py:183} INFO - Processing /opt/airflow/dags/orchestrate.py took 0.233 seconds
[2025-09-25T17:04:58.257+0000] {processor.py:161} INFO - Started process (PID=193) to work on /opt/airflow/dags/orchestrate.py
[2025-09-25T17:04:58.260+0000] {processor.py:830} INFO - Processing file /opt/airflow/dags/orchestrate.py for tasks to queue
[2025-09-25T17:04:58.266+0000] {logging_mixin.py:188} INFO - [2025-09-25T17:04:58.265+0000] {dagbag.py:545} INFO - Filling up the DagBag from /opt/airflow/dags/orchestrate.py
[2025-09-25T17:04:58.294+0000] {processor.py:840} INFO - DAG(s) 'pipeline_orchestrate' retrieved from /opt/airflow/dags/orchestrate.py
[2025-09-25T17:04:58.385+0000] {logging_mixin.py:188} INFO - [2025-09-25T17:04:58.384+0000] {dag.py:3089} INFO - Sync 1 DAGs
[2025-09-25T17:04:58.445+0000] {logging_mixin.py:188} INFO - [2025-09-25T17:04:58.445+0000] {dag.py:3947} INFO - Setting next_dagrun for pipeline_orchestrate to 2025-09-25 17:03:00+00:00, run_after=2025-09-25 17:04:00+00:00
[2025-09-25T17:04:58.497+0000] {processor.py:183} INFO - Processing /opt/airflow/dags/orchestrate.py took 0.257 seconds
[2025-09-25T17:05:28.818+0000] {processor.py:161} INFO - Started process (PID=198) to work on /opt/airflow/dags/orchestrate.py
[2025-09-25T17:05:28.821+0000] {processor.py:830} INFO - Processing file /opt/airflow/dags/orchestrate.py for tasks to queue
[2025-09-25T17:05:28.828+0000] {logging_mixin.py:188} INFO - [2025-09-25T17:05:28.827+0000] {dagbag.py:545} INFO - Filling up the DagBag from /opt/airflow/dags/orchestrate.py
[2025-09-25T17:05:28.862+0000] {processor.py:840} INFO - DAG(s) 'pipeline_orchestrate' retrieved from /opt/airflow/dags/orchestrate.py
[2025-09-25T17:05:28.960+0000] {logging_mixin.py:188} INFO - [2025-09-25T17:05:28.960+0000] {dag.py:3089} INFO - Sync 1 DAGs
[2025-09-25T17:05:29.024+0000] {logging_mixin.py:188} INFO - [2025-09-25T17:05:29.024+0000] {dag.py:3947} INFO - Setting next_dagrun for pipeline_orchestrate to 2025-09-25 17:04:00+00:00, run_after=2025-09-25 17:05:00+00:00
[2025-09-25T17:05:29.086+0000] {processor.py:183} INFO - Processing /opt/airflow/dags/orchestrate.py took 0.286 seconds
[2025-09-25T17:05:59.432+0000] {processor.py:161} INFO - Started process (PID=203) to work on /opt/airflow/dags/orchestrate.py
[2025-09-25T17:05:59.438+0000] {processor.py:830} INFO - Processing file /opt/airflow/dags/orchestrate.py for tasks to queue
[2025-09-25T17:05:59.446+0000] {logging_mixin.py:188} INFO - [2025-09-25T17:05:59.445+0000] {dagbag.py:545} INFO - Filling up the DagBag from /opt/airflow/dags/orchestrate.py
[2025-09-25T17:05:59.479+0000] {processor.py:840} INFO - DAG(s) 'pipeline_orchestrate' retrieved from /opt/airflow/dags/orchestrate.py
[2025-09-25T17:05:59.577+0000] {logging_mixin.py:188} INFO - [2025-09-25T17:05:59.576+0000] {dag.py:3089} INFO - Sync 1 DAGs
[2025-09-25T17:05:59.642+0000] {logging_mixin.py:188} INFO - [2025-09-25T17:05:59.641+0000] {dag.py:3947} INFO - Setting next_dagrun for pipeline_orchestrate to 2025-09-25 17:04:00+00:00, run_after=2025-09-25 17:05:00+00:00
[2025-09-25T17:05:59.691+0000] {processor.py:183} INFO - Processing /opt/airflow/dags/orchestrate.py took 0.280 seconds
[2025-09-25T17:06:30.008+0000] {processor.py:161} INFO - Started process (PID=208) to work on /opt/airflow/dags/orchestrate.py
[2025-09-25T17:06:30.024+0000] {processor.py:830} INFO - Processing file /opt/airflow/dags/orchestrate.py for tasks to queue
[2025-09-25T17:06:30.029+0000] {logging_mixin.py:188} INFO - [2025-09-25T17:06:30.029+0000] {dagbag.py:545} INFO - Filling up the DagBag from /opt/airflow/dags/orchestrate.py
[2025-09-25T17:06:30.058+0000] {processor.py:840} INFO - DAG(s) 'pipeline_orchestrate' retrieved from /opt/airflow/dags/orchestrate.py
[2025-09-25T17:06:30.142+0000] {logging_mixin.py:188} INFO - [2025-09-25T17:06:30.141+0000] {dag.py:3089} INFO - Sync 1 DAGs
[2025-09-25T17:06:30.196+0000] {logging_mixin.py:188} INFO - [2025-09-25T17:06:30.196+0000] {dag.py:3947} INFO - Setting next_dagrun for pipeline_orchestrate to 2025-09-25 17:05:00+00:00, run_after=2025-09-25 17:06:00+00:00
[2025-09-25T17:06:30.248+0000] {processor.py:183} INFO - Processing /opt/airflow/dags/orchestrate.py took 0.256 seconds
[2025-09-25T17:07:00.552+0000] {processor.py:161} INFO - Started process (PID=213) to work on /opt/airflow/dags/orchestrate.py
[2025-09-25T17:07:00.567+0000] {processor.py:830} INFO - Processing file /opt/airflow/dags/orchestrate.py for tasks to queue
[2025-09-25T17:07:00.572+0000] {logging_mixin.py:188} INFO - [2025-09-25T17:07:00.571+0000] {dagbag.py:545} INFO - Filling up the DagBag from /opt/airflow/dags/orchestrate.py
[2025-09-25T17:07:00.594+0000] {processor.py:840} INFO - DAG(s) 'pipeline_orchestrate' retrieved from /opt/airflow/dags/orchestrate.py
[2025-09-25T17:07:00.676+0000] {logging_mixin.py:188} INFO - [2025-09-25T17:07:00.675+0000] {dag.py:3089} INFO - Sync 1 DAGs
[2025-09-25T17:07:00.732+0000] {logging_mixin.py:188} INFO - [2025-09-25T17:07:00.732+0000] {dag.py:3947} INFO - Setting next_dagrun for pipeline_orchestrate to 2025-09-25 17:06:00+00:00, run_after=2025-09-25 17:07:00+00:00
[2025-09-25T17:07:00.778+0000] {processor.py:183} INFO - Processing /opt/airflow/dags/orchestrate.py took 0.241 seconds
[2025-09-25T17:07:31.073+0000] {processor.py:161} INFO - Started process (PID=218) to work on /opt/airflow/dags/orchestrate.py
[2025-09-25T17:07:31.075+0000] {processor.py:830} INFO - Processing file /opt/airflow/dags/orchestrate.py for tasks to queue
[2025-09-25T17:07:31.079+0000] {logging_mixin.py:188} INFO - [2025-09-25T17:07:31.079+0000] {dagbag.py:545} INFO - Filling up the DagBag from /opt/airflow/dags/orchestrate.py
[2025-09-25T17:07:31.110+0000] {processor.py:840} INFO - DAG(s) 'pipeline_orchestrate' retrieved from /opt/airflow/dags/orchestrate.py
[2025-09-25T17:07:31.189+0000] {logging_mixin.py:188} INFO - [2025-09-25T17:07:31.188+0000] {dag.py:3089} INFO - Sync 1 DAGs
[2025-09-25T17:07:31.242+0000] {logging_mixin.py:188} INFO - [2025-09-25T17:07:31.242+0000] {dag.py:3947} INFO - Setting next_dagrun for pipeline_orchestrate to 2025-09-25 17:06:00+00:00, run_after=2025-09-25 17:07:00+00:00
[2025-09-25T17:07:31.287+0000] {processor.py:183} INFO - Processing /opt/airflow/dags/orchestrate.py took 0.228 seconds
[2025-09-25T17:08:01.605+0000] {processor.py:161} INFO - Started process (PID=223) to work on /opt/airflow/dags/orchestrate.py
[2025-09-25T17:08:01.620+0000] {processor.py:830} INFO - Processing file /opt/airflow/dags/orchestrate.py for tasks to queue
[2025-09-25T17:08:01.625+0000] {logging_mixin.py:188} INFO - [2025-09-25T17:08:01.624+0000] {dagbag.py:545} INFO - Filling up the DagBag from /opt/airflow/dags/orchestrate.py
[2025-09-25T17:08:01.655+0000] {processor.py:840} INFO - DAG(s) 'pipeline_orchestrate' retrieved from /opt/airflow/dags/orchestrate.py
[2025-09-25T17:08:01.741+0000] {logging_mixin.py:188} INFO - [2025-09-25T17:08:01.740+0000] {dag.py:3089} INFO - Sync 1 DAGs
[2025-09-25T17:08:01.797+0000] {logging_mixin.py:188} INFO - [2025-09-25T17:08:01.797+0000] {dag.py:3947} INFO - Setting next_dagrun for pipeline_orchestrate to 2025-09-25 17:07:00+00:00, run_after=2025-09-25 17:08:00+00:00
[2025-09-25T17:08:01.845+0000] {processor.py:183} INFO - Processing /opt/airflow/dags/orchestrate.py took 0.256 seconds
[2025-09-25T17:08:32.147+0000] {processor.py:161} INFO - Started process (PID=228) to work on /opt/airflow/dags/orchestrate.py
[2025-09-25T17:08:32.150+0000] {processor.py:830} INFO - Processing file /opt/airflow/dags/orchestrate.py for tasks to queue
[2025-09-25T17:08:32.155+0000] {logging_mixin.py:188} INFO - [2025-09-25T17:08:32.154+0000] {dagbag.py:545} INFO - Filling up the DagBag from /opt/airflow/dags/orchestrate.py
[2025-09-25T17:08:32.179+0000] {processor.py:840} INFO - DAG(s) 'pipeline_orchestrate' retrieved from /opt/airflow/dags/orchestrate.py
[2025-09-25T17:08:32.257+0000] {logging_mixin.py:188} INFO - [2025-09-25T17:08:32.257+0000] {dag.py:3089} INFO - Sync 1 DAGs
[2025-09-25T17:08:32.312+0000] {logging_mixin.py:188} INFO - [2025-09-25T17:08:32.312+0000] {dag.py:3947} INFO - Setting next_dagrun for pipeline_orchestrate to 2025-09-25 17:07:00+00:00, run_after=2025-09-25 17:08:00+00:00
[2025-09-25T17:08:32.359+0000] {processor.py:183} INFO - Processing /opt/airflow/dags/orchestrate.py took 0.228 seconds
[2025-09-25T17:09:02.667+0000] {processor.py:161} INFO - Started process (PID=233) to work on /opt/airflow/dags/orchestrate.py
[2025-09-25T17:09:02.670+0000] {processor.py:830} INFO - Processing file /opt/airflow/dags/orchestrate.py for tasks to queue
[2025-09-25T17:09:02.675+0000] {logging_mixin.py:188} INFO - [2025-09-25T17:09:02.674+0000] {dagbag.py:545} INFO - Filling up the DagBag from /opt/airflow/dags/orchestrate.py
[2025-09-25T17:09:02.701+0000] {processor.py:840} INFO - DAG(s) 'pipeline_orchestrate' retrieved from /opt/airflow/dags/orchestrate.py
[2025-09-25T17:09:02.783+0000] {logging_mixin.py:188} INFO - [2025-09-25T17:09:02.782+0000] {dag.py:3089} INFO - Sync 1 DAGs
[2025-09-25T17:09:02.837+0000] {logging_mixin.py:188} INFO - [2025-09-25T17:09:02.837+0000] {dag.py:3947} INFO - Setting next_dagrun for pipeline_orchestrate to 2025-09-25 17:08:00+00:00, run_after=2025-09-25 17:09:00+00:00
[2025-09-25T17:09:02.886+0000] {processor.py:183} INFO - Processing /opt/airflow/dags/orchestrate.py took 0.236 seconds
[2025-09-25T17:09:33.192+0000] {processor.py:161} INFO - Started process (PID=238) to work on /opt/airflow/dags/orchestrate.py
[2025-09-25T17:09:33.195+0000] {processor.py:830} INFO - Processing file /opt/airflow/dags/orchestrate.py for tasks to queue
[2025-09-25T17:09:33.201+0000] {logging_mixin.py:188} INFO - [2025-09-25T17:09:33.200+0000] {dagbag.py:545} INFO - Filling up the DagBag from /opt/airflow/dags/orchestrate.py
[2025-09-25T17:09:33.227+0000] {processor.py:840} INFO - DAG(s) 'pipeline_orchestrate' retrieved from /opt/airflow/dags/orchestrate.py
[2025-09-25T17:09:33.310+0000] {logging_mixin.py:188} INFO - [2025-09-25T17:09:33.309+0000] {dag.py:3089} INFO - Sync 1 DAGs
[2025-09-25T17:09:33.369+0000] {logging_mixin.py:188} INFO - [2025-09-25T17:09:33.368+0000] {dag.py:3947} INFO - Setting next_dagrun for pipeline_orchestrate to 2025-09-25 17:08:00+00:00, run_after=2025-09-25 17:09:00+00:00
[2025-09-25T17:09:33.420+0000] {processor.py:183} INFO - Processing /opt/airflow/dags/orchestrate.py took 0.246 seconds
[2025-09-25T17:10:03.742+0000] {processor.py:161} INFO - Started process (PID=243) to work on /opt/airflow/dags/orchestrate.py
[2025-09-25T17:10:03.758+0000] {processor.py:830} INFO - Processing file /opt/airflow/dags/orchestrate.py for tasks to queue
[2025-09-25T17:10:03.763+0000] {logging_mixin.py:188} INFO - [2025-09-25T17:10:03.762+0000] {dagbag.py:545} INFO - Filling up the DagBag from /opt/airflow/dags/orchestrate.py
[2025-09-25T17:10:03.788+0000] {processor.py:840} INFO - DAG(s) 'pipeline_orchestrate' retrieved from /opt/airflow/dags/orchestrate.py
[2025-09-25T17:10:03.874+0000] {logging_mixin.py:188} INFO - [2025-09-25T17:10:03.874+0000] {dag.py:3089} INFO - Sync 1 DAGs
[2025-09-25T17:10:03.929+0000] {logging_mixin.py:188} INFO - [2025-09-25T17:10:03.928+0000] {dag.py:3947} INFO - Setting next_dagrun for pipeline_orchestrate to 2025-09-25 17:09:00+00:00, run_after=2025-09-25 17:10:00+00:00
[2025-09-25T17:10:03.980+0000] {processor.py:183} INFO - Processing /opt/airflow/dags/orchestrate.py took 0.255 seconds
[2025-09-25T17:10:34.282+0000] {processor.py:161} INFO - Started process (PID=248) to work on /opt/airflow/dags/orchestrate.py
[2025-09-25T17:10:34.286+0000] {processor.py:830} INFO - Processing file /opt/airflow/dags/orchestrate.py for tasks to queue
[2025-09-25T17:10:34.291+0000] {logging_mixin.py:188} INFO - [2025-09-25T17:10:34.290+0000] {dagbag.py:545} INFO - Filling up the DagBag from /opt/airflow/dags/orchestrate.py
[2025-09-25T17:10:34.316+0000] {processor.py:840} INFO - DAG(s) 'pipeline_orchestrate' retrieved from /opt/airflow/dags/orchestrate.py
[2025-09-25T17:10:34.397+0000] {logging_mixin.py:188} INFO - [2025-09-25T17:10:34.396+0000] {dag.py:3089} INFO - Sync 1 DAGs
[2025-09-25T17:10:34.454+0000] {logging_mixin.py:188} INFO - [2025-09-25T17:10:34.454+0000] {dag.py:3947} INFO - Setting next_dagrun for pipeline_orchestrate to 2025-09-25 17:09:00+00:00, run_after=2025-09-25 17:10:00+00:00
[2025-09-25T17:10:34.507+0000] {processor.py:183} INFO - Processing /opt/airflow/dags/orchestrate.py took 0.241 seconds
[2025-09-25T17:11:04.814+0000] {processor.py:161} INFO - Started process (PID=253) to work on /opt/airflow/dags/orchestrate.py
[2025-09-25T17:11:04.818+0000] {processor.py:830} INFO - Processing file /opt/airflow/dags/orchestrate.py for tasks to queue
[2025-09-25T17:11:04.824+0000] {logging_mixin.py:188} INFO - [2025-09-25T17:11:04.822+0000] {dagbag.py:545} INFO - Filling up the DagBag from /opt/airflow/dags/orchestrate.py
[2025-09-25T17:11:04.848+0000] {processor.py:840} INFO - DAG(s) 'pipeline_orchestrate' retrieved from /opt/airflow/dags/orchestrate.py
[2025-09-25T17:11:04.926+0000] {logging_mixin.py:188} INFO - [2025-09-25T17:11:04.925+0000] {dag.py:3089} INFO - Sync 1 DAGs
[2025-09-25T17:11:04.986+0000] {logging_mixin.py:188} INFO - [2025-09-25T17:11:04.985+0000] {dag.py:3947} INFO - Setting next_dagrun for pipeline_orchestrate to 2025-09-25 17:10:00+00:00, run_after=2025-09-25 17:11:00+00:00
[2025-09-25T17:11:05.038+0000] {processor.py:183} INFO - Processing /opt/airflow/dags/orchestrate.py took 0.239 seconds
[2025-09-25T17:11:35.338+0000] {processor.py:161} INFO - Started process (PID=258) to work on /opt/airflow/dags/orchestrate.py
[2025-09-25T17:11:35.365+0000] {processor.py:830} INFO - Processing file /opt/airflow/dags/orchestrate.py for tasks to queue
[2025-09-25T17:11:35.370+0000] {logging_mixin.py:188} INFO - [2025-09-25T17:11:35.369+0000] {dagbag.py:545} INFO - Filling up the DagBag from /opt/airflow/dags/orchestrate.py
[2025-09-25T17:11:35.395+0000] {processor.py:840} INFO - DAG(s) 'pipeline_orchestrate' retrieved from /opt/airflow/dags/orchestrate.py
[2025-09-25T17:11:35.477+0000] {logging_mixin.py:188} INFO - [2025-09-25T17:11:35.477+0000] {dag.py:3089} INFO - Sync 1 DAGs
[2025-09-25T17:11:35.533+0000] {logging_mixin.py:188} INFO - [2025-09-25T17:11:35.532+0000] {dag.py:3947} INFO - Setting next_dagrun for pipeline_orchestrate to 2025-09-25 17:10:00+00:00, run_after=2025-09-25 17:11:00+00:00
[2025-09-25T17:11:35.583+0000] {processor.py:183} INFO - Processing /opt/airflow/dags/orchestrate.py took 0.262 seconds
[2025-09-25T17:12:05.893+0000] {processor.py:161} INFO - Started process (PID=263) to work on /opt/airflow/dags/orchestrate.py
[2025-09-25T17:12:05.896+0000] {processor.py:830} INFO - Processing file /opt/airflow/dags/orchestrate.py for tasks to queue
[2025-09-25T17:12:05.900+0000] {logging_mixin.py:188} INFO - [2025-09-25T17:12:05.899+0000] {dagbag.py:545} INFO - Filling up the DagBag from /opt/airflow/dags/orchestrate.py
[2025-09-25T17:12:05.924+0000] {processor.py:840} INFO - DAG(s) 'pipeline_orchestrate' retrieved from /opt/airflow/dags/orchestrate.py
[2025-09-25T17:12:06.007+0000] {logging_mixin.py:188} INFO - [2025-09-25T17:12:06.006+0000] {dag.py:3089} INFO - Sync 1 DAGs
[2025-09-25T17:12:06.067+0000] {logging_mixin.py:188} INFO - [2025-09-25T17:12:06.066+0000] {dag.py:3947} INFO - Setting next_dagrun for pipeline_orchestrate to 2025-09-25 17:11:00+00:00, run_after=2025-09-25 17:12:00+00:00
[2025-09-25T17:12:06.113+0000] {processor.py:183} INFO - Processing /opt/airflow/dags/orchestrate.py took 0.235 seconds
[2025-09-25T17:12:36.414+0000] {processor.py:161} INFO - Started process (PID=268) to work on /opt/airflow/dags/orchestrate.py
[2025-09-25T17:12:36.429+0000] {processor.py:830} INFO - Processing file /opt/airflow/dags/orchestrate.py for tasks to queue
[2025-09-25T17:12:36.434+0000] {logging_mixin.py:188} INFO - [2025-09-25T17:12:36.433+0000] {dagbag.py:545} INFO - Filling up the DagBag from /opt/airflow/dags/orchestrate.py
[2025-09-25T17:12:36.458+0000] {processor.py:840} INFO - DAG(s) 'pipeline_orchestrate' retrieved from /opt/airflow/dags/orchestrate.py
[2025-09-25T17:12:36.535+0000] {logging_mixin.py:188} INFO - [2025-09-25T17:12:36.535+0000] {dag.py:3089} INFO - Sync 1 DAGs
[2025-09-25T17:12:36.589+0000] {logging_mixin.py:188} INFO - [2025-09-25T17:12:36.589+0000] {dag.py:3947} INFO - Setting next_dagrun for pipeline_orchestrate to 2025-09-25 17:11:00+00:00, run_after=2025-09-25 17:12:00+00:00
[2025-09-25T17:12:36.639+0000] {processor.py:183} INFO - Processing /opt/airflow/dags/orchestrate.py took 0.240 seconds
[2025-09-25T17:13:06.938+0000] {processor.py:161} INFO - Started process (PID=273) to work on /opt/airflow/dags/orchestrate.py
[2025-09-25T17:13:06.941+0000] {processor.py:830} INFO - Processing file /opt/airflow/dags/orchestrate.py for tasks to queue
[2025-09-25T17:13:06.946+0000] {logging_mixin.py:188} INFO - [2025-09-25T17:13:06.945+0000] {dagbag.py:545} INFO - Filling up the DagBag from /opt/airflow/dags/orchestrate.py
[2025-09-25T17:13:06.973+0000] {processor.py:840} INFO - DAG(s) 'pipeline_orchestrate' retrieved from /opt/airflow/dags/orchestrate.py
[2025-09-25T17:13:07.052+0000] {logging_mixin.py:188} INFO - [2025-09-25T17:13:07.052+0000] {dag.py:3089} INFO - Sync 1 DAGs
[2025-09-25T17:13:07.104+0000] {logging_mixin.py:188} INFO - [2025-09-25T17:13:07.104+0000] {dag.py:3947} INFO - Setting next_dagrun for pipeline_orchestrate to 2025-09-25 17:12:00+00:00, run_after=2025-09-25 17:13:00+00:00
[2025-09-25T17:13:07.152+0000] {processor.py:183} INFO - Processing /opt/airflow/dags/orchestrate.py took 0.229 seconds
[2025-09-25T17:13:37.455+0000] {processor.py:161} INFO - Started process (PID=278) to work on /opt/airflow/dags/orchestrate.py
[2025-09-25T17:13:37.459+0000] {processor.py:830} INFO - Processing file /opt/airflow/dags/orchestrate.py for tasks to queue
[2025-09-25T17:13:37.463+0000] {logging_mixin.py:188} INFO - [2025-09-25T17:13:37.463+0000] {dagbag.py:545} INFO - Filling up the DagBag from /opt/airflow/dags/orchestrate.py
[2025-09-25T17:13:37.488+0000] {processor.py:840} INFO - DAG(s) 'pipeline_orchestrate' retrieved from /opt/airflow/dags/orchestrate.py
[2025-09-25T17:13:37.566+0000] {logging_mixin.py:188} INFO - [2025-09-25T17:13:37.566+0000] {dag.py:3089} INFO - Sync 1 DAGs
[2025-09-25T17:13:37.619+0000] {logging_mixin.py:188} INFO - [2025-09-25T17:13:37.618+0000] {dag.py:3947} INFO - Setting next_dagrun for pipeline_orchestrate to 2025-09-25 17:12:00+00:00, run_after=2025-09-25 17:13:00+00:00
[2025-09-25T17:13:37.664+0000] {processor.py:183} INFO - Processing /opt/airflow/dags/orchestrate.py took 0.223 seconds
[2025-09-25T17:14:07.974+0000] {processor.py:161} INFO - Started process (PID=283) to work on /opt/airflow/dags/orchestrate.py
[2025-09-25T17:14:07.988+0000] {processor.py:830} INFO - Processing file /opt/airflow/dags/orchestrate.py for tasks to queue
[2025-09-25T17:14:07.994+0000] {logging_mixin.py:188} INFO - [2025-09-25T17:14:07.993+0000] {dagbag.py:545} INFO - Filling up the DagBag from /opt/airflow/dags/orchestrate.py
[2025-09-25T17:14:08.019+0000] {processor.py:840} INFO - DAG(s) 'pipeline_orchestrate' retrieved from /opt/airflow/dags/orchestrate.py
[2025-09-25T17:14:08.099+0000] {logging_mixin.py:188} INFO - [2025-09-25T17:14:08.098+0000] {dag.py:3089} INFO - Sync 1 DAGs
[2025-09-25T17:14:08.152+0000] {logging_mixin.py:188} INFO - [2025-09-25T17:14:08.151+0000] {dag.py:3947} INFO - Setting next_dagrun for pipeline_orchestrate to 2025-09-25 17:13:00+00:00, run_after=2025-09-25 17:14:00+00:00
[2025-09-25T17:14:08.201+0000] {processor.py:183} INFO - Processing /opt/airflow/dags/orchestrate.py took 0.242 seconds
[2025-09-25T17:14:38.499+0000] {processor.py:161} INFO - Started process (PID=288) to work on /opt/airflow/dags/orchestrate.py
[2025-09-25T17:14:38.514+0000] {processor.py:830} INFO - Processing file /opt/airflow/dags/orchestrate.py for tasks to queue
[2025-09-25T17:14:38.519+0000] {logging_mixin.py:188} INFO - [2025-09-25T17:14:38.518+0000] {dagbag.py:545} INFO - Filling up the DagBag from /opt/airflow/dags/orchestrate.py
[2025-09-25T17:14:38.544+0000] {processor.py:840} INFO - DAG(s) 'pipeline_orchestrate' retrieved from /opt/airflow/dags/orchestrate.py
[2025-09-25T17:14:38.624+0000] {logging_mixin.py:188} INFO - [2025-09-25T17:14:38.623+0000] {dag.py:3089} INFO - Sync 1 DAGs
[2025-09-25T17:14:38.676+0000] {logging_mixin.py:188} INFO - [2025-09-25T17:14:38.676+0000] {dag.py:3947} INFO - Setting next_dagrun for pipeline_orchestrate to 2025-09-25 17:13:00+00:00, run_after=2025-09-25 17:14:00+00:00
[2025-09-25T17:14:38.721+0000] {processor.py:183} INFO - Processing /opt/airflow/dags/orchestrate.py took 0.238 seconds
[2025-09-25T17:15:09.024+0000] {processor.py:161} INFO - Started process (PID=293) to work on /opt/airflow/dags/orchestrate.py
[2025-09-25T17:15:09.039+0000] {processor.py:830} INFO - Processing file /opt/airflow/dags/orchestrate.py for tasks to queue
[2025-09-25T17:15:09.045+0000] {logging_mixin.py:188} INFO - [2025-09-25T17:15:09.044+0000] {dagbag.py:545} INFO - Filling up the DagBag from /opt/airflow/dags/orchestrate.py
[2025-09-25T17:15:09.071+0000] {processor.py:840} INFO - DAG(s) 'pipeline_orchestrate' retrieved from /opt/airflow/dags/orchestrate.py
[2025-09-25T17:15:09.154+0000] {logging_mixin.py:188} INFO - [2025-09-25T17:15:09.154+0000] {dag.py:3089} INFO - Sync 1 DAGs
[2025-09-25T17:15:09.211+0000] {logging_mixin.py:188} INFO - [2025-09-25T17:15:09.211+0000] {dag.py:3947} INFO - Setting next_dagrun for pipeline_orchestrate to 2025-09-25 17:14:00+00:00, run_after=2025-09-25 17:15:00+00:00
[2025-09-25T17:15:09.260+0000] {processor.py:183} INFO - Processing /opt/airflow/dags/orchestrate.py took 0.252 seconds
[2025-09-25T17:15:39.583+0000] {processor.py:161} INFO - Started process (PID=298) to work on /opt/airflow/dags/orchestrate.py
[2025-09-25T17:15:39.587+0000] {processor.py:830} INFO - Processing file /opt/airflow/dags/orchestrate.py for tasks to queue
[2025-09-25T17:15:39.592+0000] {logging_mixin.py:188} INFO - [2025-09-25T17:15:39.591+0000] {dagbag.py:545} INFO - Filling up the DagBag from /opt/airflow/dags/orchestrate.py
[2025-09-25T17:15:39.618+0000] {processor.py:840} INFO - DAG(s) 'pipeline_orchestrate' retrieved from /opt/airflow/dags/orchestrate.py
[2025-09-25T17:15:39.698+0000] {logging_mixin.py:188} INFO - [2025-09-25T17:15:39.698+0000] {dag.py:3089} INFO - Sync 1 DAGs
[2025-09-25T17:15:39.754+0000] {logging_mixin.py:188} INFO - [2025-09-25T17:15:39.754+0000] {dag.py:3947} INFO - Setting next_dagrun for pipeline_orchestrate to 2025-09-25 17:14:00+00:00, run_after=2025-09-25 17:15:00+00:00
[2025-09-25T17:15:39.798+0000] {processor.py:183} INFO - Processing /opt/airflow/dags/orchestrate.py took 0.230 seconds
[2025-09-25T17:16:10.106+0000] {processor.py:161} INFO - Started process (PID=303) to work on /opt/airflow/dags/orchestrate.py
[2025-09-25T17:16:10.109+0000] {processor.py:830} INFO - Processing file /opt/airflow/dags/orchestrate.py for tasks to queue
[2025-09-25T17:16:10.115+0000] {logging_mixin.py:188} INFO - [2025-09-25T17:16:10.113+0000] {dagbag.py:545} INFO - Filling up the DagBag from /opt/airflow/dags/orchestrate.py
[2025-09-25T17:16:10.142+0000] {processor.py:840} INFO - DAG(s) 'pipeline_orchestrate' retrieved from /opt/airflow/dags/orchestrate.py
[2025-09-25T17:16:10.226+0000] {logging_mixin.py:188} INFO - [2025-09-25T17:16:10.226+0000] {dag.py:3089} INFO - Sync 1 DAGs
[2025-09-25T17:16:10.280+0000] {logging_mixin.py:188} INFO - [2025-09-25T17:16:10.280+0000] {dag.py:3947} INFO - Setting next_dagrun for pipeline_orchestrate to 2025-09-25 17:15:00+00:00, run_after=2025-09-25 17:16:00+00:00
[2025-09-25T17:16:10.344+0000] {processor.py:183} INFO - Processing /opt/airflow/dags/orchestrate.py took 0.253 seconds
[2025-09-25T17:16:40.427+0000] {processor.py:161} INFO - Started process (PID=308) to work on /opt/airflow/dags/orchestrate.py
[2025-09-25T17:16:40.443+0000] {processor.py:830} INFO - Processing file /opt/airflow/dags/orchestrate.py for tasks to queue
[2025-09-25T17:16:40.448+0000] {logging_mixin.py:188} INFO - [2025-09-25T17:16:40.448+0000] {dagbag.py:545} INFO - Filling up the DagBag from /opt/airflow/dags/orchestrate.py
[2025-09-25T17:16:40.482+0000] {processor.py:840} INFO - DAG(s) 'pipeline_orchestrate' retrieved from /opt/airflow/dags/orchestrate.py
[2025-09-25T17:16:40.586+0000] {logging_mixin.py:188} INFO - [2025-09-25T17:16:40.586+0000] {dag.py:3089} INFO - Sync 1 DAGs
[2025-09-25T17:16:40.658+0000] {logging_mixin.py:188} INFO - [2025-09-25T17:16:40.657+0000] {dag.py:3947} INFO - Setting next_dagrun for pipeline_orchestrate to 2025-09-25 17:15:00+00:00, run_after=2025-09-25 17:16:00+00:00
[2025-09-25T17:16:40.732+0000] {processor.py:183} INFO - Processing /opt/airflow/dags/orchestrate.py took 0.322 seconds
[2025-09-25T17:17:10.997+0000] {processor.py:161} INFO - Started process (PID=313) to work on /opt/airflow/dags/orchestrate.py
[2025-09-25T17:17:11.012+0000] {processor.py:830} INFO - Processing file /opt/airflow/dags/orchestrate.py for tasks to queue
[2025-09-25T17:17:11.018+0000] {logging_mixin.py:188} INFO - [2025-09-25T17:17:11.017+0000] {dagbag.py:545} INFO - Filling up the DagBag from /opt/airflow/dags/orchestrate.py
[2025-09-25T17:17:11.049+0000] {processor.py:840} INFO - DAG(s) 'pipeline_orchestrate' retrieved from /opt/airflow/dags/orchestrate.py
[2025-09-25T17:17:11.146+0000] {logging_mixin.py:188} INFO - [2025-09-25T17:17:11.146+0000] {dag.py:3089} INFO - Sync 1 DAGs
[2025-09-25T17:17:11.217+0000] {logging_mixin.py:188} INFO - [2025-09-25T17:17:11.216+0000] {dag.py:3947} INFO - Setting next_dagrun for pipeline_orchestrate to 2025-09-25 17:16:00+00:00, run_after=2025-09-25 17:17:00+00:00
[2025-09-25T17:17:11.299+0000] {processor.py:183} INFO - Processing /opt/airflow/dags/orchestrate.py took 0.319 seconds
[2025-09-25T17:17:41.434+0000] {processor.py:161} INFO - Started process (PID=318) to work on /opt/airflow/dags/orchestrate.py
[2025-09-25T17:17:41.438+0000] {processor.py:830} INFO - Processing file /opt/airflow/dags/orchestrate.py for tasks to queue
[2025-09-25T17:17:41.447+0000] {logging_mixin.py:188} INFO - [2025-09-25T17:17:41.446+0000] {dagbag.py:545} INFO - Filling up the DagBag from /opt/airflow/dags/orchestrate.py
[2025-09-25T17:17:41.475+0000] {processor.py:840} INFO - DAG(s) 'pipeline_orchestrate' retrieved from /opt/airflow/dags/orchestrate.py
[2025-09-25T17:17:41.583+0000] {logging_mixin.py:188} INFO - [2025-09-25T17:17:41.582+0000] {dag.py:3089} INFO - Sync 1 DAGs
[2025-09-25T17:17:41.658+0000] {logging_mixin.py:188} INFO - [2025-09-25T17:17:41.657+0000] {dag.py:3947} INFO - Setting next_dagrun for pipeline_orchestrate to 2025-09-25 17:16:00+00:00, run_after=2025-09-25 17:17:00+00:00
[2025-09-25T17:17:41.717+0000] {processor.py:183} INFO - Processing /opt/airflow/dags/orchestrate.py took 0.307 seconds
[2025-09-25T17:18:11.961+0000] {processor.py:161} INFO - Started process (PID=323) to work on /opt/airflow/dags/orchestrate.py
[2025-09-25T17:18:11.965+0000] {processor.py:830} INFO - Processing file /opt/airflow/dags/orchestrate.py for tasks to queue
[2025-09-25T17:18:11.970+0000] {logging_mixin.py:188} INFO - [2025-09-25T17:18:11.970+0000] {dagbag.py:545} INFO - Filling up the DagBag from /opt/airflow/dags/orchestrate.py
[2025-09-25T17:18:12.006+0000] {processor.py:840} INFO - DAG(s) 'pipeline_orchestrate' retrieved from /opt/airflow/dags/orchestrate.py
[2025-09-25T17:18:12.126+0000] {logging_mixin.py:188} INFO - [2025-09-25T17:18:12.125+0000] {dag.py:3089} INFO - Sync 1 DAGs
[2025-09-25T17:18:12.194+0000] {logging_mixin.py:188} INFO - [2025-09-25T17:18:12.194+0000] {dag.py:3947} INFO - Setting next_dagrun for pipeline_orchestrate to 2025-09-25 17:17:00+00:00, run_after=2025-09-25 17:18:00+00:00
[2025-09-25T17:18:12.255+0000] {processor.py:183} INFO - Processing /opt/airflow/dags/orchestrate.py took 0.311 seconds
[2025-09-25T17:18:42.400+0000] {processor.py:161} INFO - Started process (PID=328) to work on /opt/airflow/dags/orchestrate.py
[2025-09-25T17:18:42.415+0000] {processor.py:830} INFO - Processing file /opt/airflow/dags/orchestrate.py for tasks to queue
[2025-09-25T17:18:42.423+0000] {logging_mixin.py:188} INFO - [2025-09-25T17:18:42.422+0000] {dagbag.py:545} INFO - Filling up the DagBag from /opt/airflow/dags/orchestrate.py
[2025-09-25T17:18:42.453+0000] {processor.py:840} INFO - DAG(s) 'pipeline_orchestrate' retrieved from /opt/airflow/dags/orchestrate.py
[2025-09-25T17:18:42.542+0000] {logging_mixin.py:188} INFO - [2025-09-25T17:18:42.542+0000] {dag.py:3089} INFO - Sync 1 DAGs
[2025-09-25T17:18:42.607+0000] {logging_mixin.py:188} INFO - [2025-09-25T17:18:42.607+0000] {dag.py:3947} INFO - Setting next_dagrun for pipeline_orchestrate to 2025-09-25 17:17:00+00:00, run_after=2025-09-25 17:18:00+00:00
[2025-09-25T17:18:42.666+0000] {processor.py:183} INFO - Processing /opt/airflow/dags/orchestrate.py took 0.283 seconds
[2025-09-25T17:19:12.922+0000] {processor.py:161} INFO - Started process (PID=333) to work on /opt/airflow/dags/orchestrate.py
[2025-09-25T17:19:12.937+0000] {processor.py:830} INFO - Processing file /opt/airflow/dags/orchestrate.py for tasks to queue
[2025-09-25T17:19:12.947+0000] {logging_mixin.py:188} INFO - [2025-09-25T17:19:12.945+0000] {dagbag.py:545} INFO - Filling up the DagBag from /opt/airflow/dags/orchestrate.py
[2025-09-25T17:19:12.986+0000] {processor.py:840} INFO - DAG(s) 'pipeline_orchestrate' retrieved from /opt/airflow/dags/orchestrate.py
[2025-09-25T17:19:13.089+0000] {logging_mixin.py:188} INFO - [2025-09-25T17:19:13.088+0000] {dag.py:3089} INFO - Sync 1 DAGs
[2025-09-25T17:19:13.156+0000] {logging_mixin.py:188} INFO - [2025-09-25T17:19:13.156+0000] {dag.py:3947} INFO - Setting next_dagrun for pipeline_orchestrate to 2025-09-25 17:18:00+00:00, run_after=2025-09-25 17:19:00+00:00
[2025-09-25T17:19:13.226+0000] {processor.py:183} INFO - Processing /opt/airflow/dags/orchestrate.py took 0.321 seconds
[2025-09-25T17:19:43.580+0000] {processor.py:161} INFO - Started process (PID=338) to work on /opt/airflow/dags/orchestrate.py
[2025-09-25T17:19:43.595+0000] {processor.py:830} INFO - Processing file /opt/airflow/dags/orchestrate.py for tasks to queue
[2025-09-25T17:19:43.602+0000] {logging_mixin.py:188} INFO - [2025-09-25T17:19:43.601+0000] {dagbag.py:545} INFO - Filling up the DagBag from /opt/airflow/dags/orchestrate.py
[2025-09-25T17:19:43.642+0000] {processor.py:840} INFO - DAG(s) 'pipeline_orchestrate' retrieved from /opt/airflow/dags/orchestrate.py
[2025-09-25T17:19:43.741+0000] {logging_mixin.py:188} INFO - [2025-09-25T17:19:43.741+0000] {dag.py:3089} INFO - Sync 1 DAGs
[2025-09-25T17:19:43.802+0000] {logging_mixin.py:188} INFO - [2025-09-25T17:19:43.802+0000] {dag.py:3947} INFO - Setting next_dagrun for pipeline_orchestrate to 2025-09-25 17:18:00+00:00, run_after=2025-09-25 17:19:00+00:00
[2025-09-25T17:19:43.861+0000] {processor.py:183} INFO - Processing /opt/airflow/dags/orchestrate.py took 0.300 seconds
[2025-09-25T17:20:14.266+0000] {processor.py:161} INFO - Started process (PID=343) to work on /opt/airflow/dags/orchestrate.py
[2025-09-25T17:20:14.282+0000] {processor.py:830} INFO - Processing file /opt/airflow/dags/orchestrate.py for tasks to queue
[2025-09-25T17:20:14.290+0000] {logging_mixin.py:188} INFO - [2025-09-25T17:20:14.289+0000] {dagbag.py:545} INFO - Filling up the DagBag from /opt/airflow/dags/orchestrate.py
[2025-09-25T17:20:14.320+0000] {processor.py:840} INFO - DAG(s) 'pipeline_orchestrate' retrieved from /opt/airflow/dags/orchestrate.py
[2025-09-25T17:20:14.418+0000] {logging_mixin.py:188} INFO - [2025-09-25T17:20:14.418+0000] {dag.py:3089} INFO - Sync 1 DAGs
[2025-09-25T17:20:14.484+0000] {logging_mixin.py:188} INFO - [2025-09-25T17:20:14.484+0000] {dag.py:3947} INFO - Setting next_dagrun for pipeline_orchestrate to 2025-09-25 17:19:00+00:00, run_after=2025-09-25 17:20:00+00:00
[2025-09-25T17:20:14.560+0000] {processor.py:183} INFO - Processing /opt/airflow/dags/orchestrate.py took 0.313 seconds
[2025-09-25T17:20:44.966+0000] {processor.py:161} INFO - Started process (PID=348) to work on /opt/airflow/dags/orchestrate.py
[2025-09-25T17:20:44.975+0000] {processor.py:830} INFO - Processing file /opt/airflow/dags/orchestrate.py for tasks to queue
[2025-09-25T17:20:44.983+0000] {logging_mixin.py:188} INFO - [2025-09-25T17:20:44.982+0000] {dagbag.py:545} INFO - Filling up the DagBag from /opt/airflow/dags/orchestrate.py
[2025-09-25T17:20:45.019+0000] {processor.py:840} INFO - DAG(s) 'pipeline_orchestrate' retrieved from /opt/airflow/dags/orchestrate.py
[2025-09-25T17:20:45.131+0000] {logging_mixin.py:188} INFO - [2025-09-25T17:20:45.130+0000] {dag.py:3089} INFO - Sync 1 DAGs
[2025-09-25T17:20:45.195+0000] {logging_mixin.py:188} INFO - [2025-09-25T17:20:45.194+0000] {dag.py:3947} INFO - Setting next_dagrun for pipeline_orchestrate to 2025-09-25 17:19:00+00:00, run_after=2025-09-25 17:20:00+00:00
[2025-09-25T17:20:45.266+0000] {processor.py:183} INFO - Processing /opt/airflow/dags/orchestrate.py took 0.317 seconds
[2025-09-25T17:21:15.622+0000] {processor.py:161} INFO - Started process (PID=353) to work on /opt/airflow/dags/orchestrate.py
[2025-09-25T17:21:15.638+0000] {processor.py:830} INFO - Processing file /opt/airflow/dags/orchestrate.py for tasks to queue
[2025-09-25T17:21:15.646+0000] {logging_mixin.py:188} INFO - [2025-09-25T17:21:15.644+0000] {dagbag.py:545} INFO - Filling up the DagBag from /opt/airflow/dags/orchestrate.py
[2025-09-25T17:21:15.676+0000] {processor.py:840} INFO - DAG(s) 'pipeline_orchestrate' retrieved from /opt/airflow/dags/orchestrate.py
[2025-09-25T17:21:15.781+0000] {logging_mixin.py:188} INFO - [2025-09-25T17:21:15.780+0000] {dag.py:3089} INFO - Sync 1 DAGs
[2025-09-25T17:21:15.852+0000] {logging_mixin.py:188} INFO - [2025-09-25T17:21:15.851+0000] {dag.py:3947} INFO - Setting next_dagrun for pipeline_orchestrate to 2025-09-25 17:20:00+00:00, run_after=2025-09-25 17:21:00+00:00
[2025-09-25T17:21:15.926+0000] {processor.py:183} INFO - Processing /opt/airflow/dags/orchestrate.py took 0.322 seconds
[2025-09-25T17:21:46.283+0000] {processor.py:161} INFO - Started process (PID=358) to work on /opt/airflow/dags/orchestrate.py
[2025-09-25T17:21:46.299+0000] {processor.py:830} INFO - Processing file /opt/airflow/dags/orchestrate.py for tasks to queue
[2025-09-25T17:21:46.306+0000] {logging_mixin.py:188} INFO - [2025-09-25T17:21:46.305+0000] {dagbag.py:545} INFO - Filling up the DagBag from /opt/airflow/dags/orchestrate.py
[2025-09-25T17:21:46.334+0000] {processor.py:840} INFO - DAG(s) 'pipeline_orchestrate' retrieved from /opt/airflow/dags/orchestrate.py
[2025-09-25T17:21:46.447+0000] {logging_mixin.py:188} INFO - [2025-09-25T17:21:46.446+0000] {dag.py:3089} INFO - Sync 1 DAGs
[2025-09-25T17:21:46.529+0000] {logging_mixin.py:188} INFO - [2025-09-25T17:21:46.529+0000] {dag.py:3947} INFO - Setting next_dagrun for pipeline_orchestrate to 2025-09-25 17:20:00+00:00, run_after=2025-09-25 17:21:00+00:00
[2025-09-25T17:21:46.594+0000] {processor.py:183} INFO - Processing /opt/airflow/dags/orchestrate.py took 0.332 seconds
[2025-09-25T17:22:16.973+0000] {processor.py:161} INFO - Started process (PID=363) to work on /opt/airflow/dags/orchestrate.py
[2025-09-25T17:22:16.977+0000] {processor.py:830} INFO - Processing file /opt/airflow/dags/orchestrate.py for tasks to queue
[2025-09-25T17:22:16.984+0000] {logging_mixin.py:188} INFO - [2025-09-25T17:22:16.982+0000] {dagbag.py:545} INFO - Filling up the DagBag from /opt/airflow/dags/orchestrate.py
[2025-09-25T17:22:17.015+0000] {processor.py:840} INFO - DAG(s) 'pipeline_orchestrate' retrieved from /opt/airflow/dags/orchestrate.py
[2025-09-25T17:22:17.115+0000] {logging_mixin.py:188} INFO - [2025-09-25T17:22:17.114+0000] {dag.py:3089} INFO - Sync 1 DAGs
[2025-09-25T17:22:17.185+0000] {logging_mixin.py:188} INFO - [2025-09-25T17:22:17.184+0000] {dag.py:3947} INFO - Setting next_dagrun for pipeline_orchestrate to 2025-09-25 17:21:00+00:00, run_after=2025-09-25 17:22:00+00:00
[2025-09-25T17:22:17.245+0000] {processor.py:183} INFO - Processing /opt/airflow/dags/orchestrate.py took 0.292 seconds
[2025-09-25T17:22:47.687+0000] {processor.py:161} INFO - Started process (PID=368) to work on /opt/airflow/dags/orchestrate.py
[2025-09-25T17:22:47.691+0000] {processor.py:830} INFO - Processing file /opt/airflow/dags/orchestrate.py for tasks to queue
[2025-09-25T17:22:47.697+0000] {logging_mixin.py:188} INFO - [2025-09-25T17:22:47.696+0000] {dagbag.py:545} INFO - Filling up the DagBag from /opt/airflow/dags/orchestrate.py
[2025-09-25T17:22:47.727+0000] {processor.py:840} INFO - DAG(s) 'pipeline_orchestrate' retrieved from /opt/airflow/dags/orchestrate.py
[2025-09-25T17:22:47.825+0000] {logging_mixin.py:188} INFO - [2025-09-25T17:22:47.824+0000] {dag.py:3089} INFO - Sync 1 DAGs
[2025-09-25T17:22:47.890+0000] {logging_mixin.py:188} INFO - [2025-09-25T17:22:47.890+0000] {dag.py:3947} INFO - Setting next_dagrun for pipeline_orchestrate to 2025-09-25 17:21:00+00:00, run_after=2025-09-25 17:22:00+00:00
[2025-09-25T17:22:47.963+0000] {processor.py:183} INFO - Processing /opt/airflow/dags/orchestrate.py took 0.296 seconds
[2025-09-25T17:23:18.326+0000] {processor.py:161} INFO - Started process (PID=373) to work on /opt/airflow/dags/orchestrate.py
[2025-09-25T17:23:18.339+0000] {processor.py:830} INFO - Processing file /opt/airflow/dags/orchestrate.py for tasks to queue
[2025-09-25T17:23:18.346+0000] {logging_mixin.py:188} INFO - [2025-09-25T17:23:18.345+0000] {dagbag.py:545} INFO - Filling up the DagBag from /opt/airflow/dags/orchestrate.py
[2025-09-25T17:23:18.376+0000] {processor.py:840} INFO - DAG(s) 'pipeline_orchestrate' retrieved from /opt/airflow/dags/orchestrate.py
[2025-09-25T17:23:18.478+0000] {logging_mixin.py:188} INFO - [2025-09-25T17:23:18.477+0000] {dag.py:3089} INFO - Sync 1 DAGs
[2025-09-25T17:23:18.543+0000] {logging_mixin.py:188} INFO - [2025-09-25T17:23:18.543+0000] {dag.py:3947} INFO - Setting next_dagrun for pipeline_orchestrate to 2025-09-25 17:22:00+00:00, run_after=2025-09-25 17:23:00+00:00
[2025-09-25T17:23:18.617+0000] {processor.py:183} INFO - Processing /opt/airflow/dags/orchestrate.py took 0.316 seconds
[2025-09-25T17:23:48.991+0000] {processor.py:161} INFO - Started process (PID=378) to work on /opt/airflow/dags/orchestrate.py
[2025-09-25T17:23:48.995+0000] {processor.py:830} INFO - Processing file /opt/airflow/dags/orchestrate.py for tasks to queue
[2025-09-25T17:23:49.001+0000] {logging_mixin.py:188} INFO - [2025-09-25T17:23:49.000+0000] {dagbag.py:545} INFO - Filling up the DagBag from /opt/airflow/dags/orchestrate.py
[2025-09-25T17:23:49.030+0000] {processor.py:840} INFO - DAG(s) 'pipeline_orchestrate' retrieved from /opt/airflow/dags/orchestrate.py
[2025-09-25T17:23:49.125+0000] {logging_mixin.py:188} INFO - [2025-09-25T17:23:49.125+0000] {dag.py:3089} INFO - Sync 1 DAGs
[2025-09-25T17:23:49.190+0000] {logging_mixin.py:188} INFO - [2025-09-25T17:23:49.189+0000] {dag.py:3947} INFO - Setting next_dagrun for pipeline_orchestrate to 2025-09-25 17:22:00+00:00, run_after=2025-09-25 17:23:00+00:00
[2025-09-25T17:23:49.262+0000] {processor.py:183} INFO - Processing /opt/airflow/dags/orchestrate.py took 0.289 seconds
[2025-09-25T17:24:19.615+0000] {processor.py:161} INFO - Started process (PID=383) to work on /opt/airflow/dags/orchestrate.py
[2025-09-25T17:24:19.619+0000] {processor.py:830} INFO - Processing file /opt/airflow/dags/orchestrate.py for tasks to queue
[2025-09-25T17:24:19.625+0000] {logging_mixin.py:188} INFO - [2025-09-25T17:24:19.624+0000] {dagbag.py:545} INFO - Filling up the DagBag from /opt/airflow/dags/orchestrate.py
[2025-09-25T17:24:19.657+0000] {processor.py:840} INFO - DAG(s) 'pipeline_orchestrate' retrieved from /opt/airflow/dags/orchestrate.py
[2025-09-25T17:24:19.756+0000] {logging_mixin.py:188} INFO - [2025-09-25T17:24:19.755+0000] {dag.py:3089} INFO - Sync 1 DAGs
[2025-09-25T17:24:19.822+0000] {logging_mixin.py:188} INFO - [2025-09-25T17:24:19.822+0000] {dag.py:3947} INFO - Setting next_dagrun for pipeline_orchestrate to 2025-09-25 17:23:00+00:00, run_after=2025-09-25 17:24:00+00:00
[2025-09-25T17:24:19.894+0000] {processor.py:183} INFO - Processing /opt/airflow/dags/orchestrate.py took 0.296 seconds
[2025-09-25T17:24:50.296+0000] {processor.py:161} INFO - Started process (PID=388) to work on /opt/airflow/dags/orchestrate.py
[2025-09-25T17:24:50.300+0000] {processor.py:830} INFO - Processing file /opt/airflow/dags/orchestrate.py for tasks to queue
[2025-09-25T17:24:50.305+0000] {logging_mixin.py:188} INFO - [2025-09-25T17:24:50.304+0000] {dagbag.py:545} INFO - Filling up the DagBag from /opt/airflow/dags/orchestrate.py
[2025-09-25T17:24:50.334+0000] {processor.py:840} INFO - DAG(s) 'pipeline_orchestrate' retrieved from /opt/airflow/dags/orchestrate.py
[2025-09-25T17:24:50.434+0000] {logging_mixin.py:188} INFO - [2025-09-25T17:24:50.434+0000] {dag.py:3089} INFO - Sync 1 DAGs
[2025-09-25T17:24:50.515+0000] {logging_mixin.py:188} INFO - [2025-09-25T17:24:50.514+0000] {dag.py:3947} INFO - Setting next_dagrun for pipeline_orchestrate to 2025-09-25 17:23:00+00:00, run_after=2025-09-25 17:24:00+00:00
[2025-09-25T17:24:50.597+0000] {processor.py:183} INFO - Processing /opt/airflow/dags/orchestrate.py took 0.317 seconds
[2025-09-25T17:25:20.982+0000] {processor.py:161} INFO - Started process (PID=393) to work on /opt/airflow/dags/orchestrate.py
[2025-09-25T17:25:20.986+0000] {processor.py:830} INFO - Processing file /opt/airflow/dags/orchestrate.py for tasks to queue
[2025-09-25T17:25:20.993+0000] {logging_mixin.py:188} INFO - [2025-09-25T17:25:20.992+0000] {dagbag.py:545} INFO - Filling up the DagBag from /opt/airflow/dags/orchestrate.py
[2025-09-25T17:25:21.027+0000] {processor.py:840} INFO - DAG(s) 'pipeline_orchestrate' retrieved from /opt/airflow/dags/orchestrate.py
[2025-09-25T17:25:21.236+0000] {logging_mixin.py:188} INFO - [2025-09-25T17:25:21.235+0000] {dag.py:3089} INFO - Sync 1 DAGs
[2025-09-25T17:25:21.301+0000] {logging_mixin.py:188} INFO - [2025-09-25T17:25:21.301+0000] {dag.py:3947} INFO - Setting next_dagrun for pipeline_orchestrate to 2025-09-25 17:24:00+00:00, run_after=2025-09-25 17:25:00+00:00
[2025-09-25T17:25:21.373+0000] {processor.py:183} INFO - Processing /opt/airflow/dags/orchestrate.py took 0.312 seconds
[2025-09-25T17:25:51.748+0000] {processor.py:161} INFO - Started process (PID=398) to work on /opt/airflow/dags/orchestrate.py
[2025-09-25T17:25:51.763+0000] {processor.py:830} INFO - Processing file /opt/airflow/dags/orchestrate.py for tasks to queue
[2025-09-25T17:25:51.769+0000] {logging_mixin.py:188} INFO - [2025-09-25T17:25:51.767+0000] {dagbag.py:545} INFO - Filling up the DagBag from /opt/airflow/dags/orchestrate.py
[2025-09-25T17:25:51.796+0000] {processor.py:840} INFO - DAG(s) 'pipeline_orchestrate' retrieved from /opt/airflow/dags/orchestrate.py
[2025-09-25T17:25:51.895+0000] {logging_mixin.py:188} INFO - [2025-09-25T17:25:51.895+0000] {dag.py:3089} INFO - Sync 1 DAGs
[2025-09-25T17:25:51.959+0000] {logging_mixin.py:188} INFO - [2025-09-25T17:25:51.959+0000] {dag.py:3947} INFO - Setting next_dagrun for pipeline_orchestrate to 2025-09-25 17:24:00+00:00, run_after=2025-09-25 17:25:00+00:00
[2025-09-25T17:25:52.037+0000] {processor.py:183} INFO - Processing /opt/airflow/dags/orchestrate.py took 0.308 seconds
[2025-09-25T17:26:22.417+0000] {processor.py:161} INFO - Started process (PID=403) to work on /opt/airflow/dags/orchestrate.py
[2025-09-25T17:26:22.428+0000] {processor.py:830} INFO - Processing file /opt/airflow/dags/orchestrate.py for tasks to queue
[2025-09-25T17:26:22.434+0000] {logging_mixin.py:188} INFO - [2025-09-25T17:26:22.433+0000] {dagbag.py:545} INFO - Filling up the DagBag from /opt/airflow/dags/orchestrate.py
[2025-09-25T17:26:22.466+0000] {processor.py:840} INFO - DAG(s) 'pipeline_orchestrate' retrieved from /opt/airflow/dags/orchestrate.py
[2025-09-25T17:26:22.569+0000] {logging_mixin.py:188} INFO - [2025-09-25T17:26:22.569+0000] {dag.py:3089} INFO - Sync 1 DAGs
[2025-09-25T17:26:22.635+0000] {logging_mixin.py:188} INFO - [2025-09-25T17:26:22.635+0000] {dag.py:3947} INFO - Setting next_dagrun for pipeline_orchestrate to 2025-09-25 17:25:00+00:00, run_after=2025-09-25 17:26:00+00:00
[2025-09-25T17:26:22.709+0000] {processor.py:183} INFO - Processing /opt/airflow/dags/orchestrate.py took 0.313 seconds
[2025-09-25T17:26:53.134+0000] {processor.py:161} INFO - Started process (PID=408) to work on /opt/airflow/dags/orchestrate.py
[2025-09-25T17:26:53.139+0000] {processor.py:830} INFO - Processing file /opt/airflow/dags/orchestrate.py for tasks to queue
[2025-09-25T17:26:53.154+0000] {logging_mixin.py:188} INFO - [2025-09-25T17:26:53.153+0000] {dagbag.py:545} INFO - Filling up the DagBag from /opt/airflow/dags/orchestrate.py
[2025-09-25T17:26:53.177+0000] {processor.py:840} INFO - DAG(s) 'pipeline_orchestrate' retrieved from /opt/airflow/dags/orchestrate.py
[2025-09-25T17:26:53.272+0000] {logging_mixin.py:188} INFO - [2025-09-25T17:26:53.271+0000] {dag.py:3089} INFO - Sync 1 DAGs
[2025-09-25T17:26:53.338+0000] {logging_mixin.py:188} INFO - [2025-09-25T17:26:53.337+0000] {dag.py:3947} INFO - Setting next_dagrun for pipeline_orchestrate to 2025-09-25 17:25:00+00:00, run_after=2025-09-25 17:26:00+00:00
[2025-09-25T17:26:53.406+0000] {processor.py:183} INFO - Processing /opt/airflow/dags/orchestrate.py took 0.336 seconds
[2025-09-25T17:42:21.070+0000] {processor.py:161} INFO - Started process (PID=413) to work on /opt/airflow/dags/orchestrate.py
[2025-09-25T17:42:21.076+0000] {processor.py:830} INFO - Processing file /opt/airflow/dags/orchestrate.py for tasks to queue
[2025-09-25T17:42:21.139+0000] {logging_mixin.py:188} INFO - [2025-09-25T17:42:21.138+0000] {dagbag.py:545} INFO - Filling up the DagBag from /opt/airflow/dags/orchestrate.py
[2025-09-25T17:42:21.194+0000] {processor.py:840} INFO - DAG(s) 'pipeline_orchestrate' retrieved from /opt/airflow/dags/orchestrate.py
[2025-09-25T17:42:21.566+0000] {logging_mixin.py:188} INFO - [2025-09-25T17:42:21.565+0000] {dag.py:3089} INFO - Sync 1 DAGs
[2025-09-25T17:42:21.779+0000] {logging_mixin.py:188} INFO - [2025-09-25T17:42:21.778+0000] {dag.py:3947} INFO - Setting next_dagrun for pipeline_orchestrate to 2025-09-25 17:41:00+00:00, run_after=2025-09-25 17:42:00+00:00
[2025-09-25T17:42:21.931+0000] {processor.py:183} INFO - Processing /opt/airflow/dags/orchestrate.py took 0.998 seconds
