[2025-09-28T16:08:30.738+0000] {local_task_job_runner.py:120} INFO - ::group::Pre task execution logs
[2025-09-28T16:08:30.926+0000] {taskinstance.py:2076} INFO - Dependencies all met for dep_context=non-requeueable deps ti=<TaskInstance: pipeline_orchestrate.load_data_from_S3 scheduled__2025-09-28T16:06:00+00:00 [queued]>
[2025-09-28T16:08:30.959+0000] {taskinstance.py:2076} INFO - Dependencies all met for dep_context=requeueable deps ti=<TaskInstance: pipeline_orchestrate.load_data_from_S3 scheduled__2025-09-28T16:06:00+00:00 [queued]>
[2025-09-28T16:08:30.960+0000] {taskinstance.py:2306} INFO - Starting attempt 1 of 2
[2025-09-28T16:08:31.016+0000] {taskinstance.py:2330} INFO - Executing <Task(PythonOperator): load_data_from_S3> on 2025-09-28 16:06:00+00:00
[2025-09-28T16:08:31.067+0000] {logging_mixin.py:188} WARNING - /home/***/.local/lib/python3.12/site-packages/***/task/task_runner/standard_task_runner.py:62 DeprecationWarning: This process (pid=735) is multi-threaded, use of fork() may lead to deadlocks in the child.
[2025-09-28T16:08:31.097+0000] {standard_task_runner.py:64} INFO - Started process 741 to run task
[2025-09-28T16:08:31.183+0000] {standard_task_runner.py:90} INFO - Running: ['***', 'tasks', 'run', 'pipeline_orchestrate', 'load_data_from_S3', 'scheduled__2025-09-28T16:06:00+00:00', '--job-id', '4', '--raw', '--subdir', 'DAGS_FOLDER/orchestrate.py', '--cfg-path', '/tmp/tmp006ghmp0']
[2025-09-28T16:08:31.236+0000] {standard_task_runner.py:91} INFO - Job 4: Subtask load_data_from_S3
[2025-09-28T16:08:32.125+0000] {task_command.py:426} INFO - Running <TaskInstance: pipeline_orchestrate.load_data_from_S3 scheduled__2025-09-28T16:06:00+00:00 [running]> on host 8376eba0b3a2
[2025-09-28T16:08:32.985+0000] {taskinstance.py:2648} INFO - Exporting env vars: AIRFLOW_CTX_DAG_OWNER='***' AIRFLOW_CTX_DAG_ID='pipeline_orchestrate' AIRFLOW_CTX_TASK_ID='load_data_from_S3' AIRFLOW_CTX_EXECUTION_DATE='2025-09-28T16:06:00+00:00' AIRFLOW_CTX_TRY_NUMBER='1' AIRFLOW_CTX_DAG_RUN_ID='scheduled__2025-09-28T16:06:00+00:00'
[2025-09-28T16:08:33.009+0000] {taskinstance.py:430} INFO - ::endgroup::
[2025-09-28T16:08:38.094+0000] {taskinstance.py:441} INFO - ::group::Post task execution logs
[2025-09-28T16:08:38.096+0000] {taskinstance.py:2905} ERROR - Task failed with exception
Traceback (most recent call last):
  File "/home/airflow/.local/lib/python3.12/site-packages/airflow/models/taskinstance.py", line 465, in _execute_task
    result = _execute_callable(context=context, **execute_callable_kwargs)
             ^^^^^^^^^^^^^^^^^^^^^^^^^^^^^^^^^^^^^^^^^^^^^^^^^^^^^^^^^^^^^
  File "/home/airflow/.local/lib/python3.12/site-packages/airflow/models/taskinstance.py", line 432, in _execute_callable
    return execute_callable(context=context, **execute_callable_kwargs)
           ^^^^^^^^^^^^^^^^^^^^^^^^^^^^^^^^^^^^^^^^^^^^^^^^^^^^^^^^^^^^
  File "/home/airflow/.local/lib/python3.12/site-packages/airflow/models/baseoperator.py", line 401, in wrapper
    return func(self, *args, **kwargs)
           ^^^^^^^^^^^^^^^^^^^^^^^^^^^
  File "/home/airflow/.local/lib/python3.12/site-packages/airflow/operators/python.py", line 235, in execute
    return_value = self.execute_callable()
                   ^^^^^^^^^^^^^^^^^^^^^^^
  File "/home/airflow/.local/lib/python3.12/site-packages/airflow/operators/python.py", line 252, in execute_callable
    return self.python_callable(*self.op_args, **self.op_kwargs)
           ^^^^^^^^^^^^^^^^^^^^^^^^^^^^^^^^^^^^^^^^^^^^^^^^^^^^^
  File "/opt/airflow/dags/orchestrate.py", line 14, in pull_rawfile
    s3.download_file(bucket_name,file_path_s3,local_file)
  File "/home/airflow/.local/lib/python3.12/site-packages/boto3/s3/inject.py", line 192, in download_file
    return transfer.download_file(
           ^^^^^^^^^^^^^^^^^^^^^^^
  File "/home/airflow/.local/lib/python3.12/site-packages/boto3/s3/transfer.py", line 406, in download_file
    future.result()
  File "/home/airflow/.local/lib/python3.12/site-packages/s3transfer/futures.py", line 103, in result
    return self._coordinator.result()
           ^^^^^^^^^^^^^^^^^^^^^^^^^^
  File "/home/airflow/.local/lib/python3.12/site-packages/s3transfer/futures.py", line 266, in result
    raise self._exception
  File "/home/airflow/.local/lib/python3.12/site-packages/s3transfer/tasks.py", line 139, in __call__
    return self._execute_main(kwargs)
           ^^^^^^^^^^^^^^^^^^^^^^^^^^
  File "/home/airflow/.local/lib/python3.12/site-packages/s3transfer/tasks.py", line 162, in _execute_main
    return_value = self._main(**kwargs)
                   ^^^^^^^^^^^^^^^^^^^^
  File "/home/airflow/.local/lib/python3.12/site-packages/s3transfer/download.py", line 642, in _main
    fileobj.seek(offset)
  File "/home/airflow/.local/lib/python3.12/site-packages/s3transfer/utils.py", line 387, in seek
    self._open_if_needed()
  File "/home/airflow/.local/lib/python3.12/site-packages/s3transfer/utils.py", line 370, in _open_if_needed
    self._fileobj = self._open_function(self._filename, self._mode)
                    ^^^^^^^^^^^^^^^^^^^^^^^^^^^^^^^^^^^^^^^^^^^^^^^
  File "/home/airflow/.local/lib/python3.12/site-packages/s3transfer/utils.py", line 281, in open
    return open(filename, mode)
           ^^^^^^^^^^^^^^^^^^^^
FileNotFoundError: [Errno 2] No such file or directory: '/home/dprdcl/archive/crm_db.csv.75A13637'
[2025-09-28T16:08:38.223+0000] {taskinstance.py:1206} INFO - Marking task as UP_FOR_RETRY. dag_id=pipeline_orchestrate, task_id=load_data_from_S3, run_id=scheduled__2025-09-28T16:06:00+00:00, execution_date=20250928T160600, start_date=20250928T160830, end_date=20250928T160838
[2025-09-28T16:08:38.312+0000] {standard_task_runner.py:110} ERROR - Failed to execute job 4 for task load_data_from_S3 ([Errno 2] No such file or directory: '/home/dprdcl/archive/crm_db.csv.75A13637'; 741)
[2025-09-28T16:08:38.399+0000] {local_task_job_runner.py:243} INFO - Task exited with return code 1
[2025-09-28T16:08:38.480+0000] {taskinstance.py:3503} INFO - 0 downstream tasks scheduled from follow-on schedule check
[2025-09-28T16:08:38.487+0000] {local_task_job_runner.py:222} INFO - ::endgroup::
