[2025-10-01T16:41:38.197+0000] {local_task_job_runner.py:120} INFO - ::group::Pre task execution logs
[2025-10-01T16:41:38.264+0000] {taskinstance.py:2076} INFO - Dependencies all met for dep_context=non-requeueable deps ti=<TaskInstance: pipeline_orchestrate.T_in_ELT manual__2025-10-01T16:41:23.026811+00:00 [queued]>
[2025-10-01T16:41:38.279+0000] {taskinstance.py:2076} INFO - Dependencies all met for dep_context=requeueable deps ti=<TaskInstance: pipeline_orchestrate.T_in_ELT manual__2025-10-01T16:41:23.026811+00:00 [queued]>
[2025-10-01T16:41:38.280+0000] {taskinstance.py:2306} INFO - Starting attempt 1 of 2
[2025-10-01T16:41:38.310+0000] {taskinstance.py:2330} INFO - Executing <Task(DockerOperator): T_in_ELT> on 2025-10-01 16:41:23.026811+00:00
[2025-10-01T16:41:38.333+0000] {standard_task_runner.py:90} INFO - Running: ['***', 'tasks', 'run', 'pipeline_orchestrate', 'T_in_ELT', 'manual__2025-10-01T16:41:23.026811+00:00', '--job-id', '120', '--raw', '--subdir', 'DAGS_FOLDER/orchestrate.py', '--cfg-path', '/tmp/tmprh9hsigy']
[2025-10-01T16:41:38.340+0000] {standard_task_runner.py:91} INFO - Job 120: Subtask T_in_ELT
[2025-10-01T16:41:38.340+0000] {logging_mixin.py:188} WARNING - /home/***/.local/lib/python3.12/site-packages/***/task/task_runner/standard_task_runner.py:62 DeprecationWarning: This process (pid=373) is multi-threaded, use of fork() may lead to deadlocks in the child.
[2025-10-01T16:41:38.341+0000] {standard_task_runner.py:64} INFO - Started process 375 to run task
[2025-10-01T16:41:38.461+0000] {task_command.py:426} INFO - Running <TaskInstance: pipeline_orchestrate.T_in_ELT manual__2025-10-01T16:41:23.026811+00:00 [running]> on host 4dc03bc859db
[2025-10-01T16:41:37.534+0000] {taskinstance.py:2648} INFO - Exporting env vars: AIRFLOW_CTX_DAG_OWNER='***' AIRFLOW_CTX_DAG_ID='pipeline_orchestrate' AIRFLOW_CTX_TASK_ID='T_in_ELT' AIRFLOW_CTX_EXECUTION_DATE='2025-10-01T16:41:23.026811+00:00' AIRFLOW_CTX_TRY_NUMBER='1' AIRFLOW_CTX_DAG_RUN_ID='manual__2025-10-01T16:41:23.026811+00:00'
[2025-10-01T16:41:37.536+0000] {taskinstance.py:430} INFO - ::endgroup::
[2025-10-01T16:41:37.247+0000] {docker.py:367} INFO - Starting docker container from image ghcr.io/dbt-labs/dbt-postgres:1.9.latest
[2025-10-01T16:41:43.316+0000] {docker.py:438} INFO - [0m16:41:43  Running with dbt=1.9.0
[2025-10-01T16:41:44.053+0000] {docker.py:438} INFO - [0m16:41:44  Registered adapter: postgres=1.9.0
[2025-10-01T16:41:45.111+0000] {docker.py:438} INFO - [0m16:41:45  Found 2 models, 4 data tests, 1 source, 429 macros
[2025-10-01T16:41:45.116+0000] {docker.py:438} INFO - [0m16:41:45
[2025-10-01T16:41:45.117+0000] {docker.py:438} INFO - [0m16:41:45  Concurrency: 4 threads (target='dev')
[2025-10-01T16:41:45.118+0000] {docker.py:438} INFO - [0m16:41:45
[2025-10-01T16:41:45.536+0000] {docker.py:438} INFO - [0m16:41:45  1 of 2 START sql table model analytics.silver_layer ............................ [RUN]
[2025-10-01T16:41:45.897+0000] {docker.py:438} INFO - [0m16:41:45  1 of 2 OK created sql table model analytics.silver_layer ....................... [[32mSELECT 18490[0m in 0.35s]
[2025-10-01T16:41:45.902+0000] {docker.py:438} INFO - [0m16:41:45  2 of 2 START sql table model analytics.gold_layer .............................. [RUN]
[2025-10-01T16:41:46.103+0000] {docker.py:438} INFO - [0m16:41:46  2 of 2 OK created sql table model analytics.gold_layer ......................... [[32mSELECT 13912[0m in 0.20s]
[2025-10-01T16:41:46.136+0000] {docker.py:438} INFO - [0m16:41:46
[2025-10-01T16:41:46.137+0000] {docker.py:438} INFO - [0m16:41:46  Finished running 2 table models in 0 hours 0 minutes and 1.02 seconds (1.02s).
[2025-10-01T16:41:46.222+0000] {docker.py:438} INFO - [0m16:41:46
[2025-10-01T16:41:46.223+0000] {docker.py:438} INFO - [0m16:41:46  [32mCompleted successfully[0m
[2025-10-01T16:41:46.224+0000] {docker.py:438} INFO - [0m16:41:46
[2025-10-01T16:41:46.225+0000] {docker.py:438} INFO - [0m16:41:46  Done. PASS=2 WARN=0 ERROR=0 SKIP=0 TOTAL=2
[2025-10-01T16:41:48.920+0000] {taskinstance.py:441} INFO - ::group::Post task execution logs
[2025-10-01T16:41:49.009+0000] {taskinstance.py:1206} INFO - Marking task as SUCCESS. dag_id=pipeline_orchestrate, task_id=T_in_ELT, run_id=manual__2025-10-01T16:41:23.026811+00:00, execution_date=20251001T164123, start_date=20251001T164138, end_date=20251001T164149
[2025-10-01T16:41:49.085+0000] {local_task_job_runner.py:243} INFO - Task exited with return code 0
[2025-10-01T16:41:49.129+0000] {taskinstance.py:3503} INFO - 1 downstream tasks scheduled from follow-on schedule check
[2025-10-01T16:41:49.146+0000] {local_task_job_runner.py:222} INFO - ::endgroup::
