[2025-09-29T17:05:28.967+0000] {local_task_job_runner.py:120} INFO - ::group::Pre task execution logs
[2025-09-29T17:05:29.194+0000] {taskinstance.py:2076} INFO - Dependencies all met for dep_context=non-requeueable deps ti=<TaskInstance: pipeline_orchestrate.EL_in_ELT scheduled__2025-09-29T15:00:00+00:00 [queued]>
[2025-09-29T17:05:29.228+0000] {taskinstance.py:2076} INFO - Dependencies all met for dep_context=requeueable deps ti=<TaskInstance: pipeline_orchestrate.EL_in_ELT scheduled__2025-09-29T15:00:00+00:00 [queued]>
[2025-09-29T17:05:29.230+0000] {taskinstance.py:2306} INFO - Starting attempt 2 of 2
[2025-09-29T17:05:29.278+0000] {taskinstance.py:2330} INFO - Executing <Task(PythonOperator): EL_in_ELT> on 2025-09-29 15:00:00+00:00
[2025-09-29T17:05:29.346+0000] {standard_task_runner.py:90} INFO - Running: ['***', 'tasks', 'run', 'pipeline_orchestrate', 'EL_in_ELT', 'scheduled__2025-09-29T15:00:00+00:00', '--job-id', '26', '--raw', '--subdir', 'DAGS_FOLDER/orchestrate.py', '--cfg-path', '/tmp/tmp9q6sissb']
[2025-09-29T17:05:29.364+0000] {logging_mixin.py:188} WARNING - /home/***/.local/lib/python3.12/site-packages/***/task/task_runner/standard_task_runner.py:62 DeprecationWarning: This process (pid=5227) is multi-threaded, use of fork() may lead to deadlocks in the child.
[2025-09-29T17:05:29.377+0000] {standard_task_runner.py:91} INFO - Job 26: Subtask EL_in_ELT
[2025-09-29T17:05:29.377+0000] {standard_task_runner.py:64} INFO - Started process 5317 to run task
[2025-09-29T17:05:29.836+0000] {task_command.py:426} INFO - Running <TaskInstance: pipeline_orchestrate.EL_in_ELT scheduled__2025-09-29T15:00:00+00:00 [running]> on host a64a23cddfe4
[2025-09-29T17:05:30.282+0000] {taskinstance.py:2648} INFO - Exporting env vars: AIRFLOW_CTX_DAG_OWNER='***' AIRFLOW_CTX_DAG_ID='pipeline_orchestrate' AIRFLOW_CTX_TASK_ID='EL_in_ELT' AIRFLOW_CTX_EXECUTION_DATE='2025-09-29T15:00:00+00:00' AIRFLOW_CTX_TRY_NUMBER='2' AIRFLOW_CTX_DAG_RUN_ID='scheduled__2025-09-29T15:00:00+00:00'
[2025-09-29T17:05:30.299+0000] {taskinstance.py:430} INFO - ::endgroup::
[2025-09-29T17:05:30.306+0000] {taskinstance.py:441} INFO - ::group::Post task execution logs
[2025-09-29T17:05:30.308+0000] {taskinstance.py:2905} ERROR - Task failed with exception
Traceback (most recent call last):
  File "/home/airflow/.local/lib/python3.12/site-packages/airflow/models/taskinstance.py", line 465, in _execute_task
    result = _execute_callable(context=context, **execute_callable_kwargs)
             ^^^^^^^^^^^^^^^^^^^^^^^^^^^^^^^^^^^^^^^^^^^^^^^^^^^^^^^^^^^^^
  File "/home/airflow/.local/lib/python3.12/site-packages/airflow/models/taskinstance.py", line 432, in _execute_callable
    return execute_callable(context=context, **execute_callable_kwargs)
           ^^^^^^^^^^^^^^^^^^^^^^^^^^^^^^^^^^^^^^^^^^^^^^^^^^^^^^^^^^^^
  File "/home/airflow/.local/lib/python3.12/site-packages/airflow/models/baseoperator.py", line 401, in wrapper
    return func(self, *args, **kwargs)
           ^^^^^^^^^^^^^^^^^^^^^^^^^^^
  File "/home/airflow/.local/lib/python3.12/site-packages/airflow/operators/python.py", line 235, in execute
    return_value = self.execute_callable()
                   ^^^^^^^^^^^^^^^^^^^^^^^
  File "/home/airflow/.local/lib/python3.12/site-packages/airflow/operators/python.py", line 252, in execute_callable
    return self.python_callable(*self.op_args, **self.op_kwargs)
           ^^^^^^^^^^^^^^^^^^^^^^^^^^^^^^^^^^^^^^^^^^^^^^^^^^^^^
  File "/opt/airflow/dags/orchestrate.py", line 10, in s3_to_db
    df= pd.read_csv("s3:///dprdclbucket/csv/cust_info.csv", storage_options)
        ^^^^^^^^^^^^^^^^^^^^^^^^^^^^^^^^^^^^^^^^^^^^^^^^^^^^^^^^^^^^^^^^^^^^
TypeError: read_csv() takes 1 positional argument but 2 were given
[2025-09-29T17:05:30.371+0000] {taskinstance.py:1206} INFO - Marking task as FAILED. dag_id=pipeline_orchestrate, task_id=EL_in_ELT, run_id=scheduled__2025-09-29T15:00:00+00:00, execution_date=20250929T150000, start_date=20250929T170529, end_date=20250929T170530
[2025-09-29T17:05:30.409+0000] {standard_task_runner.py:110} ERROR - Failed to execute job 26 for task EL_in_ELT (read_csv() takes 1 positional argument but 2 were given; 5317)
[2025-09-29T17:05:30.477+0000] {local_task_job_runner.py:243} INFO - Task exited with return code 1
[2025-09-29T17:05:30.536+0000] {taskinstance.py:3503} INFO - 0 downstream tasks scheduled from follow-on schedule check
[2025-09-29T17:05:30.544+0000] {local_task_job_runner.py:222} INFO - ::endgroup::
